Archive member included because of file (symbol)

c:/programs/codesourcery/2011.03-56/bin/../lib/gcc/arm-none-eabi/4.6.3/../../../../arm-none-eabi/lib/thumb2\libc.a(lib_a-memset.o)
                              build/obj/syscalls.o (memset)

Discarded input sections

 .text          0x00000000        0x0 build/obj/crt0.o
 .data          0x00000000        0x0 build/obj/crt0.o
 .bss           0x00000000        0x0 build/obj/crt0.o
 .text.__early_init
                0x00000000       0x10 build/obj/crt0.o
 .text          0x00000000        0x0 build/obj/vectors.o
 .data          0x00000000        0x0 build/obj/vectors.o
 .bss           0x00000000        0x0 build/obj/vectors.o
 .text          0x00000000        0x0 build/obj/chcore.o
 .data          0x00000000        0x0 build/obj/chcore.o
 .bss           0x00000000        0x0 build/obj/chcore.o
 .text          0x00000000        0x0 build/obj/chcore_v7m.o
 .data          0x00000000        0x0 build/obj/chcore_v7m.o
 .bss           0x00000000        0x0 build/obj/chcore_v7m.o
 .text          0x00000000        0x0 build/obj/nvic.o
 .data          0x00000000        0x0 build/obj/nvic.o
 .bss           0x00000000        0x0 build/obj/nvic.o
 .text.nvicDisableVector
                0x00000000       0x80 build/obj/nvic.o
 .text          0x00000000        0x0 build/obj/chsys.o
 .data          0x00000000        0x0 build/obj/chsys.o
 .bss           0x00000000        0x0 build/obj/chsys.o
 .text          0x00000000        0x0 build/obj/chdebug.o
 .data          0x00000000        0x0 build/obj/chdebug.o
 .bss           0x00000000        0x0 build/obj/chdebug.o
 .text.dbg_check_disable
                0x00000000       0x30 build/obj/chdebug.o
 .text.dbg_check_suspend
                0x00000000       0x30 build/obj/chdebug.o
 .text          0x00000000        0x0 build/obj/chlists.o
 .data          0x00000000        0x0 build/obj/chlists.o
 .bss           0x00000000        0x0 build/obj/chlists.o
 .debug_info    0x00000000       0x73 build/obj/chlists.o
 .debug_abbrev  0x00000000       0x2a build/obj/chlists.o
 .debug_line    0x00000000       0x1d build/obj/chlists.o
 .debug_str     0x00000000       0xec build/obj/chlists.o
 .comment       0x00000000       0x31 build/obj/chlists.o
 .ARM.attributes
                0x00000000       0x33 build/obj/chlists.o
 .text          0x00000000        0x0 build/obj/chvt.o
 .data          0x00000000        0x0 build/obj/chvt.o
 .bss           0x00000000        0x0 build/obj/chvt.o
 .text.chTimeIsWithin
                0x00000000       0x60 build/obj/chvt.o
 .text          0x00000000        0x0 build/obj/chschd.o
 .data          0x00000000        0x0 build/obj/chschd.o
 .bss           0x00000000        0x0 build/obj/chschd.o
 .text.chSchRescheduleS
                0x00000000       0x30 build/obj/chschd.o
 .text          0x00000000        0x0 build/obj/chthreads.o
 .data          0x00000000        0x0 build/obj/chthreads.o
 .bss           0x00000000        0x0 build/obj/chthreads.o
 .text.list_insert
                0x00000000       0x20 build/obj/chthreads.o
 .text.chThdSetPriority
                0x00000000       0xa0 build/obj/chthreads.o
 .text.chThdResume
                0x00000000       0x50 build/obj/chthreads.o
 .text.chThdTerminate
                0x00000000       0x40 build/obj/chthreads.o
 .text.chThdSleepUntil
                0x00000000       0x50 build/obj/chthreads.o
 .text.chThdYield
                0x00000000       0x40 build/obj/chthreads.o
 .text.chThdWait
                0x00000000       0x90 build/obj/chthreads.o
 .text          0x00000000        0x0 build/obj/chdynamic.o
 .data          0x00000000        0x0 build/obj/chdynamic.o
 .bss           0x00000000        0x0 build/obj/chdynamic.o
 .debug_info    0x00000000       0x73 build/obj/chdynamic.o
 .debug_abbrev  0x00000000       0x2a build/obj/chdynamic.o
 .debug_line    0x00000000       0x1d build/obj/chdynamic.o
 .debug_str     0x00000000       0xee build/obj/chdynamic.o
 .comment       0x00000000       0x31 build/obj/chdynamic.o
 .ARM.attributes
                0x00000000       0x33 build/obj/chdynamic.o
 .text          0x00000000        0x0 build/obj/chregistry.o
 .data          0x00000000        0x0 build/obj/chregistry.o
 .bss           0x00000000        0x0 build/obj/chregistry.o
 .text.chRegFirstThread
                0x00000000       0x30 build/obj/chregistry.o
 .text.chRegNextThread
                0x00000000       0x40 build/obj/chregistry.o
 .debug_info    0x00000000      0x508 build/obj/chregistry.o
 .debug_abbrev  0x00000000      0x125 build/obj/chregistry.o
 .debug_loc     0x00000000       0x58 build/obj/chregistry.o
 .debug_aranges
                0x00000000       0x28 build/obj/chregistry.o
 .debug_ranges  0x00000000       0x18 build/obj/chregistry.o
 .debug_line    0x00000000      0x185 build/obj/chregistry.o
[...]
Memory Configuration

Name             Origin             Length             Attributes
flash            0x08000000         0x00010000
ram              0x20000000         0x00005000
*default*        0x00000000         0xffffffff

Linker script and memory map

LOAD build/obj/crt0.o
LOAD build/obj/vectors.o
LOAD build/obj/chcore.o
LOAD build/obj/chcore_v7m.o
LOAD build/obj/nvic.o
LOAD build/obj/chsys.o
LOAD build/obj/chdebug.o
LOAD build/obj/chlists.o
LOAD build/obj/chvt.o
LOAD build/obj/chschd.o
LOAD build/obj/chthreads.o
LOAD build/obj/chdynamic.o
LOAD build/obj/chregistry.o
LOAD build/obj/chsem.o
LOAD build/obj/chmtx.o
LOAD build/obj/chcond.o
LOAD build/obj/chevents.o
LOAD build/obj/chmsg.o
LOAD build/obj/chmboxes.o
LOAD build/obj/chqueues.o
LOAD build/obj/chmemcore.o
LOAD build/obj/chheap.o
LOAD build/obj/chmempools.o
LOAD build/obj/test.o
LOAD build/obj/testthd.o
LOAD build/obj/testsem.o
LOAD build/obj/testmtx.o
LOAD build/obj/testmsg.o
LOAD build/obj/testmbox.o
LOAD build/obj/testevt.o
LOAD build/obj/testheap.o
LOAD build/obj/testpools.o
LOAD build/obj/testdyn.o
LOAD build/obj/testqueues.o
LOAD build/obj/testbmk.o
LOAD build/obj/hal.o
LOAD build/obj/adc.o
LOAD build/obj/can.o
LOAD build/obj/ext.o
LOAD build/obj/gpt.o
LOAD build/obj/i2c.o
LOAD build/obj/icu.o
LOAD build/obj/mac.o
LOAD build/obj/pal.o
LOAD build/obj/pwm.o
LOAD build/obj/sdc.o
LOAD build/obj/serial.o
LOAD build/obj/spi.o
LOAD build/obj/uart.o
LOAD build/obj/usb.o
LOAD build/obj/tm.o
LOAD build/obj/mmc_spi.o
LOAD build/obj/serial_usb.o
LOAD build/obj/rtc.o
LOAD build/obj/stm32_dma.o
LOAD build/obj/hal_lld.o
LOAD build/obj/adc_lld.o
LOAD build/obj/can_lld.o
LOAD build/obj/ext_lld.o
LOAD build/obj/gpt_lld.o
LOAD build/obj/i2c_lld.o
LOAD build/obj/icu_lld.o
LOAD build/obj/mac_lld.o
LOAD build/obj/pwm_lld.o
LOAD build/obj/serial_lld.o
LOAD build/obj/sdc_lld.o
LOAD build/obj/spi_lld.o
LOAD build/obj/uart_lld.o
LOAD build/obj/pal_lld.o
LOAD build/obj/usb_lld.o
LOAD build/obj/rtc_lld.o
LOAD build/obj/board.o
LOAD build/obj/evtimer.o
LOAD build/obj/syscalls.o
LOAD build/obj/iwdg.o
LOAD build/obj/iwdg_lld.o
LOAD build/obj/main.o
LOAD build/obj/cpu_io.o
LOAD build/obj/led_ctrl.o
LOAD build/obj/dfu_ctrl.o
LOAD build/obj/misc.o
LOAD build/obj/stm32f10x_flash.o
START GROUP
LOAD c:/programs/codesourcery/2011.03-56/bin/../lib/gcc/arm-none-eabi/4.6.3/thumb2\libgcc.a
LOAD c:/programs/codesourcery/2011.03-56/bin/../lib/gcc/arm-none-eabi/4.6.3/../../../../arm-none-eabi/lib/thumb2\libc.a
END GROUP
                0x00000400                __main_stack_size__ = 0x400
                0x00000400                __process_stack_size__ = 0x400
                0x20000000                __ram_start__ = ORIGIN (ram)
                0x00005000                __ram_size__ = 0x5000
                0x20005000                __ram_end__ = (__ram_start__ + __ram_size__)
                0x00000000                . = 0x0
                0x00000000                _text = .

startup         0x08000000       0xec
 *(vectors)
 vectors        0x08000000       0xec build/obj/vectors.o
                0x08000000                _vectors

constructors    0x080000ec        0x0
                0x080000ec                PROVIDE (__init_array_start, .)
 *(SORT(.init_array.*))
 *(.init_array)
                0x080000ec                PROVIDE (__init_array_end, .)

destructors     0x080000ec        0x0
                0x080000ec                PROVIDE (__fini_array_start, .)
 *(.fini_array)
 *(SORT(.fini_array.*))
                0x080000ec                PROVIDE (__fini_array_end, .)

.text           0x080000f0     0x34dc
 *(.text.startup.*)
 *(.text)
 *(.text.*)
 .text.__late_init
                0x080000f0       0x10 build/obj/crt0.o
                0x080000f0                __late_init
 .text._default_exit
                0x08000100       0x10 build/obj/crt0.o
                0x08000100                _default_exit
 .text.ResetHandler
                0x08000110       0xf0 build/obj/crt0.o
                0x08000110                ResetHandler
 .text._unhandled_exception
                0x08000200       0x10 build/obj/vectors.o
                0x08000200                Vector58
                0x08000200                VectorE8
                0x08000200                Vector9C
                0x08000200                VectorAC
                0x08000200                Vector5C
                0x08000200                NMIVector
                0x08000200                Vector8C
                0x08000200                VectorDC
                0x08000200                VectorC8
                0x08000200                Vector94
                0x08000200                VectorA8
                0x08000200                VectorB4
                0x08000200                Vector74
                0x08000200                UsageFaultVector
                0x08000200                DebugMonitorVector
                0x08000200                Vector40
                0x08000200                VectorBC
                0x08000200                PendSVVector
                0x08000200                Vector64
                0x08000200                VectorCC
                0x08000200                Vector54
                0x08000200                Vector98
                0x08000200                VectorD8
                0x08000200                Vector24
                0x08000200                Vector84
                0x08000200                BusFaultVector
                0x08000200                VectorD0
                0x08000200                VectorE4
                0x08000200                VectorC0
                0x08000200                HardFaultVector
                0x08000200                VectorE0
                0x08000200                MemManageVector
                0x08000200                Vector6C
                0x08000200                VectorA0
                0x08000200                VectorC4
                0x08000200                Vector7C
                0x08000200                VectorB0
                0x08000200                Vector90
                0x08000200                Vector60
                0x08000200                Vector1C
                0x08000200                Vector48
                0x08000200                Vector70
                0x08000200                Vector4C
                0x08000200                Vector80
                0x08000200                Vector68
                0x08000200                Vector78
                0x08000200                _unhandled_exception
                0x08000200                Vector88
                0x08000200                Vector50
                0x08000200                Vector44
                0x08000200                Vector28
                0x08000200                VectorB8
                0x08000200                Vector34
                0x08000200                VectorA4
                0x08000200                Vector20
 .text.port_halt
                0x08000210       0x10 build/obj/chcore.o
                0x08000210                port_halt
 .text.SysTickVector
                0x08000220       0x30 build/obj/chcore_v7m.o
                0x08000220                SysTickVector
 .text.SVCallVector
                0x08000250       0x30 build/obj/chcore_v7m.o
                0x08000250                SVCallVector
 .text._port_init
                0x08000280       0x50 build/obj/chcore_v7m.o
                0x08000280                _port_init
 .text._port_irq_epilogue
                0x080002d0       0xc0 build/obj/chcore_v7m.o
                0x080002d0                _port_irq_epilogue
 .text._port_switch_from_isr
                0x08000390       0x10 build/obj/chcore_v7m.o
                0x08000390                _port_switch_from_isr
 .text._port_switch
                0x080003a0       0x20 build/obj/chcore_v7m.o
                0x080003a0                _port_switch
 .text._port_thread_start
                0x080003c0       0x20 build/obj/chcore_v7m.o
                0x080003c0                _port_thread_start
 .text.nvicEnableVector
                0x080003e0       0xb0 build/obj/nvic.o
                0x080003e0                nvicEnableVector
 .text.nvicSetSystemHandlerPriority
                0x08000490       0x60 build/obj/nvic.o
                0x08000490                nvicSetSystemHandlerPriority
 .text._idle_thread
                0x080004f0       0x20 build/obj/chsys.o
                0x080004f0                _idle_thread
 .text.chSysInit
                0x08000510       0xb0 build/obj/chsys.o
                0x08000510                chSysInit
 .text.chSysTimerHandlerI
                0x080005c0       0xd0 build/obj/chsys.o
                0x080005c0                chSysTimerHandlerI
 .text.dbg_check_enable
                0x08000690       0x30 build/obj/chdebug.o
                0x08000690                dbg_check_enable
 .text.dbg_check_lock
                0x080006c0       0x40 build/obj/chdebug.o
                0x080006c0                dbg_check_lock
 .text.dbg_check_unlock
                0x08000700       0x40 build/obj/chdebug.o
                0x08000700                dbg_check_unlock
 .text.dbg_check_lock_from_isr
                0x08000740       0x40 build/obj/chdebug.o
                0x08000740                dbg_check_lock_from_isr
 .text.dbg_check_unlock_from_isr
                0x08000780       0x40 build/obj/chdebug.o
                0x08000780                dbg_check_unlock_from_isr
 .text.dbg_check_enter_isr
                0x080007c0       0x60 build/obj/chdebug.o
                0x080007c0                dbg_check_enter_isr
 .text.dbg_check_leave_isr
                0x08000820       0x60 build/obj/chdebug.o
                0x08000820                dbg_check_leave_isr
 .text.chDbgCheckClassI
                0x08000880       0x30 build/obj/chdebug.o
                0x08000880                chDbgCheckClassI
 .text.chDbgCheckClassS
                0x080008b0       0x30 build/obj/chdebug.o
                0x080008b0                chDbgCheckClassS
 .text._trace_init
                0x080008e0       0x20 build/obj/chdebug.o
                0x080008e0                _trace_init
 .text.dbg_trace
                0x08000900       0xa0 build/obj/chdebug.o
                0x08000900                dbg_trace
 .text.chDbgPanic
                0x080009a0       0x20 build/obj/chdebug.o
                0x080009a0                chDbgPanic
 .text._vt_init
                0x080009c0       0x50 build/obj/chvt.o
                0x080009c0                _vt_init
 .text.chVTSetI
                0x08000a10       0xb0 build/obj/chvt.o
                0x08000a10                chVTSetI
 .text.chVTResetI
                0x08000ac0       0x80 build/obj/chvt.o
                0x08000ac0                chVTResetI
 .text.fifo_remove
                0x08000b40       0x30 build/obj/chschd.o
 .text.dequeue  0x08000b70       0x20 build/obj/chschd.o
 .text._scheduler_init
                0x08000b90       0x70 build/obj/chschd.o
                0x08000b90                _scheduler_init
 .text.chSchReadyI
                0x08000c00       0x80 build/obj/chschd.o
                0x08000c00                chSchReadyI
 .text.chSchGoSleepS
                0x08000c80       0xa0 build/obj/chschd.o
                0x08000c80                chSchGoSleepS
 .text.wakeup   0x08000d20       0x80 build/obj/chschd.o
 .text.chSchGoSleepTimeoutS
                0x08000da0       0x70 build/obj/chschd.o
                0x08000da0                chSchGoSleepTimeoutS
 .text.chSchWakeupS
                0x08000e10       0x90 build/obj/chschd.o
                0x08000e10                chSchWakeupS
 .text.chSchDoReschedule
                0x08000ea0       0x90 build/obj/chschd.o
                0x08000ea0                chSchDoReschedule
 .text.list_remove
                0x08000f30       0x20 build/obj/chthreads.o
 .text._thread_init
                0x08000f50       0xb0 build/obj/chthreads.o
                0x08000f50                _thread_init
 .text._thread_memfill
                0x08001000       0x30 build/obj/chthreads.o
                0x08001000                _thread_memfill
 .text.chThdCreateI
                0x08001030       0x80 build/obj/chthreads.o
                0x08001030                chThdCreateI
 .text.chThdCreateStatic
                0x080010b0       0x80 build/obj/chthreads.o
                0x080010b0                chThdCreateStatic
 .text.chThdSleep
                0x08001130       0x40 build/obj/chthreads.o
                0x08001130                chThdSleep
 .text.chThdExit
                0x08001170       0x20 build/obj/chthreads.o
                0x08001170                chThdExit
 .text.chThdExitS
                0x08001190       0x80 build/obj/chthreads.o
                0x08001190                chThdExitS
 .text.prio_insert
                0x08001210       0x50 build/obj/chmtx.o
 .text.fifo_remove
                0x08001260       0x30 build/obj/chmtx.o
 .text.dequeue  0x08001290       0x20 build/obj/chmtx.o
 .text.chMtxInit
                0x080012b0       0x40 build/obj/chmtx.o
                0x080012b0                chMtxInit
 .text.chMtxLock
                0x080012f0       0x30 build/obj/chmtx.o
                0x080012f0                chMtxLock
 .text.chMtxLockS
                0x08001320      0x110 build/obj/chmtx.o
                0x08001320                chMtxLockS
 .text.chMtxUnlock
                0x08001430       0xf0 build/obj/chmtx.o
                0x08001430                chMtxUnlock
 .text.chEvtSignalFlagsI
                0x08001520       0x70 build/obj/chevents.o
                0x08001520                chEvtSignalFlagsI
 .text.chEvtBroadcastFlagsI
                0x08001590       0x50 build/obj/chevents.o
                0x08001590                chEvtBroadcastFlagsI
 .text.queue_insert
                0x080015e0       0x30 build/obj/chqueues.o
 .text.fifo_remove
                0x08001610       0x30 build/obj/chqueues.o
 .text.qwait    0x08001640       0x50 build/obj/chqueues.o
 .text.chIQInit
                0x08001690       0x50 build/obj/chqueues.o
                0x08001690                chIQInit
 .text.chIQPutI
                0x080016e0       0x90 build/obj/chqueues.o
                0x080016e0                chIQPutI
 .text.chIQGetTimeout
                0x08001770       0xa0 build/obj/chqueues.o
                0x08001770                chIQGetTimeout
 .text.chIQReadTimeout
                0x08001810       0xe0 build/obj/chqueues.o
                0x08001810                chIQReadTimeout
 .text.chOQInit
                0x080018f0       0x50 build/obj/chqueues.o
                0x080018f0                chOQInit
 .text.chOQPutTimeout
                0x08001940       0xa0 build/obj/chqueues.o
                0x08001940                chOQPutTimeout
 .text.chOQGetI
                0x080019e0       0x90 build/obj/chqueues.o
                0x080019e0                chOQGetI
 .text.chOQWriteTimeout
                0x08001a70       0xe0 build/obj/chqueues.o
                0x08001a70                chOQWriteTimeout
 .text._core_init
                0x08001b50       0x40 build/obj/chmemcore.o
                0x08001b50                _core_init
 .text.halInit  0x08001b90       0x20 build/obj/hal.o
                0x08001b90                halInit
 .text.writes   0x08001bb0       0x30 build/obj/serial.o
 .text.reads    0x08001be0       0x30 build/obj/serial.o
 .text.putwouldblock
                0x08001c10       0x20 build/obj/serial.o
 .text.getwouldblock
                0x08001c30       0x20 build/obj/serial.o
 .text.putt     0x08001c50       0x30 build/obj/serial.o
 .text.gett     0x08001c80       0x20 build/obj/serial.o
 .text.writet   0x08001ca0       0x30 build/obj/serial.o
 .text.readt    0x08001cd0       0x30 build/obj/serial.o
 .text.getflags
                0x08001d00       0x40 build/obj/serial.o
 .text.sdInit   0x08001d40       0x10 build/obj/serial.o
                0x08001d40                sdInit
 .text.sdObjectInit
                0x08001d50       0x70 build/obj/serial.o
                0x08001d50                sdObjectInit
 .text.sdStart  0x08001dc0       0x70 build/obj/serial.o
                0x08001dc0                sdStart
 .text.sdIncomingDataI
                0x08001e30       0x80 build/obj/serial.o
                0x08001e30                sdIncomingDataI
 .text.hal_lld_backup_domain_init
                0x08001eb0       0x90 build/obj/hal_lld.o
 .text.hal_lld_init
                0x08001f40       0xf0 build/obj/hal_lld.o
                0x08001f40                hal_lld_init
 .text.stm32_clock_init
                0x08002030      0x130 build/obj/hal_lld.o
                0x08002030                stm32_clock_init
 .text.usart_init
                0x08002160       0x90 build/obj/serial_lld.o
 .text.set_error
                0x080021f0       0xa0 build/obj/serial_lld.o
 .text.serve_interrupt
                0x08002290      0x1b0 build/obj/serial_lld.o
 .text.notify1  0x08002440       0x30 build/obj/serial_lld.o
 .text.VectorD4
                0x08002470       0x20 build/obj/serial_lld.o
                0x08002470                VectorD4
 .text.sd_lld_init
                0x08002490       0x30 build/obj/serial_lld.o
                0x08002490                sd_lld_init
 .text.sd_lld_start
                0x080024c0       0x60 build/obj/serial_lld.o
                0x080024c0                sd_lld_start
 .text._pal_lld_init
                0x08002520      0x100 build/obj/pal_lld.o
                0x08002520                _pal_lld_init
 .text._pal_lld_setgroupmode
                0x08002620       0xe0 build/obj/pal_lld.o
                0x08002620                _pal_lld_setgroupmode
 .text.__early_init
                0x08002700       0x10 build/obj/board.o
                0x08002700                __early_init
 .text.boardInit
                0x08002710       0x10 build/obj/board.o
                0x08002710                boardInit
 .text.main     0x08002720       0x30 build/obj/main.o
                0x08002720                main
 .text.initCpuIo
                0x08002750       0x70 build/obj/cpu_io.o
                0x08002750                initCpuIo
 .text.processCpuIo
                0x080027c0      0x120 build/obj/cpu_io.o
                0x080027c0                processCpuIo
 .text.process_command
                0x080028e0       0x70 build/obj/cpu_io.o
 .text.exec_func
                0x08002950       0x50 build/obj/cpu_io.o
 .text.hardware_version
                0x080029a0       0x50 build/obj/cpu_io.o
 .text.firmware_version
                0x080029f0       0x60 build/obj/cpu_io.o
 .text.set_led  0x08002a50       0x20 build/obj/cpu_io.o
 .text.dfu_push
                0x08002a70       0x20 build/obj/cpu_io.o
 .text.dfu_write_sector
                0x08002a90       0x40 build/obj/cpu_io.o
 .text.dfu_run_firmware
                0x08002ad0       0x10 build/obj/cpu_io.o
 .text.writeResult
                0x08002ae0       0x40 build/obj/cpu_io.o
 .text.writeEom
                0x08002b20       0x20 build/obj/cpu_io.o
 .text.ledsThread
                0x08002b40       0xc0 build/obj/led_ctrl.o
 .text.initLed  0x08002c00       0x80 build/obj/led_ctrl.o
                0x08002c00                initLed
 .text.setLeds  0x08002c80       0x30 build/obj/led_ctrl.o
                0x08002c80                setLeds
 .text.initDfu  0x08002cb0       0x30 build/obj/dfu_ctrl.o
                0x08002cb0                initDfu
 .text.dfuPushBytes
                0x08002ce0       0x90 build/obj/dfu_ctrl.o
                0x08002ce0                dfuPushBytes
 .text.dfuWriteSector
                0x08002d70      0x120 build/obj/dfu_ctrl.o
                0x08002d70                dfuWriteSector
 .text.dfuStartFirmware
                0x08002e90       0x10 build/obj/dfu_ctrl.o
                0x08002e90                dfuStartFirmware
 .text.startFirmwareI
                0x08002ea0       0x50 build/obj/dfu_ctrl.o
 .text.turnCountdownOff
                0x08002ef0       0x20 build/obj/dfu_ctrl.o
                0x08002ef0                turnCountdownOff
 .text.FLASH_Unlock
                0x08002f10       0x30 build/obj/stm32f10x_flash.o
                0x08002f10                FLASH_Unlock
 .text.FLASH_Lock
                0x08002f40       0x20 build/obj/stm32f10x_flash.o
                0x08002f40                FLASH_Lock
 .text.FLASH_ErasePage
                0x08002f60       0xa0 build/obj/stm32f10x_flash.o
                0x08002f60                FLASH_ErasePage
 .text.FLASH_ProgramWord
                0x08003000       0xd0 build/obj/stm32f10x_flash.o
                0x08003000                FLASH_ProgramWord
 .text.FLASH_GetBank1Status
                0x080030d0       0x80 build/obj/stm32f10x_flash.o
                0x080030d0                FLASH_GetBank1Status
 .text.FLASH_WaitForLastOperation
                0x08003150       0x60 build/obj/stm32f10x_flash.o
                0x08003150                FLASH_WaitForLastOperation
 *(.rodata)
 .rodata        0x080031b0       0x10 build/obj/chsys.o
 .rodata        0x080031c0       0x58 build/obj/chdebug.o
 *fill*         0x08003218        0x8 00
 .rodata        0x08003220       0x34 build/obj/chvt.o
 *fill*         0x08003254        0xc 00
 .rodata        0x08003260       0x24 build/obj/chschd.o
 *fill*         0x08003284        0xc 00
 .rodata        0x08003290       0x84 build/obj/chthreads.o
 *fill*         0x08003314        0xc 00
 .rodata        0x08003320       0xac build/obj/chmtx.o
 *fill*         0x080033cc        0x4 00
 .rodata        0x080033d0       0x90 build/obj/chevents.o
 .rodata        0x08003460       0x2c build/obj/chqueues.o
 *fill*         0x0800348c        0x4 00
 .rodata        0x08003490       0x60 build/obj/serial.o
 .rodata        0x080034f0       0x24 build/obj/cpu_io.o
 *fill*         0x08003514        0xc 00
 .rodata        0x08003520        0x4 build/obj/led_ctrl.o
 *(.rodata.*)
 *fill*         0x08003524        0xc 00
 .rodata.vmt    0x08003530       0x24 build/obj/serial.o
 *fill*         0x08003554        0xc 00
 .rodata.default_config
                0x08003560        0xc build/obj/serial_lld.o
 *fill*         0x0800356c        0x4 00
 .rodata.cfgtab.5749
                0x08003570       0x14 build/obj/pal_lld.o
 *fill*         0x08003584        0xc 00
 .rodata.pal_default_config
                0x08003590       0x3c build/obj/board.o
                0x08003590                pal_default_config
 *(.glue_7t)
 .glue_7t       0x00000000        0x0 linker stubs
 *(.glue_7)
 .glue_7        0x00000000        0x0 linker stubs
 *(.gcc*)

.vfp11_veneer   0x080035cc        0x0
 .vfp11_veneer  0x00000000        0x0 linker stubs

.v4_bx          0x080035cc        0x0
 .v4_bx         0x00000000        0x0 linker stubs

.iplt           0x080035cc        0x0
 .iplt          0x00000000        0x0 build/obj/crt0.o

.rel.dyn        0x080035cc        0x0
 .rel.iplt      0x00000000        0x0 build/obj/crt0.o

.ARM.extab
 *(.ARM.extab* .gnu.linkonce.armextab.*)

.ARM.exidx      0x080035cc        0x0
                0x080035cc                PROVIDE (__exidx_start, .)
 *(.ARM.exidx* .gnu.linkonce.armexidx.*)
                0x080035cc                PROVIDE (__exidx_end, .)

.eh_frame_hdr
 *(.eh_frame_hdr)

.eh_frame
 *(.eh_frame)

.textalign      0x080035cc        0x4
                0x080035d0                . = ALIGN (0x8)
 *fill*         0x080035cc        0x4 00
                0x080035d0                . = ALIGN (0x4)
                0x080035d0                _etext = .
                0x080035d0                _textdata = _etext

.stacks         0x20000000      0x800
                0x20000000                . = ALIGN (0x8)
                0x20000000                __main_stack_base__ = .
                0x20000400                . = (. + __main_stack_size__)
 *fill*         0x20000000      0x400 00
                0x20000400                . = ALIGN (0x8)
                0x20000400                __main_stack_end__ = .
                0x20000400                __process_stack_base__ = .
                0x20000400                __main_thread_stack_base__ = .
                0x20000800                . = (. + __process_stack_size__)
 *fill*         0x20000400      0x400 00
                0x20000800                . = ALIGN (0x8)
                0x20000800                __process_stack_end__ = .
                0x20000800                __main_thread_stack_end__ = .

.data           0x20000800       0x18 load address 0x080035d0
                0x20000800                . = ALIGN (0x4)
                0x20000800                PROVIDE (_data, .)
 *(.data)
                0x20000800                . = ALIGN (0x4)
 *(.data.*)
 .data.funcs    0x20000800       0x18 build/obj/cpu_io.o
                0x20000818                . = ALIGN (0x4)
 *(.ramtext)
                0x20000818                . = ALIGN (0x4)
                0x20000818                PROVIDE (_edata, .)

.igot.plt       0x20000818        0x0 load address 0x080035e8
 .igot.plt      0x00000000        0x0 build/obj/crt0.o

.bss            0x20000818      0xfc0 load address 0x080035e8
                0x20000818                . = ALIGN (0x4)
                0x20000818                PROVIDE (_bss_start, .)
 *(.bss)
                0x20000818                . = ALIGN (0x4)
 *(.bss.*)
 .bss._idle_thread_wa
                0x20000818       0xc0 build/obj/chsys.o
                0x20000818                _idle_thread_wa
 .bss.mainthread.4651
                0x200008d8       0x48 build/obj/chsys.o
 .bss.dbg_isr_cnt
                0x20000920        0x4 build/obj/chdebug.o
                0x20000920                dbg_isr_cnt
 .bss.dbg_lock_cnt
                0x20000924        0x4 build/obj/chdebug.o
                0x20000924                dbg_lock_cnt
 .bss.dbg_trace_buffer
                0x20000928      0x408 build/obj/chdebug.o
                0x20000928                dbg_trace_buffer
 .bss.dbg_panic_msg
                0x20000d30        0x4 build/obj/chdebug.o
                0x20000d30                dbg_panic_msg
 .bss.vtlist    0x20000d34       0x10 build/obj/chvt.o
                0x20000d34                vtlist
 .bss.rlist     0x20000d44       0x20 build/obj/chschd.o
                0x20000d44                rlist
 .bss.nextmem   0x20000d64        0x4 build/obj/chmemcore.o
 .bss.endmem    0x20000d68        0x4 build/obj/chmemcore.o
 .bss.SD1       0x20000d6c      0x454 build/obj/serial_lld.o
                0x20000d6c                SD1
 .bss.buffer    0x200011c0       0x20 build/obj/cpu_io.o
 .bss.args      0x200011e0       0x20 build/obj/cpu_io.o
 .bss.slash.6121
                0x20001200        0x1 build/obj/cpu_io.o
 *fill*         0x20001201        0x3 00
 .bss.out_index.6122
                0x20001204        0x4 build/obj/cpu_io.o
 .bss.mutex     0x20001208       0x10 build/obj/led_ctrl.o
 .bss.value     0x20001218        0x4 build/obj/led_ctrl.o
 *fill*         0x2000121c        0x4 00
 .bss.waLeds    0x20001220      0x1b0 build/obj/led_ctrl.o
 .bss.arg.5785  0x200013d0        0x4 build/obj/led_ctrl.o
 .bss.sector    0x200013d4      0x400 build/obj/dfu_ctrl.o
 .bss.byteIndex
                0x200017d4        0x4 build/obj/dfu_ctrl.o
                0x200017d8                . = ALIGN (0x4)
 *(COMMON)
                0x200017d8                . = ALIGN (0x4)
                0x200017d8                PROVIDE (_bss_end, .)
                0x200017d8                PROVIDE (end, .)
                0x200017d8                _end = .
                0x200017d8                __heap_base__ = _end
                0x20005000                __heap_end__ = __ram_end__
OUTPUT(build/digitizer.elf elf32-littlearm)

.debug_info     0x00000000     0x9805
 .debug_info    0x00000000      0x2a3 build/obj/crt0.o
 .debug_info    0x000002a3       0xb5 build/obj/vectors.o
 .debug_info    0x00000358       0x8b build/obj/chcore.o
 .debug_info    0x000003e3      0x7d9 build/obj/chcore_v7m.o
 .debug_info    0x00000bbc      0x431 build/obj/nvic.o
 .debug_info    0x00000fed      0x628 build/obj/chsys.o
 .debug_info    0x00001615      0x7c5 build/obj/chdebug.o
 .debug_info    0x00001dda      0x26b build/obj/chvt.o
 .debug_info    0x00002045      0x73a build/obj/chschd.o
 .debug_info    0x0000277f      0xa66 build/obj/chthreads.o
 .debug_info    0x000031e5      0x803 build/obj/chmtx.o
 .debug_info    0x000039e8      0xbd8 build/obj/chevents.o
 .debug_info    0x000045c0      0xa4f build/obj/chqueues.o
 .debug_info    0x0000500f      0x1d4 build/obj/chmemcore.o
 .debug_info    0x000051e3      0x295 build/obj/hal.o
 .debug_info    0x00005478      0xdaf build/obj/serial.o
 .debug_info    0x00006227      0x39a build/obj/hal_lld.o
 .debug_info    0x000065c1      0xdb8 build/obj/serial_lld.o
 .debug_info    0x00007379      0x386 build/obj/pal_lld.o
 .debug_info    0x000076ff      0x178 build/obj/board.o
 .debug_info    0x00007877       0xae build/obj/main.o
 .debug_info    0x00007925      0xcc4 build/obj/cpu_io.o
 .debug_info    0x000085e9      0x620 build/obj/led_ctrl.o
 .debug_info    0x00008c09      0x3e8 build/obj/dfu_ctrl.o
 .debug_info    0x00008ff1      0x814 build/obj/stm32f10x_flash.o

.debug_abbrev   0x00000000     0x2189
 .debug_abbrev  0x00000000       0xb8 build/obj/crt0.o
 .debug_abbrev  0x000000b8       0x74 build/obj/vectors.o
 .debug_abbrev  0x0000012c       0x41 build/obj/chcore.o
 .debug_abbrev  0x0000016d      0x1ab build/obj/chcore_v7m.o
 .debug_abbrev  0x00000318       0xec build/obj/nvic.o
 .debug_abbrev  0x00000404      0x165 build/obj/chsys.o
 .debug_abbrev  0x00000569      0x1c4 build/obj/chdebug.o
 .debug_abbrev  0x0000072d      0x11d build/obj/chvt.o
 .debug_abbrev  0x0000084a      0x1cc build/obj/chschd.o
 .debug_abbrev  0x00000a16      0x1fe build/obj/chthreads.o
 .debug_abbrev  0x00000c14      0x1b6 build/obj/chmtx.o
 .debug_abbrev  0x00000dca      0x1a9 build/obj/chevents.o
 .debug_abbrev  0x00000f73      0x1e4 build/obj/chqueues.o
 .debug_abbrev  0x00001157       0xf0 build/obj/chmemcore.o
 .debug_abbrev  0x00001247      0x12d build/obj/hal.o
 .debug_abbrev  0x00001374      0x201 build/obj/serial.o
 .debug_abbrev  0x00001575       0xe9 build/obj/hal_lld.o
 .debug_abbrev  0x0000165e      0x224 build/obj/serial_lld.o
 .debug_abbrev  0x00001882      0x11a build/obj/pal_lld.o
 .debug_abbrev  0x0000199c       0xbe build/obj/board.o
 .debug_abbrev  0x00001a5a       0x68 build/obj/main.o
 .debug_abbrev  0x00001ac2      0x21f build/obj/cpu_io.o
 .debug_abbrev  0x00001ce1      0x19f build/obj/led_ctrl.o
 .debug_abbrev  0x00001e80      0x1a5 build/obj/dfu_ctrl.o
 .debug_abbrev  0x00002025      0x164 build/obj/stm32f10x_flash.o

.debug_aranges  0x00000000      0x860
 .debug_aranges
                0x00000000       0x38 build/obj/crt0.o
 .debug_aranges
                0x00000038       0x20 build/obj/vectors.o
 .debug_aranges
                0x00000058       0x20 build/obj/chcore.o
 .debug_aranges
                0x00000078       0x50 build/obj/chcore_v7m.o
 .debug_aranges
                0x000000c8       0x30 build/obj/nvic.o
 .debug_aranges
                0x000000f8       0x30 build/obj/chsys.o
 .debug_aranges
                0x00000128       0x88 build/obj/chdebug.o
 .debug_aranges
                0x000001b0       0x38 build/obj/chvt.o
 .debug_aranges
                0x000001e8       0x68 build/obj/chschd.o
 .debug_aranges
                0x00000250       0x90 build/obj/chthreads.o
 .debug_aranges
                0x000002e0       0x70 build/obj/chmtx.o
 .debug_aranges
                0x00000350       0x90 build/obj/chevents.o
 .debug_aranges
                0x000003e0       0x80 build/obj/chqueues.o
 .debug_aranges
                0x00000460       0x38 build/obj/chmemcore.o
 .debug_aranges
                0x00000498       0x30 build/obj/hal.o
 .debug_aranges
                0x000004c8       0x90 build/obj/serial.o
 .debug_aranges
                0x00000558       0x30 build/obj/hal_lld.o
 .debug_aranges
                0x00000588       0x60 build/obj/serial_lld.o
 .debug_aranges
                0x000005e8       0x28 build/obj/pal_lld.o
 .debug_aranges
                0x00000610       0x28 build/obj/board.o
 .debug_aranges
                0x00000638       0x20 build/obj/main.o
 .debug_aranges
                0x00000658       0x80 build/obj/cpu_io.o
 .debug_aranges
                0x000006d8       0x48 build/obj/led_ctrl.o
 .debug_aranges
                0x00000720       0x48 build/obj/dfu_ctrl.o
 .debug_aranges
                0x00000768       0xf8 build/obj/stm32f10x_flash.o

.debug_ranges   0x00000000      0x6d0
 .debug_ranges  0x00000000       0x28 build/obj/crt0.o
 .debug_ranges  0x00000028       0x10 build/obj/vectors.o
 .debug_ranges  0x00000038       0x10 build/obj/chcore.o
 .debug_ranges  0x00000048       0x40 build/obj/chcore_v7m.o
 .debug_ranges  0x00000088       0x20 build/obj/nvic.o
 .debug_ranges  0x000000a8       0x20 build/obj/chsys.o
 .debug_ranges  0x000000c8       0x78 build/obj/chdebug.o
 .debug_ranges  0x00000140       0x28 build/obj/chvt.o
 .debug_ranges  0x00000168       0x58 build/obj/chschd.o
 .debug_ranges  0x000001c0       0x80 build/obj/chthreads.o
 .debug_ranges  0x00000240       0x60 build/obj/chmtx.o
 .debug_ranges  0x000002a0       0x80 build/obj/chevents.o
 .debug_ranges  0x00000320       0x70 build/obj/chqueues.o
 .debug_ranges  0x00000390       0x28 build/obj/chmemcore.o
 .debug_ranges  0x000003b8       0x20 build/obj/hal.o
 .debug_ranges  0x000003d8       0x80 build/obj/serial.o
 .debug_ranges  0x00000458       0x20 build/obj/hal_lld.o
 .debug_ranges  0x00000478       0x50 build/obj/serial_lld.o
 .debug_ranges  0x000004c8       0x18 build/obj/pal_lld.o
 .debug_ranges  0x000004e0       0x18 build/obj/board.o
 .debug_ranges  0x000004f8       0x10 build/obj/main.o
 .debug_ranges  0x00000508       0x70 build/obj/cpu_io.o
 .debug_ranges  0x00000578       0x38 build/obj/led_ctrl.o
 .debug_ranges  0x000005b0       0x38 build/obj/dfu_ctrl.o
 .debug_ranges  0x000005e8       0xe8 build/obj/stm32f10x_flash.o

.debug_line     0x00000000     0x39d0
 .debug_line    0x00000000      0x156 build/obj/crt0.o
 .debug_line    0x00000156       0x6e build/obj/vectors.o
 .debug_line    0x000001c4       0x63 build/obj/chcore.o
 .debug_line    0x00000227      0x221 build/obj/chcore_v7m.o
 .debug_line    0x00000448      0x112 build/obj/nvic.o
 .debug_line    0x0000055a      0x1b9 build/obj/chsys.o
 .debug_line    0x00000713      0x2d3 build/obj/chdebug.o
 .debug_line    0x000009e6      0x1c4 build/obj/chvt.o
 .debug_line    0x00000baa      0x2b6 build/obj/chschd.o
 .debug_line    0x00000e60      0x385 build/obj/chthreads.o
 .debug_line    0x000011e5      0x30d build/obj/chmtx.o
 .debug_line    0x000014f2      0x33a build/obj/chevents.o
 .debug_line    0x0000182c      0x37b build/obj/chqueues.o
 .debug_line    0x00001ba7      0x16d build/obj/chmemcore.o
 .debug_line    0x00001d14      0x243 build/obj/hal.o
 .debug_line    0x00001f57      0x40a build/obj/serial.o
 .debug_line    0x00002361      0x1ce build/obj/hal_lld.o
 .debug_line    0x0000252f      0x383 build/obj/serial_lld.o
 .debug_line    0x000028b2      0x1b0 build/obj/pal_lld.o
 .debug_line    0x00002a62      0x146 build/obj/board.o
 .debug_line    0x00002ba8      0x105 build/obj/main.o
 .debug_line    0x00002cad      0x44a build/obj/cpu_io.o
 .debug_line    0x000030f7      0x27d build/obj/led_ctrl.o
 .debug_line    0x00003374      0x22f build/obj/dfu_ctrl.o
 .debug_line    0x000035a3      0x42d build/obj/stm32f10x_flash.o

.debug_str      0x00000000     0x1cfc
 .debug_str     0x00000000      0x1d3 build/obj/crt0.o
                                0x20c (size before relaxing)
 .debug_str     0x000001d3       0x57 build/obj/vectors.o
                                0x11a (size before relaxing)
 .debug_str     0x0000022a       0x38 build/obj/chcore.o
                                 0xfb (size before relaxing)
 .debug_str     0x00000262      0x29a build/obj/chcore_v7m.o
                                0x38a (size before relaxing)
 .debug_str     0x000004fc       0xc6 build/obj/nvic.o
                                0x1f2 (size before relaxing)
 .debug_str     0x000005c2       0xdd build/obj/chsys.o
                                0x35b (size before relaxing)
 .debug_str     0x0000069f      0x1ae build/obj/chdebug.o
                                0x47a (size before relaxing)
 .debug_str     0x0000084d       0x60 build/obj/chvt.o
                                0x19f (size before relaxing)
 .debug_str     0x000008ad       0xd3 build/obj/chschd.o
                                0x38b (size before relaxing)
 .debug_str     0x00000980      0x113 build/obj/chthreads.o
                                0x3f6 (size before relaxing)
 .debug_str     0x00000a93       0x95 build/obj/chmtx.o
                                0x32e (size before relaxing)
 .debug_str     0x00000b28      0x184 build/obj/chevents.o
                                0x404 (size before relaxing)
 .debug_str     0x00000cac      0x12a build/obj/chqueues.o
                                0x3c4 (size before relaxing)
 .debug_str     0x00000dd6       0x86 build/obj/chmemcore.o
                                0x166 (size before relaxing)
 .debug_str     0x00000e5c      0x104 build/obj/hal.o
                                0x1e5 (size before relaxing)
 .debug_str     0x00000f60      0x1fa build/obj/serial.o
                                0x50e (size before relaxing)
 .debug_str     0x0000115a      0x116 build/obj/hal_lld.o
                                0x244 (size before relaxing)
 .debug_str     0x00001270      0x365 build/obj/serial_lld.o
                                0x7f3 (size before relaxing)
 .debug_str     0x000015d5       0xa1 build/obj/pal_lld.o
                                0x21a (size before relaxing)
 .debug_str     0x00001676       0x1a build/obj/board.o
                                0x15b (size before relaxing)
 .debug_str     0x00001690       0x12 build/obj/main.o
                                 0xea (size before relaxing)
 .debug_str     0x000016a2       0xff build/obj/cpu_io.o
                                0x569 (size before relaxing)
 .debug_str     0x000017a1       0x6a build/obj/led_ctrl.o
                                0x311 (size before relaxing)
 .debug_str     0x0000180b      0x132 build/obj/dfu_ctrl.o
                                0x26f (size before relaxing)
 .debug_str     0x0000193d      0x3bf build/obj/stm32f10x_flash.o
                                0x550 (size before relaxing)

.comment        0x00000000       0x30
 .comment       0x00000000       0x30 build/obj/crt0.o
                                 0x31 (size before relaxing)
 .comment       0x00000000       0x31 build/obj/vectors.o
 .comment       0x00000000       0x31 build/obj/chcore.o
 .comment       0x00000000       0x31 build/obj/chcore_v7m.o
 .comment       0x00000000       0x31 build/obj/nvic.o
 .comment       0x00000000       0x31 build/obj/chsys.o
 .comment       0x00000000       0x31 build/obj/chdebug.o
 .comment       0x00000000       0x31 build/obj/chvt.o
 .comment       0x00000000       0x31 build/obj/chschd.o
 .comment       0x00000000       0x31 build/obj/chthreads.o
 .comment       0x00000000       0x31 build/obj/chmtx.o
 .comment       0x00000000       0x31 build/obj/chevents.o
 .comment       0x00000000       0x31 build/obj/chqueues.o
 .comment       0x00000000       0x31 build/obj/chmemcore.o
 .comment       0x00000000       0x31 build/obj/hal.o
 .comment       0x00000000       0x31 build/obj/serial.o
 .comment       0x00000000       0x31 build/obj/hal_lld.o
 .comment       0x00000000       0x31 build/obj/serial_lld.o
 .comment       0x00000000       0x31 build/obj/pal_lld.o
 .comment       0x00000000       0x31 build/obj/board.o
 .comment       0x00000000       0x31 build/obj/main.o
 .comment       0x00000000       0x31 build/obj/cpu_io.o
 .comment       0x00000000       0x31 build/obj/led_ctrl.o
 .comment       0x00000000       0x31 build/obj/dfu_ctrl.o
 .comment       0x00000000       0x31 build/obj/stm32f10x_flash.o

.ARM.attributes
                0x00000000       0x33
 .ARM.attributes
                0x00000000       0x33 build/obj/crt0.o
 .ARM.attributes
                0x00000033       0x33 build/obj/vectors.o
 .ARM.attributes
                0x00000066       0x33 build/obj/chcore.o
 .ARM.attributes
                0x00000099       0x33 build/obj/chcore_v7m.o
 .ARM.attributes
                0x000000cc       0x33 build/obj/nvic.o
 .ARM.attributes
                0x000000ff       0x33 build/obj/chsys.o
 .ARM.attributes
                0x00000132       0x33 build/obj/chdebug.o
 .ARM.attributes
                0x00000165       0x33 build/obj/chvt.o
 .ARM.attributes
                0x00000198       0x33 build/obj/chschd.o
 .ARM.attributes
                0x000001cb       0x33 build/obj/chthreads.o
 .ARM.attributes
                0x000001fe       0x33 build/obj/chmtx.o
 .ARM.attributes
                0x00000231       0x33 build/obj/chevents.o
 .ARM.attributes
                0x00000264       0x33 build/obj/chqueues.o
 .ARM.attributes
                0x00000297       0x33 build/obj/chmemcore.o
 .ARM.attributes
                0x000002ca       0x33 build/obj/hal.o
 .ARM.attributes
                0x000002fd       0x33 build/obj/serial.o
 .ARM.attributes
                0x00000330       0x33 build/obj/hal_lld.o
 .ARM.attributes
                0x00000363       0x33 build/obj/serial_lld.o
 .ARM.attributes
                0x00000396       0x33 build/obj/pal_lld.o
 .ARM.attributes
                0x000003c9       0x33 build/obj/board.o
 .ARM.attributes
                0x000003fc       0x33 build/obj/main.o
 .ARM.attributes
                0x0000042f       0x33 build/obj/cpu_io.o
 .ARM.attributes
                0x00000462       0x33 build/obj/led_ctrl.o
 .ARM.attributes
                0x00000495       0x33 build/obj/dfu_ctrl.o
 .ARM.attributes
                0x000004c8       0x33 build/obj/stm32f10x_flash.o

.debug_frame    0x00000000     0x1474
 .debug_frame   0x00000000       0x50 build/obj/crt0.o
 .debug_frame   0x00000050       0x20 build/obj/vectors.o
 .debug_frame   0x00000070       0x20 build/obj/chcore.o
 .debug_frame   0x00000090       0xbc build/obj/chcore_v7m.o
 .debug_frame   0x0000014c       0x64 build/obj/nvic.o
 .debug_frame   0x000001b0       0x5c build/obj/chsys.o
 .debug_frame   0x0000020c      0x184 build/obj/chdebug.o
 .debug_frame   0x00000390       0x6c build/obj/chvt.o
 .debug_frame   0x000003fc      0x10c build/obj/chschd.o
 .debug_frame   0x00000508      0x194 build/obj/chthreads.o
 .debug_frame   0x0000069c      0x12c build/obj/chmtx.o
 .debug_frame   0x000007c8      0x1b4 build/obj/chevents.o
 .debug_frame   0x0000097c      0x15c build/obj/chqueues.o
 .debug_frame   0x00000ad8       0x68 build/obj/chmemcore.o
 .debug_frame   0x00000b40       0x5c build/obj/hal.o
 .debug_frame   0x00000b9c      0x1a4 build/obj/serial.o
 .debug_frame   0x00000d40       0x4c build/obj/hal_lld.o
 .debug_frame   0x00000d8c       0xf4 build/obj/serial_lld.o
 .debug_frame   0x00000e80       0x38 build/obj/pal_lld.o
 .debug_frame   0x00000eb8       0x3c build/obj/board.o
 .debug_frame   0x00000ef4       0x2c build/obj/main.o
 .debug_frame   0x00000f20      0x174 build/obj/cpu_io.o
 .debug_frame   0x00001094       0xa8 build/obj/led_ctrl.o
 .debug_frame   0x0000113c       0xb0 build/obj/dfu_ctrl.o
 .debug_frame   0x000011ec      0x288 build/obj/stm32f10x_flash.o

.debug_loc      0x00000000     0x1a38
 .debug_loc     0x00000000       0xb8 build/obj/chcore_v7m.o
 .debug_loc     0x000000b8       0x84 build/obj/nvic.o
 .debug_loc     0x0000013c       0x78 build/obj/chsys.o
 .debug_loc     0x000001b4      0x1ac build/obj/chdebug.o
 .debug_loc     0x00000360       0x78 build/obj/chvt.o
 .debug_loc     0x000003d8      0x168 build/obj/chschd.o
 .debug_loc     0x00000540      0x258 build/obj/chthreads.o
 .debug_loc     0x00000798      0x1c0 build/obj/chmtx.o
 .debug_loc     0x00000958      0x294 build/obj/chevents.o
 .debug_loc     0x00000bec      0x20c build/obj/chqueues.o
 .debug_loc     0x00000df8       0x58 build/obj/chmemcore.o
 .debug_loc     0x00000e50       0x6c build/obj/hal.o
 .debug_loc     0x00000ebc      0x270 build/obj/serial.o
 .debug_loc     0x0000112c       0x20 build/obj/hal_lld.o
 .debug_loc     0x0000114c      0x150 build/obj/serial_lld.o
 .debug_loc     0x0000129c       0x40 build/obj/pal_lld.o
 .debug_loc     0x000012dc       0x20 build/obj/board.o
 .debug_loc     0x000012fc       0x20 build/obj/main.o
 .debug_loc     0x0000131c      0x1f8 build/obj/cpu_io.o
 .debug_loc     0x00001514       0xf0 build/obj/led_ctrl.o
 .debug_loc     0x00001604       0xe4 build/obj/dfu_ctrl.o
 .debug_loc     0x000016e8      0x350 build/obj/stm32f10x_flash.o

Cross Reference Table

Symbol                                            File
BusFaultVector                                    build/obj/vectors.o
DebugMonitorVector                                build/obj/vectors.o
FLASH_ClearFlag                                   build/obj/stm32f10x_flash.o
FLASH_EnableWriteProtection                       build/obj/stm32f10x_flash.o
FLASH_EraseAllBank1Pages                          build/obj/stm32f10x_flash.o
FLASH_EraseAllPages                               build/obj/stm32f10x_flash.o
FLASH_EraseOptionBytes                            build/obj/stm32f10x_flash.o
FLASH_ErasePage                                   build/obj/stm32f10x_flash.o
                                                  build/obj/dfu_ctrl.o
FLASH_GetBank1Status                              build/obj/stm32f10x_flash.o
FLASH_GetFlagStatus                               build/obj/stm32f10x_flash.o
FLASH_GetPrefetchBufferStatus                     build/obj/stm32f10x_flash.o
FLASH_GetReadOutProtectionStatus                  build/obj/stm32f10x_flash.o
FLASH_GetStatus                                   build/obj/stm32f10x_flash.o
FLASH_GetUserOptionByte                           build/obj/stm32f10x_flash.o
FLASH_GetWriteProtectionOptionByte                build/obj/stm32f10x_flash.o
FLASH_HalfCycleAccessCmd                          build/obj/stm32f10x_flash.o
FLASH_ITConfig                                    build/obj/stm32f10x_flash.o
FLASH_Lock                                        build/obj/stm32f10x_flash.o
                                                  build/obj/dfu_ctrl.o
FLASH_LockBank1                                   build/obj/stm32f10x_flash.o
FLASH_PrefetchBufferCmd                           build/obj/stm32f10x_flash.o
FLASH_ProgramHalfWord                             build/obj/stm32f10x_flash.o
FLASH_ProgramOptionByteData                       build/obj/stm32f10x_flash.o
FLASH_ProgramWord                                 build/obj/stm32f10x_flash.o
                                                  build/obj/dfu_ctrl.o
FLASH_ReadOutProtection                           build/obj/stm32f10x_flash.o
FLASH_SetLatency                                  build/obj/stm32f10x_flash.o
FLASH_Unlock                                      build/obj/stm32f10x_flash.o
                                                  build/obj/dfu_ctrl.o
FLASH_UnlockBank1                                 build/obj/stm32f10x_flash.o
FLASH_UserOptionByteConfig                        build/obj/stm32f10x_flash.o
FLASH_WaitForLastBank1Operation                   build/obj/stm32f10x_flash.o
FLASH_WaitForLastOperation                        build/obj/stm32f10x_flash.o
HardFaultVector                                   build/obj/vectors.o
IWDGD                                             build/obj/iwdg_lld.o
MemManageVector                                   build/obj/vectors.o
NMIVector                                         build/obj/vectors.o
NVIC_Init                                         build/obj/misc.o
NVIC_PriorityGroupConfig                          build/obj/misc.o
NVIC_SetVectorTable                               build/obj/misc.o
NVIC_SystemLPConfig                               build/obj/misc.o
PendSVVector                                      build/obj/vectors.o
ResetHandler                                      build/obj/crt0.o
                                                  build/obj/vectors.o
SD1                                               build/obj/serial_lld.o
                                                  build/obj/cpu_io.o
SVCallVector                                      build/obj/chcore_v7m.o
                                                  build/obj/vectors.o
SysTickVector                                     build/obj/chcore_v7m.o
                                                  build/obj/vectors.o
SysTick_CLKSourceConfig                           build/obj/misc.o
TestThread                                        build/obj/test.o
UsageFaultVector                                  build/obj/vectors.o
Vector1C                                          build/obj/vectors.o
Vector20                                          build/obj/vectors.o
Vector24                                          build/obj/vectors.o
Vector28                                          build/obj/vectors.o
Vector34                                          build/obj/vectors.o
Vector40                                          build/obj/vectors.o
Vector44                                          build/obj/vectors.o
Vector48                                          build/obj/vectors.o
Vector4C                                          build/obj/vectors.o
Vector50                                          build/obj/vectors.o
Vector54                                          build/obj/vectors.o
Vector58                                          build/obj/vectors.o
Vector5C                                          build/obj/vectors.o
Vector60                                          build/obj/vectors.o
Vector64                                          build/obj/vectors.o
Vector68                                          build/obj/vectors.o
Vector6C                                          build/obj/vectors.o
Vector70                                          build/obj/vectors.o
Vector74                                          build/obj/vectors.o
Vector78                                          build/obj/vectors.o
Vector7C                                          build/obj/vectors.o
Vector80                                          build/obj/vectors.o
Vector84                                          build/obj/vectors.o
Vector88                                          build/obj/vectors.o
Vector8C                                          build/obj/vectors.o
Vector90                                          build/obj/vectors.o
Vector94                                          build/obj/vectors.o
Vector98                                          build/obj/vectors.o
Vector9C                                          build/obj/vectors.o
VectorA0                                          build/obj/vectors.o
VectorA4                                          build/obj/vectors.o
VectorA8                                          build/obj/vectors.o
VectorAC                                          build/obj/vectors.o
VectorB0                                          build/obj/vectors.o
VectorB4                                          build/obj/vectors.o
VectorB8                                          build/obj/vectors.o
VectorBC                                          build/obj/vectors.o
VectorC0                                          build/obj/vectors.o
VectorC4                                          build/obj/vectors.o
VectorC8                                          build/obj/vectors.o
VectorCC                                          build/obj/vectors.o
VectorD0                                          build/obj/vectors.o
VectorD4                                          build/obj/serial_lld.o
                                                  build/obj/vectors.o
VectorD8                                          build/obj/vectors.o
VectorDC                                          build/obj/vectors.o
VectorE0                                          build/obj/vectors.o
VectorE4                                          build/obj/vectors.o
VectorE8                                          build/obj/vectors.o
__early_init                                      build/obj/board.o
                                                  build/obj/crt0.o
__fini_array_end                                  build/obj/crt0.o
__fini_array_start                                build/obj/crt0.o
__heap_base__                                     build/obj/chmemcore.o
__heap_end__                                      build/obj/chmemcore.o
__init_array_end                                  build/obj/crt0.o
__init_array_start                                build/obj/crt0.o
__late_init                                       build/obj/crt0.o
__main_stack_base__                               build/obj/crt0.o
__main_stack_end__                                build/obj/vectors.o
                                                  build/obj/crt0.o
__main_thread_stack_base__                        build/obj/chsys.o
__process_stack_base__                            build/obj/crt0.o
__process_stack_end__                             build/obj/crt0.o
_bss_end                                          build/obj/crt0.o
_bss_start                                        build/obj/crt0.o
_close_r                                          build/obj/syscalls.o
_core_init                                        build/obj/chmemcore.o
                                                  build/obj/chsys.o
_data                                             build/obj/crt0.o
_default_exit                                     build/obj/crt0.o
_edata                                            build/obj/crt0.o
_fstat_r                                          build/obj/syscalls.o
_idle_thread                                      build/obj/chsys.o
_idle_thread_wa                                   build/obj/chsys.o
_isatty_r                                         build/obj/syscalls.o
_lseek_r                                          build/obj/syscalls.o
_pal_lld_init                                     build/obj/pal_lld.o
                                                  build/obj/hal.o
_pal_lld_setgroupmode                             build/obj/pal_lld.o
                                                  build/obj/led_ctrl.o
                                                  build/obj/cpu_io.o
                                                  build/obj/pal.o
_port_init                                        build/obj/chcore_v7m.o
                                                  build/obj/chsys.o
_port_irq_epilogue                                build/obj/chcore_v7m.o
                                                  build/obj/serial_lld.o
_port_switch                                      build/obj/chcore_v7m.o
                                                  build/obj/chschd.o
_port_switch_from_isr                             build/obj/chcore_v7m.o
_port_thread_start                                build/obj/chcore_v7m.o
                                                  build/obj/chthreads.o
_read_r                                           build/obj/syscalls.o
_sbrk_r                                           build/obj/syscalls.o
_scheduler_init                                   build/obj/chschd.o
                                                  build/obj/chsys.o
_test_assert                                      build/obj/test.o
                                                  build/obj/testqueues.o
                                                  build/obj/testevt.o
                                                  build/obj/testmbox.o
                                                  build/obj/testmtx.o
                                                  build/obj/testsem.o
                                                  build/obj/testthd.o
_test_assert_sequence                             build/obj/test.o
                                                  build/obj/testqueues.o
                                                  build/obj/testevt.o
                                                  build/obj/testmbox.o
                                                  build/obj/testmsg.o
                                                  build/obj/testmtx.o
                                                  build/obj/testsem.o
                                                  build/obj/testthd.o
_test_assert_time_window                          build/obj/test.o
                                                  build/obj/testevt.o
                                                  build/obj/testmtx.o
                                                  build/obj/testsem.o
                                                  build/obj/testthd.o
_test_fail                                        build/obj/test.o
_textdata                                         build/obj/crt0.o
_thread_init                                      build/obj/chthreads.o
                                                  build/obj/chsys.o
_thread_memfill                                   build/obj/chthreads.o
_trace_init                                       build/obj/chdebug.o
                                                  build/obj/chsys.o
_unhandled_exception                              build/obj/vectors.o
_vectors                                          build/obj/vectors.o
_vt_init                                          build/obj/chvt.o
                                                  build/obj/chsys.o
_write_r                                          build/obj/syscalls.o
boardInit                                         build/obj/board.o
                                                  build/obj/hal.o
chCondBroadcast                                   build/obj/chcond.o
                                                  build/obj/testmtx.o
chCondBroadcastI                                  build/obj/chcond.o
chCondInit                                        build/obj/chcond.o
                                                  build/obj/testmtx.o
chCondSignal                                      build/obj/chcond.o
                                                  build/obj/testmtx.o
chCondSignalI                                     build/obj/chcond.o
                                                  build/obj/testmtx.o
chCondWait                                        build/obj/chcond.o
                                                  build/obj/testmtx.o
chCondWaitS                                       build/obj/chcond.o
chCondWaitTimeout                                 build/obj/chcond.o
                                                  build/obj/testmtx.o
chCondWaitTimeoutS                                build/obj/chcond.o
chCoreAlloc                                       build/obj/chmemcore.o
                                                  build/obj/syscalls.o
chCoreAllocI                                      build/obj/chmemcore.o
chCoreStatus                                      build/obj/chmemcore.o
chDbgCheckClassI                                  build/obj/chdebug.o
                                                  build/obj/serial.o
                                                  build/obj/chmemcore.o
                                                  build/obj/chqueues.o
                                                  build/obj/chmboxes.o
                                                  build/obj/chevents.o
                                                  build/obj/chcond.o
                                                  build/obj/chsem.o
                                                  build/obj/chthreads.o
                                                  build/obj/chvt.o
                                                  build/obj/chsys.o
chDbgCheckClassS                                  build/obj/chdebug.o
                                                  build/obj/chmboxes.o
                                                  build/obj/chcond.o
                                                  build/obj/chmtx.o
                                                  build/obj/chsem.o
                                                  build/obj/chschd.o
chDbgPanic                                        build/obj/chdebug.o
                                                  build/obj/iwdg.o
                                                  build/obj/syscalls.o
                                                  build/obj/serial.o
                                                  build/obj/pal.o
                                                  build/obj/chqueues.o
                                                  build/obj/chmboxes.o
                                                  build/obj/chmsg.o
                                                  build/obj/chevents.o
                                                  build/obj/chcond.o
                                                  build/obj/chmtx.o
                                                  build/obj/chsem.o
                                                  build/obj/chthreads.o
                                                  build/obj/chschd.o
                                                  build/obj/chvt.o
chEvtAddFlags                                     build/obj/chevents.o
                                                  build/obj/testevt.o
chEvtBroadcastFlags                               build/obj/chevents.o
                                                  build/obj/testevt.o
chEvtBroadcastFlagsI                              build/obj/chevents.o
                                                  build/obj/evtimer.o
                                                  build/obj/serial_lld.o
                                                  build/obj/serial.o
chEvtClearFlags                                   build/obj/chevents.o
                                                  build/obj/testevt.o
chEvtDispatch                                     build/obj/chevents.o
                                                  build/obj/testevt.o
chEvtRegisterMask                                 build/obj/chevents.o
                                                  build/obj/testevt.o
chEvtSignalFlags                                  build/obj/chevents.o
                                                  build/obj/testevt.o
chEvtSignalFlagsI                                 build/obj/chevents.o
chEvtUnregister                                   build/obj/chevents.o
                                                  build/obj/testevt.o
chEvtWaitAll                                      build/obj/chevents.o
                                                  build/obj/testevt.o
chEvtWaitAllTimeout                               build/obj/chevents.o
                                                  build/obj/testevt.o
chEvtWaitAny                                      build/obj/chevents.o
                                                  build/obj/testevt.o
chEvtWaitAnyTimeout                               build/obj/chevents.o
                                                  build/obj/testevt.o
chEvtWaitOne                                      build/obj/chevents.o
                                                  build/obj/testevt.o
chEvtWaitOneTimeout                               build/obj/chevents.o
                                                  build/obj/testevt.o
chIQGetTimeout                                    build/obj/chqueues.o
                                                  build/obj/cpu_io.o
                                                  build/obj/serial.o
                                                  build/obj/testbmk.o
                                                  build/obj/testqueues.o
chIQInit                                          build/obj/chqueues.o
                                                  build/obj/serial.o
                                                  build/obj/testbmk.o
                                                  build/obj/testqueues.o
chIQPutI                                          build/obj/chqueues.o
                                                  build/obj/serial.o
                                                  build/obj/testbmk.o
                                                  build/obj/testqueues.o
chIQReadTimeout                                   build/obj/chqueues.o
                                                  build/obj/serial.o
                                                  build/obj/testqueues.o
chIQResetI                                        build/obj/chqueues.o
                                                  build/obj/serial.o
                                                  build/obj/testqueues.o
chMBFetch                                         build/obj/chmboxes.o
                                                  build/obj/testmbox.o
chMBFetchI                                        build/obj/chmboxes.o
                                                  build/obj/testmbox.o
chMBFetchS                                        build/obj/chmboxes.o
chMBInit                                          build/obj/chmboxes.o
                                                  build/obj/testmbox.o
chMBPost                                          build/obj/chmboxes.o
                                                  build/obj/testmbox.o
chMBPostAhead                                     build/obj/chmboxes.o
                                                  build/obj/testmbox.o
chMBPostAheadI                                    build/obj/chmboxes.o
                                                  build/obj/testmbox.o
chMBPostAheadS                                    build/obj/chmboxes.o
chMBPostI                                         build/obj/chmboxes.o
                                                  build/obj/testmbox.o
chMBPostS                                         build/obj/chmboxes.o
chMBReset                                         build/obj/chmboxes.o
                                                  build/obj/testmbox.o
chMsgRelease                                      build/obj/chmsg.o
                                                  build/obj/testbmk.o
                                                  build/obj/testmsg.o
chMsgSend                                         build/obj/chmsg.o
                                                  build/obj/testbmk.o
                                                  build/obj/testmsg.o
chMsgWait                                         build/obj/chmsg.o
                                                  build/obj/testbmk.o
                                                  build/obj/testmsg.o
chMtxInit                                         build/obj/chmtx.o
                                                  build/obj/led_ctrl.o
                                                  build/obj/testbmk.o
                                                  build/obj/testmtx.o
chMtxLock                                         build/obj/chmtx.o
                                                  build/obj/led_ctrl.o
                                                  build/obj/testbmk.o
                                                  build/obj/testmtx.o
chMtxLockS                                        build/obj/chmtx.o
                                                  build/obj/chcond.o
chMtxTryLock                                      build/obj/chmtx.o
                                                  build/obj/testmtx.o
chMtxTryLockS                                     build/obj/chmtx.o
chMtxUnlock                                       build/obj/chmtx.o
                                                  build/obj/led_ctrl.o
                                                  build/obj/testbmk.o
                                                  build/obj/testmtx.o
chMtxUnlockAll                                    build/obj/chmtx.o
                                                  build/obj/testmtx.o
chMtxUnlockS                                      build/obj/chmtx.o
                                                  build/obj/testmtx.o
                                                  build/obj/chcond.o
chOQGetI                                          build/obj/chqueues.o
                                                  build/obj/serial_lld.o
                                                  build/obj/serial.o
                                                  build/obj/testqueues.o
chOQInit                                          build/obj/chqueues.o
                                                  build/obj/serial.o
                                                  build/obj/testqueues.o
chOQPutTimeout                                    build/obj/chqueues.o
                                                  build/obj/cpu_io.o
                                                  build/obj/serial.o
                                                  build/obj/testqueues.o
chOQResetI                                        build/obj/chqueues.o
                                                  build/obj/serial.o
                                                  build/obj/testqueues.o
chOQWriteTimeout                                  build/obj/chqueues.o
                                                  build/obj/serial.o
                                                  build/obj/testqueues.o
chRegFirstThread                                  build/obj/chregistry.o
chRegNextThread                                   build/obj/chregistry.o
chSchDoReschedule                                 build/obj/chschd.o
                                                  build/obj/chthreads.o
                                                  build/obj/chcore_v7m.o
chSchGoSleepS                                     build/obj/chschd.o
                                                  build/obj/testbmk.o
                                                  build/obj/chmsg.o
                                                  build/obj/chevents.o
                                                  build/obj/chcond.o
                                                  build/obj/chmtx.o
                                                  build/obj/chsem.o
                                                  build/obj/chthreads.o
chSchGoSleepTimeoutS                              build/obj/chschd.o
                                                  build/obj/chqueues.o
                                                  build/obj/chevents.o
                                                  build/obj/chcond.o
                                                  build/obj/chsem.o
                                                  build/obj/chthreads.o
chSchReadyI                                       build/obj/chschd.o
                                                  build/obj/chqueues.o
                                                  build/obj/chmsg.o
                                                  build/obj/chevents.o
                                                  build/obj/chcond.o
                                                  build/obj/chmtx.o
                                                  build/obj/chsem.o
                                                  build/obj/chthreads.o
chSchRescheduleS                                  build/obj/chschd.o
                                                  build/obj/serial.o
                                                  build/obj/testmtx.o
                                                  build/obj/testsem.o
                                                  build/obj/chmboxes.o
                                                  build/obj/chevents.o
                                                  build/obj/chcond.o
                                                  build/obj/chmtx.o
                                                  build/obj/chsem.o
                                                  build/obj/chthreads.o
chSchWakeupS                                      build/obj/chschd.o
                                                  build/obj/testbmk.o
                                                  build/obj/chmsg.o
                                                  build/obj/chcond.o
                                                  build/obj/chmtx.o
                                                  build/obj/chsem.o
                                                  build/obj/chthreads.o
chSemAddCounterI                                  build/obj/chsem.o
                                                  build/obj/testsem.o
chSemInit                                         build/obj/chsem.o
                                                  build/obj/testbmk.o
                                                  build/obj/testsem.o
                                                  build/obj/chmboxes.o
chSemReset                                        build/obj/chsem.o
                                                  build/obj/testbmk.o
                                                  build/obj/testsem.o
chSemResetI                                       build/obj/chsem.o
                                                  build/obj/chmboxes.o
chSemSignal                                       build/obj/chsem.o
                                                  build/obj/testbmk.o
                                                  build/obj/testsem.o
chSemSignalI                                      build/obj/chsem.o
                                                  build/obj/testsem.o
                                                  build/obj/chmboxes.o
chSemSignalWait                                   build/obj/chsem.o
                                                  build/obj/testsem.o
chSemWait                                         build/obj/chsem.o
                                                  build/obj/testbmk.o
                                                  build/obj/testsem.o
chSemWaitS                                        build/obj/chsem.o
chSemWaitTimeout                                  build/obj/chsem.o
                                                  build/obj/testsem.o
chSemWaitTimeoutS                                 build/obj/chsem.o
                                                  build/obj/chmboxes.o
chSysInit                                         build/obj/chsys.o
                                                  build/obj/main.o
chSysTimerHandlerI                                build/obj/chsys.o
                                                  build/obj/chcore_v7m.o
chThdCreateI                                      build/obj/chthreads.o
                                                  build/obj/testthd.o
chThdCreateStatic                                 build/obj/chthreads.o
                                                  build/obj/led_ctrl.o
                                                  build/obj/testbmk.o
                                                  build/obj/testqueues.o
                                                  build/obj/testevt.o
                                                  build/obj/testmsg.o
                                                  build/obj/testmtx.o
                                                  build/obj/testsem.o
                                                  build/obj/testthd.o
                                                  build/obj/chsys.o
chThdExit                                         build/obj/chthreads.o
                                                  build/obj/chcore_v7m.o
chThdExitS                                        build/obj/chthreads.o
chThdResume                                       build/obj/chthreads.o
                                                  build/obj/testthd.o
chThdSetPriority                                  build/obj/chthreads.o
                                                  build/obj/testthd.o
chThdSleep                                        build/obj/chthreads.o
                                                  build/obj/led_ctrl.o
                                                  build/obj/testbmk.o
                                                  build/obj/testevt.o
                                                  build/obj/testmtx.o
                                                  build/obj/testsem.o
                                                  build/obj/testthd.o
                                                  build/obj/test.o
chThdSleepUntil                                   build/obj/chthreads.o
                                                  build/obj/testthd.o
chThdTerminate                                    build/obj/chthreads.o
                                                  build/obj/test.o
chThdWait                                         build/obj/chthreads.o
                                                  build/obj/testbmk.o
                                                  build/obj/test.o
chThdYield                                        build/obj/chthreads.o
                                                  build/obj/testbmk.o
chTimeIsWithin                                    build/obj/chvt.o
                                                  build/obj/test.o
chVTResetI                                        build/obj/chvt.o
                                                  build/obj/evtimer.o
                                                  build/obj/testbmk.o
                                                  build/obj/chschd.o
chVTSetI                                          build/obj/chvt.o
                                                  build/obj/evtimer.o
                                                  build/obj/testbmk.o
                                                  build/obj/test.o
                                                  build/obj/chschd.o
dbg_check_disable                                 build/obj/chdebug.o
dbg_check_enable                                  build/obj/chdebug.o
                                                  build/obj/chsys.o
dbg_check_enter_isr                               build/obj/chdebug.o
                                                  build/obj/serial_lld.o
                                                  build/obj/chcore_v7m.o
dbg_check_leave_isr                               build/obj/chdebug.o
                                                  build/obj/serial_lld.o
                                                  build/obj/chcore_v7m.o
dbg_check_lock                                    build/obj/chdebug.o
                                                  build/obj/dfu_ctrl.o
                                                  build/obj/iwdg.o
                                                  build/obj/evtimer.o
                                                  build/obj/serial.o
                                                  build/obj/testbmk.o
                                                  build/obj/testqueues.o
                                                  build/obj/testmbox.o
                                                  build/obj/testmtx.o
                                                  build/obj/testsem.o
                                                  build/obj/testthd.o
                                                  build/obj/test.o
                                                  build/obj/chmemcore.o
                                                  build/obj/chqueues.o
                                                  build/obj/chmboxes.o
                                                  build/obj/chmsg.o
                                                  build/obj/chevents.o
                                                  build/obj/chcond.o
                                                  build/obj/chmtx.o
                                                  build/obj/chsem.o
                                                  build/obj/chregistry.o
                                                  build/obj/chthreads.o
                                                  build/obj/chcore_v7m.o
dbg_check_lock_from_isr                           build/obj/chdebug.o
                                                  build/obj/serial_lld.o
                                                  build/obj/chcore_v7m.o
dbg_check_suspend                                 build/obj/chdebug.o
dbg_check_unlock                                  build/obj/chdebug.o
                                                  build/obj/dfu_ctrl.o
                                                  build/obj/iwdg.o
                                                  build/obj/evtimer.o
                                                  build/obj/serial.o
                                                  build/obj/testbmk.o
                                                  build/obj/testqueues.o
                                                  build/obj/testmbox.o
                                                  build/obj/testmtx.o
                                                  build/obj/testsem.o
                                                  build/obj/testthd.o
                                                  build/obj/test.o
                                                  build/obj/chmemcore.o
                                                  build/obj/chqueues.o
                                                  build/obj/chmboxes.o
                                                  build/obj/chmsg.o
                                                  build/obj/chevents.o
                                                  build/obj/chcond.o
                                                  build/obj/chmtx.o
                                                  build/obj/chsem.o
                                                  build/obj/chregistry.o
                                                  build/obj/chthreads.o
                                                  build/obj/chcore_v7m.o
dbg_check_unlock_from_isr                         build/obj/chdebug.o
                                                  build/obj/serial_lld.o
                                                  build/obj/chcore_v7m.o
dbg_isr_cnt                                       build/obj/chdebug.o
dbg_lock_cnt                                      build/obj/chdebug.o
dbg_panic_msg                                     build/obj/chdebug.o
dbg_trace                                         build/obj/chdebug.o
                                                  build/obj/chschd.o
dbg_trace_buffer                                  build/obj/chdebug.o
dfuPushBytes                                      build/obj/dfu_ctrl.o
                                                  build/obj/cpu_io.o
dfuStartFirmware                                  build/obj/dfu_ctrl.o
                                                  build/obj/cpu_io.o
dfuWriteSector                                    build/obj/dfu_ctrl.o
                                                  build/obj/cpu_io.o
evtStart                                          build/obj/evtimer.o
evtStop                                           build/obj/evtimer.o
funcArgs                                          build/obj/cpu_io.o
halInit                                           build/obj/hal.o
                                                  build/obj/main.o
halIsCounterWithin                                build/obj/hal.o
halPolledDelay                                    build/obj/hal.o
hal_lld_init                                      build/obj/hal_lld.o
                                                  build/obj/hal.o
initCpuIo                                         build/obj/cpu_io.o
                                                  build/obj/main.o
initDfu                                           build/obj/dfu_ctrl.o
                                                  build/obj/main.o
initLed                                           build/obj/led_ctrl.o
                                                  build/obj/main.o
iwdgInit                                          build/obj/iwdg.o
iwdgReset                                         build/obj/iwdg.o
iwdgStart                                         build/obj/iwdg.o
iwdg_lld_init                                     build/obj/iwdg_lld.o
                                                  build/obj/iwdg.o
iwdg_lld_reset                                    build/obj/iwdg_lld.o
                                                  build/obj/iwdg.o
iwdg_lld_start                                    build/obj/iwdg_lld.o
                                                  build/obj/iwdg.o
main                                              build/obj/main.o
                                                  build/obj/crt0.o
memset                                            c:/programs/codesourcery/2011.03-56/bin/../lib/gcc/arm-none-eabi/4.6.3/../../../../arm-none-eabi/lib/thumb2\libc.a(lib_a-memset.o)
                                                  build/obj/syscalls.o
nvicDisableVector                                 build/obj/nvic.o
                                                  build/obj/serial_lld.o
nvicEnableVector                                  build/obj/nvic.o
                                                  build/obj/serial_lld.o
nvicSetSystemHandlerPriority                      build/obj/nvic.o
                                                  build/obj/chcore_v7m.o
palReadBus                                        build/obj/pal.o
palSetBusMode                                     build/obj/pal.o
palWriteBus                                       build/obj/pal.o
pal_default_config                                build/obj/board.o
                                                  build/obj/hal.o
patternbmk                                        build/obj/testbmk.o
                                                  build/obj/test.o
patterndyn                                        build/obj/testdyn.o
                                                  build/obj/test.o
patternevt                                        build/obj/testevt.o
                                                  build/obj/test.o
patternheap                                       build/obj/testheap.o
                                                  build/obj/test.o
patternmbox                                       build/obj/testmbox.o
                                                  build/obj/test.o
patternmsg                                        build/obj/testmsg.o
                                                  build/obj/test.o
patternmtx                                        build/obj/testmtx.o
                                                  build/obj/test.o
patternpools                                      build/obj/testpools.o
                                                  build/obj/test.o
patternqueues                                     build/obj/testqueues.o
                                                  build/obj/test.o
patternsem                                        build/obj/testsem.o
                                                  build/obj/test.o
patternthd                                        build/obj/testthd.o
                                                  build/obj/test.o
port_halt                                         build/obj/chcore.o
                                                  build/obj/chdebug.o
processCpuIo                                      build/obj/cpu_io.o
                                                  build/obj/main.o
rlist                                             build/obj/chschd.o
                                                  build/obj/led_ctrl.o
                                                  build/obj/testbmk.o
                                                  build/obj/testqueues.o
                                                  build/obj/testevt.o
                                                  build/obj/testmsg.o
                                                  build/obj/testmtx.o
                                                  build/obj/testsem.o
                                                  build/obj/testthd.o
                                                  build/obj/test.o
                                                  build/obj/chqueues.o
                                                  build/obj/chmsg.o
                                                  build/obj/chevents.o
                                                  build/obj/chcond.o
                                                  build/obj/chmtx.o
                                                  build/obj/chsem.o
                                                  build/obj/chregistry.o
                                                  build/obj/chthreads.o
                                                  build/obj/chdebug.o
                                                  build/obj/chsys.o
                                                  build/obj/chcore_v7m.o
sdIncomingDataI                                   build/obj/serial.o
                                                  build/obj/serial_lld.o
sdInit                                            build/obj/serial.o
                                                  build/obj/hal.o
sdObjectInit                                      build/obj/serial.o
                                                  build/obj/serial_lld.o
sdRequestDataI                                    build/obj/serial.o
sdStart                                           build/obj/serial.o
                                                  build/obj/cpu_io.o
sdStop                                            build/obj/serial.o
sd_lld_init                                       build/obj/serial_lld.o
                                                  build/obj/serial.o
sd_lld_start                                      build/obj/serial_lld.o
                                                  build/obj/serial.o
sd_lld_stop                                       build/obj/serial_lld.o
                                                  build/obj/serial.o
setLeds                                           build/obj/led_ctrl.o
                                                  build/obj/cpu_io.o
                                                  build/obj/main.o
stm32_clock_init                                  build/obj/hal_lld.o
                                                  build/obj/board.o
test                                              build/obj/test.o
                                                  build/obj/testqueues.o
                                                  build/obj/testmbox.o
test_cpu_pulse                                    build/obj/test.o
                                                  build/obj/testmtx.o
test_emit_token                                   build/obj/test.o
                                                  build/obj/testqueues.o
                                                  build/obj/testevt.o
                                                  build/obj/testmbox.o
                                                  build/obj/testmsg.o
                                                  build/obj/testmtx.o
                                                  build/obj/testsem.o
                                                  build/obj/testthd.o
test_print                                        build/obj/test.o
                                                  build/obj/testbmk.o
test_println                                      build/obj/test.o
                                                  build/obj/testbmk.o
test_printn                                       build/obj/test.o
                                                  build/obj/testbmk.o
test_start_timer                                  build/obj/test.o
                                                  build/obj/testbmk.o
test_terminate_threads                            build/obj/test.o
                                                  build/obj/testbmk.o
test_timer_done                                   build/obj/test.o
                                                  build/obj/testbmk.o
test_wait_threads                                 build/obj/test.o
                                                  build/obj/testbmk.o
                                                  build/obj/testqueues.o
                                                  build/obj/testevt.o
                                                  build/obj/testmtx.o
                                                  build/obj/testsem.o