Archive member included because of file (symbol)

c:/programs/yagarto/bin/../lib/gcc/arm-none-eabi/4.5.0/../../../../arm-none-eabi/lib/thumb/v7m\libc.a(lib_a-memset.o)
                              build/obj/syscalls.o (memset)
c:/programs/yagarto/bin/../lib/gcc/arm-none-eabi/4.5.0/../../../../arm-none-eabi/lib/thumb/v7m\libc.a(lib_a-strcasecmp.o)
                              build/obj/shell.o (strcasecmp)
c:/programs/yagarto/bin/../lib/gcc/arm-none-eabi/4.5.0/../../../../arm-none-eabi/lib/thumb/v7m\libc.a(lib_a-strchr.o)
                              build/obj/shell.o (strchr)
c:/programs/yagarto/bin/../lib/gcc/arm-none-eabi/4.5.0/../../../../arm-none-eabi/lib/thumb/v7m\libc.a(lib_a-strspn.o)
                              build/obj/shell.o (strspn)
c:/programs/yagarto/bin/../lib/gcc/arm-none-eabi/4.5.0/../../../../arm-none-eabi/lib/thumb/v7m\libc.a(lib_a-ctype_.o)
                              c:/programs/yagarto/bin/../lib/gcc/arm-none-eabi/4.5.0/../../../../arm-none-eabi/lib/thumb/v7m\libc.a(lib_a-strcasecmp.o) (__ctype_ptr__)

Discarded input sections

 .text          0x00000000        0x0 build/obj/crt0.o
 .data          0x00000000        0x0 build/obj/crt0.o
 .bss           0x00000000        0x0 build/obj/crt0.o
 .text.__early_init
                0x00000000       0x10 build/obj/crt0.o
 .text          0x00000000        0x0 build/obj/vectors.o
 .data          0x00000000        0x0 build/obj/vectors.o
 .bss           0x00000000        0x0 build/obj/vectors.o
 .text          0x00000000        0x0 build/obj/chcore.o
 .data          0x00000000        0x0 build/obj/chcore.o
 .bss           0x00000000        0x0 build/obj/chcore.o
 .text          0x00000000        0x0 build/obj/chcore_v7m.o
 .data          0x00000000        0x0 build/obj/chcore_v7m.o
 .bss           0x00000000        0x0 build/obj/chcore_v7m.o
 .text          0x00000000        0x0 build/obj/nvic.o
 .data          0x00000000        0x0 build/obj/nvic.o
 .bss           0x00000000        0x0 build/obj/nvic.o
 .text.nvicDisableVector
                0x00000000       0x40 build/obj/nvic.o
 .text          0x00000000        0x0 build/obj/chsys.o
 .data          0x00000000        0x0 build/obj/chsys.o
 .bss           0x00000000        0x0 build/obj/chsys.o
 .text          0x00000000        0x0 build/obj/chdebug.o
 .data          0x00000000        0x0 build/obj/chdebug.o
 .bss           0x00000000        0x0 build/obj/chdebug.o
 .text.dbg_check_disable
                0x00000000       0x30 build/obj/chdebug.o
 .text.dbg_check_suspend
                0x00000000       0x30 build/obj/chdebug.o
 .text          0x00000000        0x0 build/obj/chlists.o
 .data          0x00000000        0x0 build/obj/chlists.o
 .bss           0x00000000        0x0 build/obj/chlists.o
 .text          0x00000000        0x0 build/obj/chvt.o
 .data          0x00000000        0x0 build/obj/chvt.o
 .bss           0x00000000        0x0 build/obj/chvt.o
 .text.chTimeIsWithin
                0x00000000       0x40 build/obj/chvt.o
 .text          0x00000000        0x0 build/obj/chschd.o
 .data          0x00000000        0x0 build/obj/chschd.o
 .bss           0x00000000        0x0 build/obj/chschd.o
 .text.chSchRescheduleS
                0x00000000       0x20 build/obj/chschd.o
 .text          0x00000000        0x0 build/obj/chthreads.o
 .data          0x00000000        0x0 build/obj/chthreads.o
 .bss           0x00000000        0x0 build/obj/chthreads.o
 .text._thread_memfill
                0x00000000       0x10 build/obj/chthreads.o
 .text.chThdSetPriority
                0x00000000       0x50 build/obj/chthreads.o
 .text.chThdResume
                0x00000000       0x40 build/obj/chthreads.o
 .text.chThdTerminate
                0x00000000       0x30 build/obj/chthreads.o
 .text.chThdSleepUntil
                0x00000000       0x30 build/obj/chthreads.o
 .text.chThdYield
                0x00000000       0x30 build/obj/chthreads.o
 .text.chThdWait
                0x00000000       0x60 build/obj/chthreads.o
 .text          0x00000000        0x0 build/obj/chdynamic.o
 .data          0x00000000        0x0 build/obj/chdynamic.o
 .bss           0x00000000        0x0 build/obj/chdynamic.o
 .text          0x00000000        0x0 build/obj/chregistry.o
 .data          0x00000000        0x0 build/obj/chregistry.o
 .bss           0x00000000        0x0 build/obj/chregistry.o
 .text.chRegFirstThread
                0x00000000       0x30 build/obj/chregistry.o
 .text.chRegNextThread
                0x00000000       0x30 build/obj/chregistry.o
 .text          0x00000000        0x0 build/obj/chsem.o
 .data          0x00000000        0x0 build/obj/chsem.o
 .bss           0x00000000        0x0 build/obj/chsem.o
 .text.chSemInit
                0x00000000       0x30 build/obj/chsem.o
 .text.chSemResetI
                0x00000000       0x70 build/obj/chsem.o
 .text.chSemReset
[...]
Memory Configuration

Name             Origin             Length             Attributes
flash            0x08000000         0x00010000
ram              0x20000000         0x00005000
*default*        0x00000000         0xffffffff

Linker script and memory map

LOAD build/obj/crt0.o
LOAD build/obj/vectors.o
LOAD build/obj/chcore.o
LOAD build/obj/chcore_v7m.o
LOAD build/obj/nvic.o
LOAD build/obj/chsys.o
LOAD build/obj/chdebug.o
LOAD build/obj/chlists.o
LOAD build/obj/chvt.o
LOAD build/obj/chschd.o
LOAD build/obj/chthreads.o
LOAD build/obj/chdynamic.o
LOAD build/obj/chregistry.o
LOAD build/obj/chsem.o
LOAD build/obj/chmtx.o
LOAD build/obj/chcond.o
LOAD build/obj/chevents.o
LOAD build/obj/chmsg.o
LOAD build/obj/chmboxes.o
LOAD build/obj/chqueues.o
LOAD build/obj/chmemcore.o
LOAD build/obj/chheap.o
LOAD build/obj/chmempools.o
LOAD build/obj/test.o
LOAD build/obj/testthd.o
LOAD build/obj/testsem.o
LOAD build/obj/testmtx.o
LOAD build/obj/testmsg.o
LOAD build/obj/testmbox.o
LOAD build/obj/testevt.o
LOAD build/obj/testheap.o
LOAD build/obj/testpools.o
LOAD build/obj/testdyn.o
LOAD build/obj/testqueues.o
LOAD build/obj/testbmk.o
LOAD build/obj/hal.o
LOAD build/obj/adc.o
LOAD build/obj/can.o
LOAD build/obj/ext.o
LOAD build/obj/gpt.o
LOAD build/obj/i2c.o
LOAD build/obj/icu.o
LOAD build/obj/mac.o
LOAD build/obj/pal.o
LOAD build/obj/pwm.o
LOAD build/obj/sdc.o
LOAD build/obj/serial.o
LOAD build/obj/spi.o
LOAD build/obj/uart.o
LOAD build/obj/usb.o
LOAD build/obj/tm.o
LOAD build/obj/mmc_spi.o
LOAD build/obj/serial_usb.o
LOAD build/obj/rtc.o
LOAD build/obj/stm32_dma.o
LOAD build/obj/hal_lld.o
LOAD build/obj/adc_lld.o
LOAD build/obj/can_lld.o
LOAD build/obj/ext_lld.o
LOAD build/obj/gpt_lld.o
LOAD build/obj/i2c_lld.o
LOAD build/obj/icu_lld.o
LOAD build/obj/mac_lld.o
LOAD build/obj/pwm_lld.o
LOAD build/obj/serial_lld.o
LOAD build/obj/sdc_lld.o
LOAD build/obj/spi_lld.o
LOAD build/obj/uart_lld.o
LOAD build/obj/pal_lld.o
LOAD build/obj/usb_lld.o
LOAD build/obj/rtc_lld.o
LOAD build/obj/board.o
LOAD build/obj/evtimer.o
LOAD build/obj/syscalls.o
LOAD build/obj/shell.o
LOAD build/obj/chprintf.o
LOAD build/obj/iwdg.o
LOAD build/obj/iwdg_lld.o
LOAD build/obj/main.o
LOAD build/obj/cpu_io.o
LOAD build/obj/led_ctrl.o
LOAD build/obj/adc_ctrl.o
LOAD build/obj/dac_ctrl.o
LOAD build/obj/timer_ctrl.o
START GROUP
LOAD c:/programs/yagarto/bin/../lib/gcc/arm-none-eabi/4.5.0/thumb/v7m\libgcc.a
LOAD c:/programs/yagarto/bin/../lib/gcc/arm-none-eabi/4.5.0/../../../../arm-none-eabi/lib/thumb/v7m\libc.a
END GROUP
                0x00000400                __main_stack_size__ = 0x400
                0x00000400                __process_stack_size__ = 0x400
                0x20000000                __ram_start__ = 0x20000000
                0x00005000                __ram_size__ = 0x5000
                0x20005000                __ram_end__ = (__ram_start__ + __ram_size__)
                0x00000000                . = 0x0
                0x00000000                _text = .

startup         0x08000000       0xec
 *(vectors)
 vectors        0x08000000       0xec build/obj/vectors.o
                0x08000000                _vectors

constructors    0x080000ec        0x0
                0x080000ec                PROVIDE (__init_array_start, .)
 *(SORT(.init_array.*))
 *(.init_array)
                0x080000ec                PROVIDE (__init_array_end, .)

destructors     0x080000ec        0x0
                0x080000ec                PROVIDE (__fini_array_start, .)
 *(.fini_array)
 *(SORT(.fini_array.*))
                0x080000ec                PROVIDE (__fini_array_end, .)

.text           0x080000f0     0x32fc
 *(.text.startup.*)
 *(.text)
 *(.text.*)
 .text.__late_init
                0x080000f0       0x10 build/obj/crt0.o
                0x080000f0                __late_init
 .text._default_exit
                0x08000100       0x10 build/obj/crt0.o
                0x08000100                _default_exit
 .text.ResetHandler
                0x08000110       0xd0 build/obj/crt0.o
                0x08000110                ResetHandler
 .text._unhandled_exception
                0x080001e0       0x10 build/obj/vectors.o
                0x080001e0                Vector58
                0x080001e0                VectorE8
                0x080001e0                Vector9C
                0x080001e0                VectorAC
                0x080001e0                Vector5C
                0x080001e0                NMIVector
                0x080001e0                Vector8C
                0x080001e0                VectorDC
                0x080001e0                VectorC8
                0x080001e0                Vector94
                0x080001e0                VectorA8
                0x080001e0                VectorB4
                0x080001e0                UsageFaultVector
                0x080001e0                DebugMonitorVector
                0x080001e0                Vector40
                0x080001e0                PendSVVector
                0x080001e0                Vector64
                0x080001e0                VectorCC
                0x080001e0                Vector54
                0x080001e0                Vector98
                0x080001e0                Vector24
                0x080001e0                BusFaultVector
                0x080001e0                VectorD0
                0x080001e0                VectorE4
                0x080001e0                HardFaultVector
                0x080001e0                VectorE0
                0x080001e0                MemManageVector
                0x080001e0                VectorA0
                0x080001e0                VectorC4
                0x080001e0                VectorB0
                0x080001e0                Vector90
                0x080001e0                Vector60
                0x080001e0                Vector1C
                0x080001e0                Vector48
                0x080001e0                Vector4C
                0x080001e0                Vector68
                0x080001e0                _unhandled_exception
                0x080001e0                Vector88
                0x080001e0                Vector50
                0x080001e0                Vector44
                0x080001e0                Vector28
                0x080001e0                VectorB8
                0x080001e0                Vector34
                0x080001e0                Vector20
 .text.port_halt
                0x080001f0       0x10 build/obj/chcore.o
                0x080001f0                port_halt
 .text._port_switch_from_isr
                0x08000200       0x10 build/obj/chcore_v7m.o
                0x08000200                _port_switch_from_isr
 .text.SVCallVector
                0x08000210       0x20 build/obj/chcore_v7m.o
                0x08000210                SVCallVector
 .text._port_init
                0x08000230       0x40 build/obj/chcore_v7m.o
                0x08000230                _port_init
 .text._port_irq_epilogue
                0x08000270       0x70 build/obj/chcore_v7m.o
                0x08000270                _port_irq_epilogue
 .text.SysTickVector
                0x080002e0       0x30 build/obj/chcore_v7m.o
                0x080002e0                SysTickVector
 .text._port_switch
                0x08000310       0x10 build/obj/chcore_v7m.o
                0x08000310                _port_switch
 .text._port_thread_start
                0x08000320       0x20 build/obj/chcore_v7m.o
                0x08000320                _port_thread_start
 .text.nvicEnableVector
                0x08000340       0x50 build/obj/nvic.o
                0x08000340                nvicEnableVector
 .text.nvicSetSystemHandlerPriority
                0x08000390       0x30 build/obj/nvic.o
                0x08000390                nvicSetSystemHandlerPriority
 .text._idle_thread
                0x080003c0       0x20 build/obj/chsys.o
                0x080003c0                _idle_thread
 .text.chSysInit
                0x080003e0       0x80 build/obj/chsys.o
                0x080003e0                chSysInit
 .text.chSysTimerHandlerI
                0x08000460       0x60 build/obj/chsys.o
                0x08000460                chSysTimerHandlerI
 .text.dbg_check_enable
                0x080004c0       0x30 build/obj/chdebug.o
                0x080004c0                dbg_check_enable
 .text.dbg_check_lock
                0x080004f0       0x30 build/obj/chdebug.o
                0x080004f0                dbg_check_lock
 .text.dbg_check_unlock
                0x08000520       0x40 build/obj/chdebug.o
                0x08000520                dbg_check_unlock
 .text.dbg_check_lock_from_isr
                0x08000560       0x40 build/obj/chdebug.o
                0x08000560                dbg_check_lock_from_isr
 .text.dbg_check_unlock_from_isr
                0x080005a0       0x40 build/obj/chdebug.o
                0x080005a0                dbg_check_unlock_from_isr
 .text.dbg_check_enter_isr
                0x080005e0       0x40 build/obj/chdebug.o
                0x080005e0                dbg_check_enter_isr
 .text.dbg_check_leave_isr
                0x08000620       0x40 build/obj/chdebug.o
                0x08000620                dbg_check_leave_isr
 .text.chDbgCheckClassI
                0x08000660       0x30 build/obj/chdebug.o
                0x08000660                chDbgCheckClassI
 .text.chDbgCheckClassS
                0x08000690       0x30 build/obj/chdebug.o
                0x08000690                chDbgCheckClassS
 .text._trace_init
                0x080006c0       0x20 build/obj/chdebug.o
                0x080006c0                _trace_init
 .text.dbg_trace
                0x080006e0       0x50 build/obj/chdebug.o
                0x080006e0                dbg_trace
 .text.chDbgPanic
                0x08000730       0x20 build/obj/chdebug.o
                0x08000730                chDbgPanic
 .text._vt_init
                0x08000750       0x20 build/obj/chvt.o
                0x08000750                _vt_init
 .text.chVTSetI
                0x08000770       0x70 build/obj/chvt.o
                0x08000770                chVTSetI
 .text.chVTResetI
                0x080007e0       0x50 build/obj/chvt.o
                0x080007e0                chVTResetI
 .text._scheduler_init
                0x08000830       0x20 build/obj/chschd.o
                0x08000830                _scheduler_init
 .text.chSchReadyI
                0x08000850       0x50 build/obj/chschd.o
                0x08000850                chSchReadyI
 .text.wakeup   0x080008a0       0x40 build/obj/chschd.o
 .text.chSchGoSleepS
                0x080008e0       0x50 build/obj/chschd.o
                0x080008e0                chSchGoSleepS
 .text.chSchGoSleepTimeoutS
                0x08000930       0x50 build/obj/chschd.o
                0x08000930                chSchGoSleepTimeoutS
 .text.chSchWakeupS
                0x08000980       0x60 build/obj/chschd.o
                0x08000980                chSchWakeupS
 .text.chSchDoReschedule
                0x080009e0       0x50 build/obj/chschd.o
                0x080009e0                chSchDoReschedule
 .text._thread_init
                0x08000a30       0x50 build/obj/chthreads.o
                0x08000a30                _thread_init
 .text.chThdCreateI
                0x08000a80       0xa0 build/obj/chthreads.o
                0x08000a80                chThdCreateI
 .text.chThdCreateStatic
                0x08000b20       0x70 build/obj/chthreads.o
                0x08000b20                chThdCreateStatic
 .text.chThdSleep
                0x08000b90       0x30 build/obj/chthreads.o
                0x08000b90                chThdSleep
 .text.chThdExitS
                0x08000bc0       0x50 build/obj/chthreads.o
                0x08000bc0                chThdExitS
 .text.chThdExit
                0x08000c10       0x20 build/obj/chthreads.o
                0x08000c10                chThdExit
 .text.chMtxInit
                0x08000c30       0x20 build/obj/chmtx.o
                0x08000c30                chMtxInit
 .text.chMtxLockS
                0x08000c50      0x110 build/obj/chmtx.o
                0x08000c50                chMtxLockS
 .text.chMtxLock
                0x08000d60       0x20 build/obj/chmtx.o
                0x08000d60                chMtxLock
 .text.chMtxUnlock
                0x08000d80       0x90 build/obj/chmtx.o
                0x08000d80                chMtxUnlock
 .text.chEvtSignalFlagsI
                0x08000e10       0x60 build/obj/chevents.o
                0x08000e10                chEvtSignalFlagsI
 .text.chEvtBroadcastFlagsI
                0x08000e70       0x40 build/obj/chevents.o
                0x08000e70                chEvtBroadcastFlagsI
 .text.qwait    0x08000eb0       0x30 build/obj/chqueues.o
 .text.chIQInit
                0x08000ee0       0x20 build/obj/chqueues.o
                0x08000ee0                chIQInit
 .text.chIQPutI
                0x08000f00       0x60 build/obj/chqueues.o
                0x08000f00                chIQPutI
 .text.chIQGetTimeout
                0x08000f60       0x60 build/obj/chqueues.o
                0x08000f60                chIQGetTimeout
 .text.chIQReadTimeout
                0x08000fc0       0x90 build/obj/chqueues.o
                0x08000fc0                chIQReadTimeout
 .text.chOQInit
                0x08001050       0x20 build/obj/chqueues.o
                0x08001050                chOQInit
 .text.chOQPutTimeout
                0x08001070       0x70 build/obj/chqueues.o
                0x08001070                chOQPutTimeout
 .text.chOQGetI
                0x080010e0       0x50 build/obj/chqueues.o
                0x080010e0                chOQGetI
 .text.chOQWriteTimeout
                0x08001130       0xb0 build/obj/chqueues.o
                0x08001130                chOQWriteTimeout
 .text._core_init
                0x080011e0       0x30 build/obj/chmemcore.o
                0x080011e0                _core_init
 .text.halInit  0x08001210       0x30 build/obj/hal.o
                0x08001210                halInit
 .text.gptInit  0x08001240       0x10 build/obj/gpt.o
                0x08001240                gptInit
 .text.gptObjectInit
                0x08001250       0x10 build/obj/gpt.o
                0x08001250                gptObjectInit
 .text.gptStartContinuousI
                0x08001260       0x40 build/obj/gpt.o
                0x08001260                gptStartContinuousI
 .text.gptStartContinuous
                0x080012a0       0x30 build/obj/gpt.o
                0x080012a0                gptStartContinuous
 .text.i2cInit  0x080012d0       0x10 build/obj/i2c.o
                0x080012d0                i2cInit
 .text.i2cObjectInit
                0x080012e0       0x20 build/obj/i2c.o
                0x080012e0                i2cObjectInit
 .text.putwouldblock
                0x08001300       0x10 build/obj/serial.o
 .text.getwouldblock
                0x08001310       0x10 build/obj/serial.o
 .text.getflags
                0x08001320       0x30 build/obj/serial.o
 .text.readt    0x08001350       0x10 build/obj/serial.o
 .text.reads    0x08001360       0x10 build/obj/serial.o
 .text.writet   0x08001370       0x10 build/obj/serial.o
 .text.writes   0x08001380       0x10 build/obj/serial.o
 .text.gett     0x08001390       0x10 build/obj/serial.o
 .text.putt     0x080013a0       0x10 build/obj/serial.o
 .text.sdInit   0x080013b0       0x10 build/obj/serial.o
                0x080013b0                sdInit
 .text.sdObjectInit
                0x080013c0       0x50 build/obj/serial.o
                0x080013c0                sdObjectInit
 .text.sdStart  0x08001410       0x50 build/obj/serial.o
                0x08001410                sdStart
 .text.sdIncomingDataI
                0x08001460       0x60 build/obj/serial.o
                0x08001460                sdIncomingDataI
 .text.spiInit  0x080014c0       0x10 build/obj/spi.o
                0x080014c0                spiInit
 .text.spiObjectInit
                0x080014d0       0x20 build/obj/spi.o
                0x080014d0                spiObjectInit
 .text.spiStart
                0x080014f0       0x60 build/obj/spi.o
                0x080014f0                spiStart
 .text.tm_start
                0x08001550       0x10 build/obj/tm.o
 .text.tm_stop  0x08001560       0x30 build/obj/tm.o
 .text.tmInit   0x08001590       0x50 build/obj/tm.o
                0x08001590                tmInit
 .text.Vector6C
                0x080015e0       0x40 build/obj/stm32_dma.o
                0x080015e0                Vector6C
 .text.Vector70
                0x08001620       0x40 build/obj/stm32_dma.o
                0x08001620                Vector70
 .text.Vector74
                0x08001660       0x40 build/obj/stm32_dma.o
                0x08001660                Vector74
 .text.Vector78
                0x080016a0       0x40 build/obj/stm32_dma.o
                0x080016a0                Vector78
 .text.Vector7C
                0x080016e0       0x40 build/obj/stm32_dma.o
                0x080016e0                Vector7C
 .text.Vector80
                0x08001720       0x40 build/obj/stm32_dma.o
                0x08001720                Vector80
 .text.Vector84
                0x08001760       0x40 build/obj/stm32_dma.o
                0x08001760                Vector84
 .text.dmaInit  0x080017a0       0x40 build/obj/stm32_dma.o
                0x080017a0                dmaInit
 .text.dmaStreamAllocate
                0x080017e0       0xb0 build/obj/stm32_dma.o
                0x080017e0                dmaStreamAllocate
 .text.hal_lld_init
                0x08001890       0xc0 build/obj/hal_lld.o
                0x08001890                hal_lld_init
 .text.stm32_clock_init
                0x08001950       0xb0 build/obj/hal_lld.o
                0x08001950                stm32_clock_init
 .text.VectorA4
                0x08001a00       0x40 build/obj/gpt_lld.o
                0x08001a00                VectorA4
 .text.gpt_lld_init
                0x08001a40       0x20 build/obj/gpt_lld.o
                0x08001a40                gpt_lld_init
 .text.gpt_lld_start_timer
                0x08001a60       0x20 build/obj/gpt_lld.o
                0x08001a60                gpt_lld_start_timer
 .text.VectorBC
                0x08001a80      0x1a0 build/obj/i2c_lld.o
                0x08001a80                VectorBC
 .text.VectorC0
                0x08001c20      0x170 build/obj/i2c_lld.o
                0x08001c20                VectorC0
 .text.i2c_lld_init
                0x08001d90       0x30 build/obj/i2c_lld.o
                0x08001d90                i2c_lld_init
 .text.notify1  0x08001dc0       0x20 build/obj/serial_lld.o
 .text.notify2  0x08001de0       0x20 build/obj/serial_lld.o
 .text.serve_interrupt
                0x08001e00      0x160 build/obj/serial_lld.o
 .text.VectorD4
                0x08001f60       0x20 build/obj/serial_lld.o
                0x08001f60                VectorD4
 .text.VectorD8
                0x08001f80       0x20 build/obj/serial_lld.o
                0x08001f80                VectorD8
 .text.sd_lld_init
                0x08001fa0       0x50 build/obj/serial_lld.o
                0x08001fa0                sd_lld_init
 .text.sd_lld_start
                0x08001ff0       0xb0 build/obj/serial_lld.o
                0x08001ff0                sd_lld_start
 .text.spi_lld_serve_tx_interrupt
                0x080020a0       0x10 build/obj/spi_lld.o
 .text.spi_lld_serve_rx_interrupt
                0x080020b0       0x90 build/obj/spi_lld.o
 .text.spi_lld_init
                0x08002140       0x80 build/obj/spi_lld.o
                0x08002140                spi_lld_init
 .text.spi_lld_start
                0x080021c0      0x120 build/obj/spi_lld.o
                0x080021c0                spi_lld_start
 .text.spi_lld_unselect
                0x080022e0       0x10 build/obj/spi_lld.o
                0x080022e0                spi_lld_unselect
 .text._pal_lld_init
                0x080022f0       0x90 build/obj/pal_lld.o
                0x080022f0                _pal_lld_init
 .text._pal_lld_setgroupmode
                0x08002380       0x70 build/obj/pal_lld.o
                0x08002380                _pal_lld_setgroupmode
 .text.__early_init
                0x080023f0       0x10 build/obj/board.o
                0x080023f0                __early_init
 .text.boardInit
                0x08002400       0x10 build/obj/board.o
                0x08002400                boardInit
 .text.main     0x08002410       0x30 build/obj/main.o
                0x08002410                main
 .text.writeResult
                0x08002440       0x40 build/obj/cpu_io.o
 .text.writeEom
                0x08002480       0x20 build/obj/cpu_io.o
 .text.get_adc  0x080024a0       0x40 build/obj/cpu_io.o
 .text.firmware_version
                0x080024e0       0x30 build/obj/cpu_io.o
 .text.hardware_version
                0x08002510       0x30 build/obj/cpu_io.o
 .text.set_dac2
                0x08002540       0x20 build/obj/cpu_io.o
 .text.set_dac1
                0x08002560       0x20 build/obj/cpu_io.o
 .text.set_led  0x08002580       0x10 build/obj/cpu_io.o
 .text.initCpuIo
                0x08002590       0x40 build/obj/cpu_io.o
                0x08002590                initCpuIo
 .text.processCpuIo
                0x080025d0       0xd0 build/obj/cpu_io.o
                0x080025d0                processCpuIo
 .text.ledsThread
                0x080026a0       0x70 build/obj/led_ctrl.o
 .text.initLed  0x08002710       0x60 build/obj/led_ctrl.o
                0x08002710                initLed
 .text.setLeds  0x08002770       0x30 build/obj/led_ctrl.o
                0x08002770                setLeds
 .text.onSpiComplete
                0x080027a0      0x180 build/obj/adc_ctrl.o
 .text.initAdc  0x08002920       0xb0 build/obj/adc_ctrl.o
                0x08002920                initAdc
 .text.instantAdc
                0x080029d0       0x40 build/obj/adc_ctrl.o
                0x080029d0                instantAdc
 .text.onSpiComplete
                0x08002a10       0x30 build/obj/dac_ctrl.o
 .text.initDac  0x08002a40       0xa0 build/obj/dac_ctrl.o
                0x08002a40                initDac
 .text.setDac   0x08002ae0       0x60 build/obj/dac_ctrl.o
                0x08002ae0                setDac
 .text.setDac1  0x08002b40       0x20 build/obj/dac_ctrl.o
                0x08002b40                setDac1
 .text.setDac2  0x08002b60       0x20 build/obj/dac_ctrl.o
                0x08002b60                setDac2
 .text.initTimer
                0x08002b80       0x20 build/obj/timer_ctrl.o
                0x08002b80                initTimer
 *(.rodata)
 *(.rodata.*)
 .rodata.str1.4
                0x08002ba0        0xd build/obj/chsys.o
                                 0x10 (size before relaxing)
 *fill*         0x08002bad        0x3 00
 .rodata.str1.4
                0x08002bb0       0x56 build/obj/chdebug.o
                                 0x58 (size before relaxing)
 *fill*         0x08002c06        0xa 00
 .rodata.str1.4
                0x08002c10       0x31 build/obj/chvt.o
                                 0x34 (size before relaxing)
 *fill*         0x08002c41        0xf 00
 .rodata.str1.4
                0x08002c50       0x23 build/obj/chschd.o
                                 0x24 (size before relaxing)
 *fill*         0x08002c73        0xd 00
 .rodata.str1.4
                0x08002c80       0x84 build/obj/chthreads.o
 *fill*         0x08002d04        0xc 00
 .rodata.str1.4
                0x08002d10       0xab build/obj/chmtx.o
                                 0xac (size before relaxing)
 *fill*         0x08002dbb        0x5 00
 .rodata.str1.4
                0x08002dc0       0x90 build/obj/chevents.o
 .rodata.str1.4
                0x08002e50       0x29 build/obj/chqueues.o
                                 0x2c (size before relaxing)
 *fill*         0x08002e79        0x7 00
 .rodata.str1.4
                0x08002e80       0xd9 build/obj/gpt.o
                                 0xdc (size before relaxing)
 *fill*         0x08002f59        0x7 00
 .rodata.str1.4
                0x08002f60       0x5f build/obj/serial.o
                                 0x60 (size before relaxing)
 *fill*         0x08002fbf        0x1 00
 .rodata.vmt    0x08002fc0       0x24 build/obj/serial.o
 *fill*         0x08002fe4        0xc 00
 .rodata.str1.4
                0x08002ff0      0x236 build/obj/spi.o
                                0x238 (size before relaxing)
 *fill*         0x08003226        0xa 00
 .rodata.str1.4
                0x08003230       0x31 build/obj/stm32_dma.o
                                 0x34 (size before relaxing)
 *fill*         0x08003261        0xf 00
 .rodata._stm32_dma_streams
                0x08003270       0x54 build/obj/stm32_dma.o
                0x08003270                _stm32_dma_streams
 *fill*         0x080032c4        0xc 00
 .rodata.default_config
                0x080032d0        0xc build/obj/serial_lld.o
 *fill*         0x080032dc        0x4 00
 .rodata.str1.4
                0x080032e0       0x50 build/obj/spi_lld.o
 .rodata.cfgtab.3386
                0x08003330       0x14 build/obj/pal_lld.o
 *fill*         0x08003344        0xc 00
 .rodata.pal_default_config
                0x08003350       0x3c build/obj/board.o
                0x08003350                pal_default_config
 *fill*         0x0800338c        0x4 00
 .rodata.funcs  0x08003390       0x18 build/obj/cpu_io.o
 *fill*         0x080033a8        0x8 00
 .rodata.str1.4
                0x080033b0       0x18 build/obj/cpu_io.o
 *fill*         0x080033c8        0x8 00
 .rodata.str1.4
                0x080033d0        0x4 build/obj/led_ctrl.o
 *fill*         0x080033d4        0xc 00
 .rodata.hs_spicfg
                0x080033e0        0xc build/obj/adc_ctrl.o
 *(.glue_7t)
 .glue_7t       0x00000000        0x0 linker stubs
 *(.glue_7)
 .glue_7        0x00000000        0x0 linker stubs
 *(.gcc*)

.vfp11_veneer   0x00000000        0x0
 .vfp11_veneer  0x00000000        0x0 linker stubs

.v4_bx          0x00000000        0x0
 .v4_bx         0x00000000        0x0 linker stubs

.ARM.extab
 *(.ARM.extab* .gnu.linkonce.armextab.*)

.ARM.exidx      0x080033ec        0x0
                0x080033ec                PROVIDE (__exidx_start, .)
 *(.ARM.exidx* .gnu.linkonce.armexidx.*)
                0x080033ec                PROVIDE (__exidx_end, .)

.eh_frame_hdr
 *(.eh_frame_hdr)

.eh_frame
 *(.eh_frame)

.textalign      0x080033ec        0x4
                0x080033f0                . = ALIGN (0x8)
 *fill*         0x080033ec        0x4 00
                0x080033f0                . = ALIGN (0x4)
                0x080033f0                _etext = .
                0x080033f0                _textdata = _etext

.stacks         0x20000000      0x800
                0x20000000                . = ALIGN (0x8)
                0x20000000                __main_stack_base__ = .
                0x20000400                . = (. + __main_stack_size__)
 *fill*         0x20000000      0x400 00
                0x20000400                . = ALIGN (0x8)
                0x20000400                __main_stack_end__ = .
                0x20000400                __process_stack_base__ = .
                0x20000400                __main_thread_stack_base__ = .
                0x20000800                . = (. + __process_stack_size__)
 *fill*         0x20000400      0x400 00
                0x20000800                . = ALIGN (0x8)
                0x20000800                __process_stack_end__ = .
                0x20000800                __main_thread_stack_end__ = .

.data           0x20000800       0x24 load address 0x080033f0
                0x20000800                . = ALIGN (0x4)
                0x20000800                PROVIDE (_data, .)
 *(.data)
                0x20000800                . = ALIGN (0x4)
 *(.data.*)
 .data.instantAdcData
                0x20000800       0x10 build/obj/adc_ctrl.o
 .data.signalMask
                0x20000810        0x4 build/obj/adc_ctrl.o
                0x20000810                signalMask
 .data.period   0x20000814        0x4 build/obj/adc_ctrl.o
                0x20000814                period
 .data.hs_spicfg
                0x20000818        0xc build/obj/dac_ctrl.o
                0x20000824                . = ALIGN (0x4)
 *(.ramtext)
                0x20000824                . = ALIGN (0x4)
                0x20000824                PROVIDE (_edata, .)

.bss            0x20000828     0x11a0 load address 0x08003414
                0x20000828                . = ALIGN (0x4)
                0x20000828                PROVIDE (_bss_start, .)
 *(.bss)
                0x20000828                . = ALIGN (0x4)
 *(.bss.*)
 .bss.mainthread.1986
                0x20000828       0x48 build/obj/chsys.o
 .bss._idle_thread_wa
                0x20000870       0xc0 build/obj/chsys.o
                0x20000870                _idle_thread_wa
 .bss.dbg_isr_cnt
                0x20000930        0x4 build/obj/chdebug.o
                0x20000930                dbg_isr_cnt
 .bss.dbg_trace_buffer
                0x20000934      0x408 build/obj/chdebug.o
                0x20000934                dbg_trace_buffer
 .bss.dbg_lock_cnt
                0x20000d3c        0x4 build/obj/chdebug.o
                0x20000d3c                dbg_lock_cnt
 .bss.dbg_panic_msg
                0x20000d40        0x4 build/obj/chdebug.o
                0x20000d40                dbg_panic_msg
 .bss.vtlist    0x20000d44       0x10 build/obj/chvt.o
                0x20000d44                vtlist
 .bss.rlist     0x20000d54       0x20 build/obj/chschd.o
                0x20000d54                rlist
 .bss.endmem    0x20000d74        0x4 build/obj/chmemcore.o
 .bss.nextmem   0x20000d78        0x4 build/obj/chmemcore.o
 .bss.measurement_offset
                0x20000d7c        0x4 build/obj/tm.o
 .bss.dma_isr_redir
                0x20000d80       0x38 build/obj/stm32_dma.o
 .bss.dma_streams_mask
                0x20000db8        0x4 build/obj/stm32_dma.o
 .bss.GPTD1     0x20000dbc       0x10 build/obj/gpt_lld.o
                0x20000dbc                GPTD1
 .bss.I2CD1     0x20000dcc       0x58 build/obj/i2c_lld.o
                0x20000dcc                I2CD1
 .bss.SD1       0x20000e24      0x454 build/obj/serial_lld.o
                0x20000e24                SD1
 .bss.SD2       0x20001278      0x454 build/obj/serial_lld.o
                0x20001278                SD2
 .bss.dummytx   0x200016cc        0x2 build/obj/spi_lld.o
 *fill*         0x200016ce        0x2 00
 .bss.SPID1     0x200016d0       0x30 build/obj/spi_lld.o
                0x200016d0                SPID1
 .bss.SPID2     0x20001700       0x30 build/obj/spi_lld.o
                0x20001700                SPID2
 .bss.out_index.3767
                0x20001730        0x4 build/obj/cpu_io.o
 .bss.buffer    0x20001734       0x20 build/obj/cpu_io.o
 .bss.args      0x20001754       0x20 build/obj/cpu_io.o
 .bss.slash.3766
                0x20001774        0x1 build/obj/cpu_io.o
 *fill*         0x20001775        0x3 00
 .bss.mutex     0x20001778       0x10 build/obj/led_ctrl.o
 .bss.value     0x20001788        0x4 build/obj/led_ctrl.o
 *fill*         0x2000178c        0x4 00
 .bss.waLeds    0x20001790      0x1b0 build/obj/led_ctrl.o
 .bss.arg.3422  0x20001940        0x4 build/obj/led_ctrl.o
 .bss.adc_queue
                0x20001944       0x20 build/obj/adc_ctrl.o
                0x20001944                adc_queue
 .bss.adc_rx_buffer
                0x20001964        0x4 build/obj/adc_ctrl.o
                0x20001964                adc_rx_buffer
 .bss.adcIndex  0x20001968        0x4 build/obj/adc_ctrl.o
 .bss.elapsed   0x2000196c        0x4 build/obj/adc_ctrl.o
                0x2000196c                elapsed
 .bss.adc_queue_buffer
                0x20001970       0x20 build/obj/adc_ctrl.o
                0x20001970                adc_queue_buffer
 .bss.dac_queue
                0x20001990       0x20 build/obj/dac_ctrl.o
                0x20001990                dac_queue
 .bss.dac_queue_buffer
                0x200019b0       0x18 build/obj/dac_ctrl.o
                0x200019b0                dac_queue_buffer
                0x200019c8                . = ALIGN (0x4)
 *(COMMON)
                0x200019c8                . = ALIGN (0x4)
                0x200019c8                PROVIDE (_bss_end, .)
                0x200019c8                PROVIDE (end, .)
                0x200019c8                _end = .
                0x200019c8                __heap_base__ = _end
                0x20005000                __heap_end__ = __ram_end__
OUTPUT(build/digitizer.elf elf32-littlearm)

.debug_abbrev   0x00000000     0x7142
 .debug_abbrev  0x00000000       0xe2 build/obj/crt0.o
 .debug_abbrev  0x000000e2       0x7d build/obj/vectors.o
 .debug_abbrev  0x0000015f       0x4a build/obj/chcore.o
 .debug_abbrev  0x000001a9      0x1bd build/obj/chcore_v7m.o
 .debug_abbrev  0x00000366      0x10c build/obj/nvic.o
 .debug_abbrev  0x00000472      0x185 build/obj/chsys.o
 .debug_abbrev  0x000005f7      0x1f3 build/obj/chdebug.o
 .debug_abbrev  0x000007ea       0x33 build/obj/chlists.o
 .debug_abbrev  0x0000081d      0x146 build/obj/chvt.o
 .debug_abbrev  0x00000963      0x26d build/obj/chschd.o
 .debug_abbrev  0x00000bd0      0x2e1 build/obj/chthreads.o
 .debug_abbrev  0x00000eb1       0x33 build/obj/chdynamic.o
 .debug_abbrev  0x00000ee4      0x137 build/obj/chregistry.o
 .debug_abbrev  0x0000101b      0x256 build/obj/chsem.o
 .debug_abbrev  0x00001271      0x236 build/obj/chmtx.o
 .debug_abbrev  0x000014a7      0x238 build/obj/chcond.o
 .debug_abbrev  0x000016df      0x1ca build/obj/chevents.o
 .debug_abbrev  0x000018a9      0x1b4 build/obj/chmsg.o
 .debug_abbrev  0x00001a5d      0x1c7 build/obj/chmboxes.o
 .debug_abbrev  0x00001c24      0x2f4 build/obj/chqueues.o
 .debug_abbrev  0x00001f18       0xf7 build/obj/chmemcore.o
 .debug_abbrev  0x0000200f       0x33 build/obj/chheap.o
 .debug_abbrev  0x00002042       0x33 build/obj/chmempools.o
 .debug_abbrev  0x00002075      0x402 build/obj/test.o
 .debug_abbrev  0x00002477      0x1bc build/obj/testthd.o
 .debug_abbrev  0x00002633      0x237 build/obj/testsem.o
 .debug_abbrev  0x0000286a      0x277 build/obj/testmtx.o
 .debug_abbrev  0x00002ae1      0x16d build/obj/testmsg.o
 .debug_abbrev  0x00002c4e      0x1b5 build/obj/testmbox.o
 .debug_abbrev  0x00002e03      0x22b build/obj/testevt.o
 .debug_abbrev  0x0000302e       0x8b build/obj/testheap.o
 .debug_abbrev  0x000030b9       0x8b build/obj/testpools.o
 .debug_abbrev  0x00003144       0x8b build/obj/testdyn.o
 .debug_abbrev  0x000031cf      0x212 build/obj/testqueues.o
 .debug_abbrev  0x000033e1      0x2b8 build/obj/testbmk.o
 .debug_abbrev  0x00003699      0x184 build/obj/hal.o
 .debug_abbrev  0x0000381d       0x58 build/obj/adc.o
 .debug_abbrev  0x00003875       0x58 build/obj/can.o
 .debug_abbrev  0x000038cd       0x58 build/obj/ext.o
 .debug_abbrev  0x00003925      0x169 build/obj/gpt.o
 .debug_abbrev  0x00003a8e      0x240 build/obj/i2c.o
 .debug_abbrev  0x00003cce       0x58 build/obj/icu.o
 .debug_abbrev  0x00003d26       0x58 build/obj/mac.o
 .debug_abbrev  0x00003d7e      0x105 build/obj/pal.o
 .debug_abbrev  0x00003e83       0x58 build/obj/pwm.o
 .debug_abbrev  0x00003edb       0x58 build/obj/sdc.o
 .debug_abbrev  0x00003f33      0x239 build/obj/serial.o
 .debug_abbrev  0x0000416c      0x1f9 build/obj/spi.o
 .debug_abbrev  0x00004365       0x58 build/obj/uart.o
 .debug_abbrev  0x000043bd       0x58 build/obj/usb.o
 .debug_abbrev  0x00004415      0x169 build/obj/tm.o
 .debug_abbrev  0x0000457e       0x58 build/obj/mmc_spi.o
 .debug_abbrev  0x000045d6       0x58 build/obj/serial_usb.o
 .debug_abbrev  0x0000462e       0x58 build/obj/rtc.o
 .debug_abbrev  0x00004686      0x193 build/obj/stm32_dma.o
 .debug_abbrev  0x00004819       0xff build/obj/hal_lld.o
 .debug_abbrev  0x00004918       0x58 build/obj/adc_lld.o
 .debug_abbrev  0x00004970       0x58 build/obj/can_lld.o
 .debug_abbrev  0x000049c8       0x58 build/obj/ext_lld.o
 .debug_abbrev  0x00004a20      0x23a build/obj/gpt_lld.o
 .debug_abbrev  0x00004c5a      0x353 build/obj/i2c_lld.o
 .debug_abbrev  0x00004fad       0x58 build/obj/icu_lld.o
 .debug_abbrev  0x00005005       0x58 build/obj/mac_lld.o
 .debug_abbrev  0x0000505d       0x58 build/obj/pwm_lld.o
 .debug_abbrev  0x000050b5      0x2ee build/obj/serial_lld.o
 .debug_abbrev  0x000053a3       0x58 build/obj/sdc_lld.o
 .debug_abbrev  0x000053fb      0x26f build/obj/spi_lld.o
 .debug_abbrev  0x0000566a       0x58 build/obj/uart_lld.o
 .debug_abbrev  0x000056c2      0x158 build/obj/pal_lld.o
 .debug_abbrev  0x0000581a       0x58 build/obj/usb_lld.o
 .debug_abbrev  0x00005872       0x58 build/obj/rtc_lld.o
 .debug_abbrev  0x000058ca       0xc7 build/obj/board.o
 .debug_abbrev  0x00005991      0x153 build/obj/evtimer.o
 .debug_abbrev  0x00005ae4      0x1e5 build/obj/syscalls.o
 .debug_abbrev  0x00005cc9      0x2e2 build/obj/shell.o
 .debug_abbrev  0x00005fab      0x167 build/obj/chprintf.o
 .debug_abbrev  0x00006112      0x141 build/obj/iwdg.o
 .debug_abbrev  0x00006253      0x16d build/obj/iwdg_lld.o
 .debug_abbrev  0x000063c0       0x71 build/obj/main.o
 .debug_abbrev  0x00006431      0x2be build/obj/cpu_io.o
 .debug_abbrev  0x000066ef      0x1cc build/obj/led_ctrl.o
 .debug_abbrev  0x000068bb      0x249 build/obj/adc_ctrl.o
 .debug_abbrev  0x00006b04      0x230 build/obj/dac_ctrl.o
 .debug_abbrev  0x00006d34      0x10f build/obj/timer_ctrl.o
 .debug_abbrev  0x00006e43       0xa5 c:/programs/yagarto/bin/../lib/gcc/arm-none-eabi/4.5.0/../../../../arm-none-eabi/lib/thumb/v7m\libc.a(lib_a-memset.o)
 .debug_abbrev  0x00006ee8       0xd1 c:/programs/yagarto/bin/../lib/gcc/arm-none-eabi/4.5.0/../../../../arm-none-eabi/lib/thumb/v7m\libc.a(lib_a-strcasecmp.o)
 .debug_abbrev  0x00006fb9       0x89 c:/programs/yagarto/bin/../lib/gcc/arm-none-eabi/4.5.0/../../../../arm-none-eabi/lib/thumb/v7m\libc.a(lib_a-strchr.o)
 .debug_abbrev  0x00007042       0x94 c:/programs/yagarto/bin/../lib/gcc/arm-none-eabi/4.5.0/../../../../arm-none-eabi/lib/thumb/v7m\libc.a(lib_a-strspn.o)
 .debug_abbrev  0x000070d6       0x6c c:/programs/yagarto/bin/../lib/gcc/arm-none-eabi/4.5.0/../../../../arm-none-eabi/lib/thumb/v7m\libc.a(lib_a-ctype_.o)

.debug_info     0x00000000    0x1d167
 .debug_info    0x00000000      0x348 build/obj/crt0.o
 .debug_info    0x00000348       0xb8 build/obj/vectors.o
 .debug_info    0x00000400       0x8e build/obj/chcore.o
 .debug_info    0x0000048e      0x7f1 build/obj/chcore_v7m.o
 .debug_info    0x00000c7f      0x43b build/obj/nvic.o
 .debug_info    0x000010ba      0x654 build/obj/chsys.o
 .debug_info    0x0000170e      0x984 build/obj/chdebug.o
 .debug_info    0x00002092       0x76 build/obj/chlists.o
 .debug_info    0x00002108      0x283 build/obj/chvt.o
 .debug_info    0x0000238b      0x7a7 build/obj/chschd.o
 .debug_info    0x00002b32      0xb7d build/obj/chthreads.o
 .debug_info    0x000036af       0x76 build/obj/chdynamic.o
 .debug_info    0x00003725      0x51f build/obj/chregistry.o
 .debug_info    0x00003c44      0x9f5 build/obj/chsem.o
 .debug_info    0x00004639      0x952 build/obj/chmtx.o
 .debug_info    0x00004f8b      0x88b build/obj/chcond.o
 .debug_info    0x00005816      0xc4b build/obj/chevents.o
 .debug_info    0x00006461      0x639 build/obj/chmsg.o
 .debug_info    0x00006a9a      0x880 build/obj/chmboxes.o
 .debug_info    0x0000731a      0xb23 build/obj/chqueues.o
 .debug_info    0x00007e3d      0x1db build/obj/chmemcore.o
 .debug_info    0x00008018       0x76 build/obj/chheap.o
 .debug_info    0x0000808e       0x76 build/obj/chmempools.o
 .debug_info    0x00008104      0xfca build/obj/test.o
 .debug_info    0x000090ce      0x7e0 build/obj/testthd.o
 .debug_info    0x000098ae      0x984 build/obj/testsem.o
 .debug_info    0x0000a232      0xc8a build/obj/testmtx.o
 .debug_info    0x0000aebc      0x5a5 build/obj/testmsg.o
 .debug_info    0x0000b461      0xc49 build/obj/testmbox.o
 .debug_info    0x0000c0aa      0x8fc build/obj/testevt.o
 .debug_info    0x0000c9a6      0x100 build/obj/testheap.o
 .debug_info    0x0000caa6      0x100 build/obj/testpools.o
 .debug_info    0x0000cba6      0x101 build/obj/testdyn.o
 .debug_info    0x0000cca7      0xed1 build/obj/testqueues.o
 .debug_info    0x0000db78      0xdce build/obj/testbmk.o
 .debug_info    0x0000e946      0x2f7 build/obj/hal.o
 .debug_info    0x0000ec3d       0xa2 build/obj/adc.o
 .debug_info    0x0000ecdf       0xa2 build/obj/can.o
 .debug_info    0x0000ed81       0xa2 build/obj/ext.o
 .debug_info    0x0000ee23      0x6c7 build/obj/gpt.o
 .debug_info    0x0000f4ea      0xc33 build/obj/i2c.o
 .debug_info    0x0001011d       0xa2 build/obj/icu.o
 .debug_info    0x000101bf       0xa2 build/obj/mac.o
 .debug_info    0x00010261      0x248 build/obj/pal.o
 .debug_info    0x000104a9       0xa2 build/obj/pwm.o
 .debug_info    0x0001054b       0xa2 build/obj/sdc.o
 .debug_info    0x000105ed      0xde7 build/obj/serial.o
 .debug_info    0x000113d4      0xe7c build/obj/spi.o
 .debug_info    0x00012250       0xa2 build/obj/uart.o
 .debug_info    0x000122f2       0xa2 build/obj/usb.o
 .debug_info    0x00012394      0x2a3 build/obj/tm.o
 .debug_info    0x00012637       0xa2 build/obj/mmc_spi.o
 .debug_info    0x000126d9       0xa2 build/obj/serial_usb.o
 .debug_info    0x0001277b       0xa2 build/obj/rtc.o
 .debug_info    0x0001281d      0x64a build/obj/stm32_dma.o
 .debug_info    0x00012e67      0x3b5 build/obj/hal_lld.o
 .debug_info    0x0001321c       0xa2 build/obj/adc_lld.o
 .debug_info    0x000132be       0xa2 build/obj/can_lld.o
 .debug_info    0x00013360       0xa2 build/obj/ext_lld.o
 .debug_info    0x00013402      0x758 build/obj/gpt_lld.o
 .debug_info    0x00013b5a     0x148d build/obj/i2c_lld.o
 .debug_info    0x00014fe7       0xa2 build/obj/icu_lld.o
 .debug_info    0x00015089       0xa2 build/obj/mac_lld.o
 .debug_info    0x0001512b       0xa2 build/obj/pwm_lld.o
 .debug_info    0x000151cd      0xe9c build/obj/serial_lld.o
 .debug_info    0x00016069       0xa2 build/obj/sdc_lld.o
 .debug_info    0x0001610b      0xc3e build/obj/spi_lld.o
 .debug_info    0x00016d49       0xa2 build/obj/uart_lld.o
 .debug_info    0x00016deb      0x39a build/obj/pal_lld.o
 .debug_info    0x00017185       0xa2 build/obj/usb_lld.o
 .debug_info    0x00017227       0xa2 build/obj/rtc_lld.o
 .debug_info    0x000172c9      0x189 build/obj/board.o
 .debug_info    0x00017452      0x5cf build/obj/evtimer.o
 .debug_info    0x00017a21      0xcc9 build/obj/syscalls.o
 .debug_info    0x000186ea      0xc77 build/obj/shell.o
 .debug_info    0x00019361      0x3fd build/obj/chprintf.o
 .debug_info    0x0001975e      0x29e build/obj/iwdg.o
 .debug_info    0x000199fc      0x259 build/obj/iwdg_lld.o
 .debug_info    0x00019c55       0xbf build/obj/main.o
 .debug_info    0x00019d14      0xd18 build/obj/cpu_io.o
 .debug_info    0x0001aa2c      0x639 build/obj/led_ctrl.o
 .debug_info    0x0001b065      0xc40 build/obj/adc_ctrl.o
 .debug_info    0x0001bca5      0xbf0 build/obj/dac_ctrl.o
 .debug_info    0x0001c895      0x3e6 build/obj/timer_ctrl.o
 .debug_info    0x0001cc7b      0x117 c:/programs/yagarto/bin/../lib/gcc/arm-none-eabi/4.5.0/../../../../arm-none-eabi/lib/thumb/v7m\libc.a(lib_a-memset.o)
 .debug_info    0x0001cd92      0x15e c:/programs/yagarto/bin/../lib/gcc/arm-none-eabi/4.5.0/../../../../arm-none-eabi/lib/thumb/v7m\libc.a(lib_a-strcasecmp.o)
 .debug_info    0x0001cef0      0x116 c:/programs/yagarto/bin/../lib/gcc/arm-none-eabi/4.5.0/../../../../arm-none-eabi/lib/thumb/v7m\libc.a(lib_a-strchr.o)
 .debug_info    0x0001d006       0xda c:/programs/yagarto/bin/../lib/gcc/arm-none-eabi/4.5.0/../../../../arm-none-eabi/lib/thumb/v7m\libc.a(lib_a-strspn.o)
 .debug_info    0x0001d0e0       0x87 c:/programs/yagarto/bin/../lib/gcc/arm-none-eabi/4.5.0/../../../../arm-none-eabi/lib/thumb/v7m\libc.a(lib_a-ctype_.o)

.debug_line     0x00000000     0xa33a
 .debug_line    0x00000000      0x115 build/obj/crt0.o
 .debug_line    0x00000115       0x69 build/obj/vectors.o
 .debug_line    0x0000017e       0x5e build/obj/chcore.o
 .debug_line    0x000001dc      0x1f3 build/obj/chcore_v7m.o
 .debug_line    0x000003cf       0xf0 build/obj/nvic.o
 .debug_line    0x000004bf      0x190 build/obj/chsys.o
 .debug_line    0x0000064f      0x2f6 build/obj/chdebug.o
 .debug_line    0x00000945       0x1d build/obj/chlists.o
 .debug_line    0x00000962      0x184 build/obj/chvt.o
 .debug_line    0x00000ae6      0x2b8 build/obj/chschd.o
 .debug_line    0x00000d9e      0x38c build/obj/chthreads.o
 .debug_line    0x0000112a       0x1d build/obj/chdynamic.o
 .debug_line    0x00001147      0x158 build/obj/chregistry.o
 .debug_line    0x0000129f      0x3f6 build/obj/chsem.o
 .debug_line    0x00001695      0x366 build/obj/chmtx.o
 .debug_line    0x000019fb      0x2c1 build/obj/chcond.o
 .debug_line    0x00001cbc      0x324 build/obj/chevents.o
 .debug_line    0x00001fe0      0x1c0 build/obj/chmsg.o
 .debug_line    0x000021a0      0x2b1 build/obj/chmboxes.o
 .debug_line    0x00002451      0x3b9 build/obj/chqueues.o
 .debug_line    0x0000280a      0x137 build/obj/chmemcore.o
 .debug_line    0x00002941       0x1d build/obj/chheap.o
 .debug_line    0x0000295e       0x1d build/obj/chmempools.o
 .debug_line    0x0000297b      0x4b4 build/obj/test.o
 .debug_line    0x00002e2f      0x1ea build/obj/testthd.o
 .debug_line    0x00003019      0x2c4 build/obj/testsem.o
 .debug_line    0x000032dd      0x47e build/obj/testmtx.o
 .debug_line    0x0000375b      0x163 build/obj/testmsg.o
 .debug_line    0x000038be      0x283 build/obj/testmbox.o
 .debug_line    0x00003b41      0x280 build/obj/testevt.o
 .debug_line    0x00003dc1       0x4b build/obj/testheap.o
 .debug_line    0x00003e0c       0x4c build/obj/testpools.o
 .debug_line    0x00003e58       0x4a build/obj/testdyn.o
 .debug_line    0x00003ea2      0x3f8 build/obj/testqueues.o
 .debug_line    0x0000429a      0x5c4 build/obj/testbmk.o
 .debug_line    0x0000485e      0x210 build/obj/hal.o
 .debug_line    0x00004a6e       0xa9 build/obj/adc.o
 .debug_line    0x00004b17       0xa9 build/obj/can.o
 .debug_line    0x00004bc0       0xa9 build/obj/ext.o
 .debug_line    0x00004c69      0x27a build/obj/gpt.o
 .debug_line    0x00004ee3      0x3bd build/obj/i2c.o
 .debug_line    0x000052a0       0xa9 build/obj/icu.o
 .debug_line    0x00005349       0xa9 build/obj/mac.o
 .debug_line    0x000053f2      0x1ce build/obj/pal.o
 .debug_line    0x000055c0       0xa9 build/obj/pwm.o
 .debug_line    0x00005669       0xa9 build/obj/sdc.o
 .debug_line    0x00005712      0x3cf build/obj/serial.o
 .debug_line    0x00005ae1      0x565 build/obj/spi.o
 .debug_line    0x00006046       0xa9 build/obj/uart.o
 .debug_line    0x000060ef       0xa9 build/obj/usb.o
 .debug_line    0x00006198      0x1dc build/obj/tm.o
 .debug_line    0x00006374       0xa9 build/obj/mmc_spi.o
 .debug_line    0x0000641d       0xa9 build/obj/serial_usb.o
 .debug_line    0x000064c6       0xa9 build/obj/rtc.o
 .debug_line    0x0000656f      0x290 build/obj/stm32_dma.o
 .debug_line    0x000067ff      0x1b0 build/obj/hal_lld.o
 .debug_line    0x000069af       0xa9 build/obj/adc_lld.o
 .debug_line    0x00006a58       0xa9 build/obj/can_lld.o
 .debug_line    0x00006b01       0xa9 build/obj/ext_lld.o
 .debug_line    0x00006baa      0x22d build/obj/gpt_lld.o
 .debug_line    0x00006dd7      0x634 build/obj/i2c_lld.o
 .debug_line    0x0000740b       0xa9 build/obj/icu_lld.o
 .debug_line    0x000074b4       0xa9 build/obj/mac_lld.o
 .debug_line    0x0000755d       0xa9 build/obj/pwm_lld.o
 .debug_line    0x00007606      0x381 build/obj/serial_lld.o
 .debug_line    0x00007987       0xa9 build/obj/sdc_lld.o
 .debug_line    0x00007a30      0x44f build/obj/spi_lld.o
 .debug_line    0x00007e7f       0xa9 build/obj/uart_lld.o
 .debug_line    0x00007f28      0x199 build/obj/pal_lld.o
 .debug_line    0x000080c1       0xa9 build/obj/usb_lld.o
 .debug_line    0x0000816a       0xa9 build/obj/rtc_lld.o
 .debug_line    0x00008213      0x119 build/obj/board.o
 .debug_line    0x0000832c      0x180 build/obj/evtimer.o
 .debug_line    0x000084ac      0x1a3 build/obj/syscalls.o
 .debug_line    0x0000864f      0x337 build/obj/shell.o
 .debug_line    0x00008986      0x266 build/obj/chprintf.o
 .debug_line    0x00008bec      0x15d build/obj/iwdg.o
 .debug_line    0x00008d49      0x158 build/obj/iwdg_lld.o
 .debug_line    0x00008ea1       0xd4 build/obj/main.o
 .debug_line    0x00008f75      0x40a build/obj/cpu_io.o
 .debug_line    0x0000937f      0x26a build/obj/led_ctrl.o
 .debug_line    0x000095e9      0x396 build/obj/adc_ctrl.o
 .debug_line    0x0000997f      0x380 build/obj/dac_ctrl.o
 .debug_line    0x00009cff      0x13b build/obj/timer_ctrl.o
 .debug_line    0x00009e3a      0x16f c:/programs/yagarto/bin/../lib/gcc/arm-none-eabi/4.5.0/../../../../arm-none-eabi/lib/thumb/v7m\libc.a(lib_a-memset.o)
 .debug_line    0x00009fa9       0xd3 c:/programs/yagarto/bin/../lib/gcc/arm-none-eabi/4.5.0/../../../../arm-none-eabi/lib/thumb/v7m\libc.a(lib_a-strcasecmp.o)
 .debug_line    0x0000a07c      0x13a c:/programs/yagarto/bin/../lib/gcc/arm-none-eabi/4.5.0/../../../../arm-none-eabi/lib/thumb/v7m\libc.a(lib_a-strchr.o)
 .debug_line    0x0000a1b6      0x121 c:/programs/yagarto/bin/../lib/gcc/arm-none-eabi/4.5.0/../../../../arm-none-eabi/lib/thumb/v7m\libc.a(lib_a-strspn.o)
 .debug_line    0x0000a2d7       0x63 c:/programs/yagarto/bin/../lib/gcc/arm-none-eabi/4.5.0/../../../../arm-none-eabi/lib/thumb/v7m\libc.a(lib_a-ctype_.o)

.debug_loc      0x00000000     0xb1f5
 .debug_loc     0x00000000       0x72 build/obj/crt0.o
 .debug_loc     0x00000072      0x11b build/obj/chcore_v7m.o
 .debug_loc     0x0000018d       0xea build/obj/nvic.o
 .debug_loc     0x00000277       0x9e build/obj/chsys.o
 .debug_loc     0x00000315      0x2ba build/obj/chdebug.o
 .debug_loc     0x000005cf      0x143 build/obj/chvt.o
 .debug_loc     0x00000712      0x287 build/obj/chschd.o
 .debug_loc     0x00000999      0x64a build/obj/chthreads.o
 .debug_loc     0x00000fe3       0xe7 build/obj/chregistry.o
 .debug_loc     0x000010ca      0x696 build/obj/chsem.o
 .debug_loc     0x00001760      0x59a build/obj/chmtx.o
 .debug_loc     0x00001cfa      0x52a build/obj/chcond.o
 .debug_loc     0x00002224      0x9c0 build/obj/chevents.o
 .debug_loc     0x00002be4      0x1d1 build/obj/chmsg.o
 .debug_loc     0x00002db5      0x615 build/obj/chmboxes.o
 .debug_loc     0x000033ca      0x6c5 build/obj/chqueues.o
 .debug_loc     0x00003a8f       0xed build/obj/chmemcore.o
 .debug_loc     0x00003b7c      0x53e build/obj/test.o
 .debug_loc     0x000040ba      0x1f3 build/obj/testthd.o
 .debug_loc     0x000042ad      0x2f8 build/obj/testsem.o
 .debug_loc     0x000045a5      0x684 build/obj/testmtx.o
 .debug_loc     0x00004c29       0xe0 build/obj/testmsg.o
 .debug_loc     0x00004d09      0x677 build/obj/testmbox.o
 .debug_loc     0x00005380      0x2e2 build/obj/testevt.o
 .debug_loc     0x00005662      0x6df build/obj/testqueues.o
 .debug_loc     0x00005d41      0x6b2 build/obj/testbmk.o
 .debug_loc     0x000063f3       0x6f build/obj/hal.o
 .debug_loc     0x00006462      0x389 build/obj/gpt.o
 .debug_loc     0x000067eb      0x4c1 build/obj/i2c.o
 .debug_loc     0x00006cac       0xf6 build/obj/pal.o
 .debug_loc     0x00006da2      0x54d build/obj/serial.o
 .debug_loc     0x000072ef      0x788 build/obj/spi.o
 .debug_loc     0x00007a77       0x3f build/obj/tm.o
 .debug_loc     0x00007ab6      0x2ae build/obj/stm32_dma.o
 .debug_loc     0x00007d64       0x20 build/obj/hal_lld.o
 .debug_loc     0x00007d84      0x120 build/obj/gpt_lld.o
 .debug_loc     0x00007ea4      0x9fc build/obj/i2c_lld.o
 .debug_loc     0x000088a0      0x347 build/obj/serial_lld.o
 .debug_loc     0x00008be7      0x352 build/obj/spi_lld.o
 .debug_loc     0x00008f39      0x14c build/obj/pal_lld.o
 .debug_loc     0x00009085       0x20 build/obj/board.o
 .debug_loc     0x000090a5      0x124 build/obj/evtimer.o
 .debug_loc     0x000091c9      0x167 build/obj/syscalls.o
 .debug_loc     0x00009330      0x5e3 build/obj/shell.o
 .debug_loc     0x00009913      0x6c7 build/obj/chprintf.o
 .debug_loc     0x00009fda      0x106 build/obj/iwdg.o
 .debug_loc     0x0000a0e0       0x45 build/obj/iwdg_lld.o
 .debug_loc     0x0000a125       0x20 build/obj/main.o
 .debug_loc     0x0000a145      0x3e4 build/obj/cpu_io.o
 .debug_loc     0x0000a529       0xdb build/obj/led_ctrl.o
 .debug_loc     0x0000a604      0x385 build/obj/adc_ctrl.o
 .debug_loc     0x0000a989      0x390 build/obj/dac_ctrl.o
 .debug_loc     0x0000ad19       0x20 build/obj/timer_ctrl.o
 .debug_loc     0x0000ad39      0x17e c:/programs/yagarto/bin/../lib/gcc/arm-none-eabi/4.5.0/../../../../arm-none-eabi/lib/thumb/v7m\libc.a(lib_a-memset.o)
 .debug_loc     0x0000aeb7       0xb9 c:/programs/yagarto/bin/../lib/gcc/arm-none-eabi/4.5.0/../../../../arm-none-eabi/lib/thumb/v7m\libc.a(lib_a-strcasecmp.o)
 .debug_loc     0x0000af70      0x1f3 c:/programs/yagarto/bin/../lib/gcc/arm-none-eabi/4.5.0/../../../../arm-none-eabi/lib/thumb/v7m\libc.a(lib_a-strchr.o)
 .debug_loc     0x0000b163       0x92 c:/programs/yagarto/bin/../lib/gcc/arm-none-eabi/4.5.0/../../../../arm-none-eabi/lib/thumb/v7m\libc.a(lib_a-strspn.o)

.debug_pubnames
                0x00000000     0x1c89
 .debug_pubnames
                0x00000000       0x56 build/obj/crt0.o
 .debug_pubnames
                0x00000056       0x38 build/obj/vectors.o
 .debug_pubnames
                0x0000008e       0x20 build/obj/chcore.o
 .debug_pubnames
                0x000000ae       0x9d build/obj/chcore_v7m.o
 .debug_pubnames
                0x0000014b       0x5e build/obj/nvic.o
 .debug_pubnames
                0x000001a9       0x5c build/obj/chsys.o
 .debug_pubnames
                0x00000205      0x184 build/obj/chdebug.o
 .debug_pubnames
                0x00000389       0x59 build/obj/chvt.o
 .debug_pubnames
                0x000003e2       0xa7 build/obj/chschd.o
 .debug_pubnames
                0x00000489       0xf3 build/obj/chthreads.o
 .debug_pubnames
                0x0000057c       0x3b build/obj/chregistry.o
 .debug_pubnames
                0x000005b7       0xd1 build/obj/chsem.o
 .debug_pubnames
                0x00000688       0x94 build/obj/chmtx.o
 .debug_pubnames
                0x0000071c       0xb9 build/obj/chcond.o
 .debug_pubnames
                0x000007d5      0x14b build/obj/chevents.o
 .debug_pubnames
                0x00000920       0x3f build/obj/chmsg.o
 .debug_pubnames
                0x0000095f       0xba build/obj/chmboxes.o
 .debug_pubnames
                0x00000a19       0xb3 build/obj/chqueues.o
 .debug_pubnames
                0x00000acc       0x53 build/obj/chmemcore.o
 .debug_pubnames
                0x00000b1f      0x158 build/obj/test.o
 .debug_pubnames
                0x00000c77       0x55 build/obj/testthd.o
 .debug_pubnames
                0x00000ccc       0x55 build/obj/testsem.o
 .debug_pubnames
                0x00000d21       0x89 build/obj/testmtx.o
 .debug_pubnames
                0x00000daa       0x2e build/obj/testmsg.o
 .debug_pubnames
                0x00000dd8       0x30 build/obj/testmbox.o
 .debug_pubnames
                0x00000e08       0x48 build/obj/testevt.o
 .debug_pubnames
                0x00000e50       0x22 build/obj/testheap.o
 .debug_pubnames
                0x00000e72       0x23 build/obj/testpools.o
 .debug_pubnames
                0x00000e95       0x21 build/obj/testdyn.o
 .debug_pubnames
                0x00000eb6       0x44 build/obj/testqueues.o
 .debug_pubnames
                0x00000efa       0xda build/obj/testbmk.o
 .debug_pubnames
                0x00000fd4       0x48 build/obj/hal.o
 .debug_pubnames
                0x0000101c       0xd7 build/obj/gpt.o
 .debug_pubnames
                0x000010f3       0xcd build/obj/i2c.o
 .debug_pubnames
                0x000011c0       0x43 build/obj/pal.o
 .debug_pubnames
                0x00001203       0x6c build/obj/serial.o
 .debug_pubnames
                0x0000126f      0x111 build/obj/spi.o
 .debug_pubnames
                0x00001380       0x2e build/obj/tm.o
 .debug_pubnames
                0x000013ae       0xbb build/obj/stm32_dma.o
 .debug_pubnames
                0x00001469       0x38 build/obj/hal_lld.o
 .debug_pubnames
                0x000014a1       0xa5 build/obj/gpt_lld.o
 .debug_pubnames
                0x00001546       0xce build/obj/i2c_lld.o
 .debug_pubnames
                0x00001614       0x6d build/obj/serial_lld.o
 .debug_pubnames
                0x00001681       0xeb build/obj/spi_lld.o
 .debug_pubnames
                0x0000176c       0x3e build/obj/pal_lld.o
 .debug_pubnames
                0x000017aa       0x48 build/obj/board.o
 .debug_pubnames
                0x000017f2       0x2b build/obj/evtimer.o
 .debug_pubnames
                0x0000181d       0x6c build/obj/syscalls.o
 .debug_pubnames
                0x00001889       0x5c build/obj/shell.o
 .debug_pubnames
                0x000018e5       0x1f build/obj/chprintf.o
 .debug_pubnames
                0x00001904       0x3b build/obj/iwdg.o
 .debug_pubnames
                0x0000193f       0x54 build/obj/iwdg_lld.o
 .debug_pubnames
                0x00001993       0x1b build/obj/main.o
 .debug_pubnames
                0x000019ae       0x3e build/obj/cpu_io.o
 .debug_pubnames
                0x000019ec       0x61 build/obj/led_ctrl.o
 .debug_pubnames
                0x00001a4d       0xc6 build/obj/adc_ctrl.o
 .debug_pubnames
                0x00001b13       0xae build/obj/dac_ctrl.o
 .debug_pubnames
                0x00001bc1       0x20 build/obj/timer_ctrl.o
 .debug_pubnames
                0x00001be1       0x1d c:/programs/yagarto/bin/../lib/gcc/arm-none-eabi/4.5.0/../../../../arm-none-eabi/lib/thumb/v7m\libc.a(lib_a-memset.o)
 .debug_pubnames
                0x00001bfe       0x21 c:/programs/yagarto/bin/../lib/gcc/arm-none-eabi/4.5.0/../../../../arm-none-eabi/lib/thumb/v7m\libc.a(lib_a-strcasecmp.o)
 .debug_pubnames
                0x00001c1f       0x1d c:/programs/yagarto/bin/../lib/gcc/arm-none-eabi/4.5.0/../../../../arm-none-eabi/lib/thumb/v7m\libc.a(lib_a-strchr.o)
 .debug_pubnames
                0x00001c3c       0x1d c:/programs/yagarto/bin/../lib/gcc/arm-none-eabi/4.5.0/../../../../arm-none-eabi/lib/thumb/v7m\libc.a(lib_a-strspn.o)
 .debug_pubnames
                0x00001c59       0x30 c:/programs/yagarto/bin/../lib/gcc/arm-none-eabi/4.5.0/../../../../arm-none-eabi/lib/thumb/v7m\libc.a(lib_a-ctype_.o)

.debug_pubtypes
                0x00000000     0x46c4
 .debug_pubtypes
                0x00000000       0x44 build/obj/crt0.o
 .debug_pubtypes
                0x00000044       0x12 build/obj/vectors.o
 .debug_pubtypes
                0x00000056       0x12 build/obj/chcore.o
 .debug_pubtypes
                0x00000068      0x13e build/obj/chcore_v7m.o
 .debug_pubtypes
                0x000001a6       0x38 build/obj/nvic.o
 .debug_pubtypes
                0x000001de      0x16d build/obj/chsys.o
 .debug_pubtypes
                0x0000034b      0x18a build/obj/chdebug.o
 .debug_pubtypes
                0x000004d5       0x12 build/obj/chlists.o
 .debug_pubtypes
                0x000004e7       0x7e build/obj/chvt.o
 .debug_pubtypes
                0x00000565      0x172 build/obj/chschd.o
 .debug_pubtypes
                0x000006d7      0x178 build/obj/chthreads.o
 .debug_pubtypes
                0x0000084f       0x12 build/obj/chdynamic.o
 .debug_pubtypes
                0x00000861      0x127 build/obj/chregistry.o
 .debug_pubtypes
                0x00000988      0x143 build/obj/chsem.o
 .debug_pubtypes
                0x00000acb      0x132 build/obj/chmtx.o
 .debug_pubtypes
                0x00000bfd      0x13f build/obj/chcond.o
 .debug_pubtypes
                0x00000d3c      0x189 build/obj/chevents.o
 .debug_pubtypes
                0x00000ec5      0x127 build/obj/chmsg.o
 .debug_pubtypes
                0x00000fec      0x141 build/obj/chmboxes.o
 .debug_pubtypes
                0x0000112d      0x18c build/obj/chqueues.o
 .debug_pubtypes
                0x000012b9       0x36 build/obj/chmemcore.o
 .debug_pubtypes
                0x000012ef       0x12 build/obj/chheap.o
 .debug_pubtypes
                0x00001301       0x12 build/obj/chmempools.o
 .debug_pubtypes
                0x00001313      0x1b8 build/obj/test.o
 .debug_pubtypes
                0x000014cb      0x16e build/obj/testthd.o
 .debug_pubtypes
                0x00001639      0x19e build/obj/testsem.o
 .debug_pubtypes
                0x000017d7      0x191 build/obj/testmtx.o
 .debug_pubtypes
                0x00001968      0x134 build/obj/testmsg.o
 .debug_pubtypes
                0x00001a9c      0x15f build/obj/testmbox.o
 .debug_pubtypes
                0x00001bfb      0x1d0 build/obj/testevt.o
 .debug_pubtypes
                0x00001dcb       0x1f build/obj/testheap.o
 .debug_pubtypes
                0x00001dea       0x1f build/obj/testpools.o
 .debug_pubtypes
                0x00001e09       0x1f build/obj/testdyn.o
 .debug_pubtypes
                0x00001e28      0x1aa build/obj/testqueues.o
 .debug_pubtypes
                0x00001fd2      0x1d4 build/obj/testbmk.o
 .debug_pubtypes
                0x000021a6       0x76 build/obj/hal.o
 .debug_pubtypes
                0x0000221c       0x1e build/obj/adc.o
 .debug_pubtypes
                0x0000223a       0x1e build/obj/can.o
 .debug_pubtypes
                0x00002258       0x1e build/obj/ext.o
 .debug_pubtypes
                0x00002276       0xae build/obj/gpt.o
 .debug_pubtypes
                0x00002324      0x1ef build/obj/i2c.o
 .debug_pubtypes
                0x00002513       0x1e build/obj/icu.o
 .debug_pubtypes
                0x00002531       0x1e build/obj/mac.o
 .debug_pubtypes
                0x0000254f       0x84 build/obj/pal.o
 .debug_pubtypes
                0x000025d3       0x1e build/obj/pwm.o
 .debug_pubtypes
                0x000025f1       0x1e build/obj/sdc.o
 .debug_pubtypes
                0x0000260f      0x287 build/obj/serial.o
 .debug_pubtypes
                0x00002896      0x1e9 build/obj/spi.o
 .debug_pubtypes
                0x00002a7f       0x1e build/obj/uart.o
 .debug_pubtypes
                0x00002a9d       0x1e build/obj/usb.o
 .debug_pubtypes
                0x00002abb       0x6e build/obj/tm.o
 .debug_pubtypes
                0x00002b29       0x1e build/obj/mmc_spi.o
 .debug_pubtypes
                0x00002b47       0x1e build/obj/serial_usb.o
 .debug_pubtypes
                0x00002b65       0x1e build/obj/rtc.o
 .debug_pubtypes
                0x00002b83       0xce build/obj/stm32_dma.o
 .debug_pubtypes
                0x00002c51       0x93 build/obj/hal_lld.o
 .debug_pubtypes
                0x00002ce4       0x1e build/obj/adc_lld.o
 .debug_pubtypes
                0x00002d02       0x1e build/obj/can_lld.o
 .debug_pubtypes
                0x00002d20       0x1e build/obj/ext_lld.o
 .debug_pubtypes
                0x00002d3e       0xd3 build/obj/gpt_lld.o
 .debug_pubtypes
                0x00002e11      0x26d build/obj/i2c_lld.o
 .debug_pubtypes
                0x0000307e       0x1e build/obj/icu_lld.o
 .debug_pubtypes
                0x0000309c       0x1e build/obj/mac_lld.o
 .debug_pubtypes
                0x000030ba       0x1e build/obj/pwm_lld.o
 .debug_pubtypes
                0x000030d8      0x265 build/obj/serial_lld.o
 .debug_pubtypes
                0x0000333d       0x1e build/obj/sdc_lld.o
 .debug_pubtypes
                0x0000335b      0x210 build/obj/spi_lld.o
 .debug_pubtypes
                0x0000356b       0x1e build/obj/uart_lld.o
 .debug_pubtypes
                0x00003589       0xaa build/obj/pal_lld.o
 .debug_pubtypes
                0x00003633       0x1e build/obj/usb_lld.o
 .debug_pubtypes
                0x00003651       0x1e build/obj/rtc_lld.o
 .debug_pubtypes
                0x0000366f       0x50 build/obj/board.o
 .debug_pubtypes
                0x000036bf      0x18e build/obj/evtimer.o
 .debug_pubtypes
                0x0000384d      0x180 build/obj/syscalls.o
 .debug_pubtypes
                0x000039cd      0x20e build/obj/shell.o
 .debug_pubtypes
                0x00003bdb       0xb5 build/obj/chprintf.o
 .debug_pubtypes
                0x00003c90       0x92 build/obj/iwdg.o
 .debug_pubtypes
                0x00003d22       0x92 build/obj/iwdg_lld.o
 .debug_pubtypes
                0x00003db4       0x1e build/obj/main.o
 .debug_pubtypes
                0x00003dd2      0x267 build/obj/cpu_io.o
 .debug_pubtypes
                0x00004039      0x149 build/obj/led_ctrl.o
 .debug_pubtypes
                0x00004182      0x221 build/obj/adc_ctrl.o
 .debug_pubtypes
                0x000043a3      0x222 build/obj/dac_ctrl.o
 .debug_pubtypes
                0x000045c5       0xa1 build/obj/timer_ctrl.o
 .debug_pubtypes
                0x00004666       0x1d c:/programs/yagarto/bin/../lib/gcc/arm-none-eabi/4.5.0/../../../../arm-none-eabi/lib/thumb/v7m\libc.a(lib_a-memset.o)
 .debug_pubtypes
                0x00004683       0x12 c:/programs/yagarto/bin/../lib/gcc/arm-none-eabi/4.5.0/../../../../arm-none-eabi/lib/thumb/v7m\libc.a(lib_a-strcasecmp.o)
 .debug_pubtypes
                0x00004695       0x12 c:/programs/yagarto/bin/../lib/gcc/arm-none-eabi/4.5.0/../../../../arm-none-eabi/lib/thumb/v7m\libc.a(lib_a-strchr.o)
 .debug_pubtypes
                0x000046a7       0x1d c:/programs/yagarto/bin/../lib/gcc/arm-none-eabi/4.5.0/../../../../arm-none-eabi/lib/thumb/v7m\libc.a(lib_a-strspn.o)

.debug_aranges  0x00000000     0x12a8
 .debug_aranges
                0x00000000       0x38 build/obj/crt0.o
 .debug_aranges
                0x00000038       0x20 build/obj/vectors.o
 .debug_aranges
                0x00000058       0x20 build/obj/chcore.o
 .debug_aranges
                0x00000078       0x50 build/obj/chcore_v7m.o
 .debug_aranges
                0x000000c8       0x30 build/obj/nvic.o
 .debug_aranges
                0x000000f8       0x30 build/obj/chsys.o
 .debug_aranges
                0x00000128       0x88 build/obj/chdebug.o
 .debug_aranges
                0x000001b0       0x38 build/obj/chvt.o
 .debug_aranges
                0x000001e8       0x58 build/obj/chschd.o
 .debug_aranges
                0x00000240       0x80 build/obj/chthreads.o
 .debug_aranges
                0x000002c0       0x28 build/obj/chregistry.o
 .debug_aranges
                0x000002e8       0x70 build/obj/chsem.o
 .debug_aranges
                0x00000358       0x58 build/obj/chmtx.o
 .debug_aranges
                0x000003b0       0x60 build/obj/chcond.o
 .debug_aranges
                0x00000410       0x90 build/obj/chevents.o
 .debug_aranges
                0x000004a0       0x30 build/obj/chmsg.o
 .debug_aranges
                0x000004d0       0x70 build/obj/chmboxes.o
 .debug_aranges
                0x00000540       0x70 build/obj/chqueues.o
 .debug_aranges
                0x000005b0       0x38 build/obj/chmemcore.o
 .debug_aranges
                0x000005e8       0x98 build/obj/test.o
 .debug_aranges
                0x00000680       0x40 build/obj/testthd.o
 .debug_aranges
                0x000006c0       0x70 build/obj/testsem.o
 .debug_aranges
                0x00000730      0x108 build/obj/testmtx.o
 .debug_aranges
                0x00000838       0x28 build/obj/testmsg.o
 .debug_aranges
                0x00000860       0x28 build/obj/testmbox.o
 .debug_aranges
                0x00000888       0x70 build/obj/testevt.o
 .debug_aranges
                0x000008f8       0x50 build/obj/testqueues.o
 .debug_aranges
                0x00000948       0xd0 build/obj/testbmk.o
 .debug_aranges
                0x00000a18       0x30 build/obj/hal.o
 .debug_aranges
                0x00000a48       0x70 build/obj/gpt.o
 .debug_aranges
                0x00000ab8       0x68 build/obj/i2c.o
 .debug_aranges
                0x00000b20       0x30 build/obj/pal.o
 .debug_aranges
                0x00000b50       0x90 build/obj/serial.o
 .debug_aranges
                0x00000be0       0x98 build/obj/spi.o
 .debug_aranges
                0x00000c78       0x38 build/obj/tm.o
 .debug_aranges
                0x00000cb0       0x68 build/obj/stm32_dma.o
 .debug_aranges
                0x00000d18       0x28 build/obj/hal_lld.o
 .debug_aranges
                0x00000d40       0x50 build/obj/gpt_lld.o
 .debug_aranges
                0x00000d90       0x78 build/obj/i2c_lld.o
 .debug_aranges
                0x00000e08       0x58 build/obj/serial_lld.o
 .debug_aranges
                0x00000e60       0x78 build/obj/spi_lld.o
 .debug_aranges
                0x00000ed8       0x28 build/obj/pal_lld.o
 .debug_aranges
                0x00000f00       0x28 build/obj/board.o
 .debug_aranges
                0x00000f28       0x30 build/obj/evtimer.o
 .debug_aranges
                0x00000f58       0x50 build/obj/syscalls.o
 .debug_aranges
                0x00000fa8       0x60 build/obj/shell.o
 .debug_aranges
                0x00001008       0x28 build/obj/chprintf.o
 .debug_aranges
                0x00001030       0x30 build/obj/iwdg.o
 .debug_aranges
                0x00001060       0x30 build/obj/iwdg_lld.o
 .debug_aranges
                0x00001090       0x20 build/obj/main.o
 .debug_aranges
                0x000010b0       0x70 build/obj/cpu_io.o
 .debug_aranges
                0x00001120       0x48 build/obj/led_ctrl.o
 .debug_aranges
                0x00001168       0x50 build/obj/adc_ctrl.o
 .debug_aranges
                0x000011b8       0x50 build/obj/dac_ctrl.o
 .debug_aranges
                0x00001208       0x20 build/obj/timer_ctrl.o
 .debug_aranges
                0x00001228       0x20 c:/programs/yagarto/bin/../lib/gcc/arm-none-eabi/4.5.0/../../../../arm-none-eabi/lib/thumb/v7m\libc.a(lib_a-memset.o)
 .debug_aranges
                0x00001248       0x20 c:/programs/yagarto/bin/../lib/gcc/arm-none-eabi/4.5.0/../../../../arm-none-eabi/lib/thumb/v7m\libc.a(lib_a-strcasecmp.o)
 .debug_aranges
                0x00001268       0x20 c:/programs/yagarto/bin/../lib/gcc/arm-none-eabi/4.5.0/../../../../arm-none-eabi/lib/thumb/v7m\libc.a(lib_a-strchr.o)
 .debug_aranges
                0x00001288       0x20 c:/programs/yagarto/bin/../lib/gcc/arm-none-eabi/4.5.0/../../../../arm-none-eabi/lib/thumb/v7m\libc.a(lib_a-strspn.o)

.debug_ranges   0x00000000     0x1c70
 .debug_ranges  0x00000000       0x58 build/obj/crt0.o
 .debug_ranges  0x00000058       0x10 build/obj/vectors.o
 .debug_ranges  0x00000068       0x10 build/obj/chcore.o
 .debug_ranges  0x00000078       0x58 build/obj/chcore_v7m.o
 .debug_ranges  0x000000d0       0x20 build/obj/nvic.o
 .debug_ranges  0x000000f0       0x20 build/obj/chsys.o
 .debug_ranges  0x00000110       0x78 build/obj/chdebug.o
 .debug_ranges  0x00000188       0x28 build/obj/chvt.o
 .debug_ranges  0x000001b0      0x118 build/obj/chschd.o
 .debug_ranges  0x000002c8      0x108 build/obj/chthreads.o
 .debug_ranges  0x000003d0       0x30 build/obj/chregistry.o
 .debug_ranges  0x00000400      0x168 build/obj/chsem.o
 .debug_ranges  0x00000568      0x248 build/obj/chmtx.o
 .debug_ranges  0x000007b0      0x150 build/obj/chcond.o
 .debug_ranges  0x00000900       0x98 build/obj/chevents.o
 .debug_ranges  0x00000998       0x70 build/obj/chmsg.o
 .debug_ranges  0x00000a08       0xa8 build/obj/chmboxes.o
 .debug_ranges  0x00000ab0      0x140 build/obj/chqueues.o
 .debug_ranges  0x00000bf0       0x40 build/obj/chmemcore.o
 .debug_ranges  0x00000c30      0x110 build/obj/test.o
 .debug_ranges  0x00000d40       0x48 build/obj/testthd.o
 .debug_ranges  0x00000d88       0x90 build/obj/testsem.o
 .debug_ranges  0x00000e18      0x110 build/obj/testmtx.o
 .debug_ranges  0x00000f28       0x18 build/obj/testmsg.o
 .debug_ranges  0x00000f40       0x18 build/obj/testmbox.o
 .debug_ranges  0x00000f58       0x60 build/obj/testevt.o
 .debug_ranges  0x00000fb8       0xa0 build/obj/testqueues.o
 .debug_ranges  0x00001058       0xd8 build/obj/testbmk.o
 .debug_ranges  0x00001130       0x50 build/obj/hal.o
 .debug_ranges  0x00001180       0x78 build/obj/gpt.o
 .debug_ranges  0x000011f8       0x58 build/obj/i2c.o
 .debug_ranges  0x00001250       0x20 build/obj/pal.o
 .debug_ranges  0x00001270       0x98 build/obj/serial.o
 .debug_ranges  0x00001308       0x88 build/obj/spi.o
 .debug_ranges  0x00001390       0x50 build/obj/tm.o
 .debug_ranges  0x000013e0       0x58 build/obj/stm32_dma.o
 .debug_ranges  0x00001438       0x38 build/obj/hal_lld.o
 .debug_ranges  0x00001470       0x40 build/obj/gpt_lld.o
 .debug_ranges  0x000014b0      0x238 build/obj/i2c_lld.o
 .debug_ranges  0x000016e8       0x78 build/obj/serial_lld.o
 .debug_ranges  0x00001760       0x98 build/obj/spi_lld.o
 .debug_ranges  0x000017f8       0x18 build/obj/pal_lld.o
 .debug_ranges  0x00001810       0x18 build/obj/board.o
 .debug_ranges  0x00001828       0x50 build/obj/evtimer.o
 .debug_ranges  0x00001878       0x40 build/obj/syscalls.o
 .debug_ranges  0x000018b8       0x70 build/obj/shell.o
 .debug_ranges  0x00001928       0x18 build/obj/chprintf.o
 .debug_ranges  0x00001940       0x20 build/obj/iwdg.o
 .debug_ranges  0x00001960       0x20 build/obj/iwdg_lld.o
 .debug_ranges  0x00001980       0x10 build/obj/main.o
 .debug_ranges  0x00001990      0x118 build/obj/cpu_io.o
 .debug_ranges  0x00001aa8       0x50 build/obj/led_ctrl.o
 .debug_ranges  0x00001af8       0xa8 build/obj/adc_ctrl.o
 .debug_ranges  0x00001ba0       0x90 build/obj/dac_ctrl.o
 .debug_ranges  0x00001c30       0x10 build/obj/timer_ctrl.o
 .debug_ranges  0x00001c40       0x30 c:/programs/yagarto/bin/../lib/gcc/arm-none-eabi/4.5.0/../../../../arm-none-eabi/lib/thumb/v7m\libc.a(lib_a-strcasecmp.o)

.debug_str      0x00000000     0x3f09
 .debug_str     0x00000000      0x1d2 build/obj/crt0.o
                                0x20b (size before relaxing)
 .debug_str     0x000001d2       0x57 build/obj/vectors.o
                                0x119 (size before relaxing)
 .debug_str     0x00000229       0x38 build/obj/chcore.o
                                 0xfa (size before relaxing)
 .debug_str     0x00000261      0x291 build/obj/chcore_v7m.o
                                0x389 (size before relaxing)
 .debug_str     0x000004f2       0xc6 build/obj/nvic.o
                                0x1f1 (size before relaxing)
 .debug_str     0x000005b8       0xdd build/obj/chsys.o
                                0x35a (size before relaxing)
 .debug_str     0x00000695      0x1ae build/obj/chdebug.o
                                0x479 (size before relaxing)
 .debug_str     0x00000843       0x29 build/obj/chlists.o
                                 0xeb (size before relaxing)
 .debug_str     0x0000086c       0x60 build/obj/chvt.o
                                0x19e (size before relaxing)
 .debug_str     0x000008cc       0xc9 build/obj/chschd.o
                                0x38a (size before relaxing)
 .debug_str     0x00000995      0x113 build/obj/chthreads.o
                                0x3f5 (size before relaxing)
 .debug_str     0x00000aa8       0x2b build/obj/chdynamic.o
                                 0xed (size before relaxing)
 .debug_str     0x00000ad3       0x4d build/obj/chregistry.o
                                0x2c2 (size before relaxing)
 .debug_str     0x00000b20       0xd3 build/obj/chsem.o
                                0x371 (size before relaxing)
 .debug_str     0x00000bf3       0x95 build/obj/chmtx.o
                                0x32d (size before relaxing)
 .debug_str     0x00000c88       0xb3 build/obj/chcond.o
                                0x34d (size before relaxing)
 .debug_str     0x00000d3b      0x184 build/obj/chevents.o
                                0x403 (size before relaxing)
 .debug_str     0x00000ebf       0x48 build/obj/chmsg.o
                                0x2d6 (size before relaxing)
 .debug_str     0x00000f07       0xed build/obj/chmboxes.o
                                0x336 (size before relaxing)
 .debug_str     0x00000ff4      0x11d build/obj/chqueues.o
                                0x3c3 (size before relaxing)
 .debug_str     0x00001111       0x86 build/obj/chmemcore.o
                                0x165 (size before relaxing)
 .debug_str     0x00001197       0x28 build/obj/chheap.o
                                 0xea (size before relaxing)
 .debug_str     0x000011bf       0x2c build/obj/chmempools.o
                                 0xee (size before relaxing)
 .debug_str     0x000011eb      0x286 build/obj/test.o
                                0x5a8 (size before relaxing)
 .debug_str     0x00001471       0x78 build/obj/testthd.o
                                0x38c (size before relaxing)
 .debug_str     0x000014e9       0xe1 build/obj/testsem.o
                                0x401 (size before relaxing)
 .debug_str     0x000015ca      0x19f build/obj/testmtx.o
                                0x4cb (size before relaxing)
 .debug_str     0x00001769       0x36 build/obj/testmsg.o
                                0x2ea (size before relaxing)
 .debug_str     0x0000179f       0x4a build/obj/testmbox.o
                                0x31f (size before relaxing)
 .debug_str     0x000017e9       0x8a build/obj/testevt.o
                                0x3fd (size before relaxing)
 .debug_str     0x00001873       0x21 build/obj/testheap.o
                                0x114 (size before relaxing)
 .debug_str     0x00001894       0x22 build/obj/testpools.o
                                0x116 (size before relaxing)
 .debug_str     0x000018b6       0x20 build/obj/testdyn.o
                                0x112 (size before relaxing)
 .debug_str     0x000018d6       0x77 build/obj/testqueues.o
                                0x3cf (size before relaxing)
 .debug_str     0x0000194d      0x184 build/obj/testbmk.o
                                0x537 (size before relaxing)
 .debug_str     0x00001ad1       0xef build/obj/hal.o
                                0x1e4 (size before relaxing)
 .debug_str     0x00001bc0       0x22 build/obj/adc.o
                                 0xf9 (size before relaxing)
 .debug_str     0x00001be2       0x22 build/obj/can.o
                                 0xf9 (size before relaxing)
 .debug_str     0x00001c04       0x22 build/obj/ext.o
                                 0xf9 (size before relaxing)
 .debug_str     0x00001c26      0x203 build/obj/gpt.o
                                0x2ff (size before relaxing)
 .debug_str     0x00001e29      0x300 build/obj/i2c.o
                                0x574 (size before relaxing)
 .debug_str     0x00002129       0x22 build/obj/icu.o
                                 0xf9 (size before relaxing)
 .debug_str     0x0000214b       0x22 build/obj/mac.o
                                 0xf9 (size before relaxing)
 .debug_str     0x0000216d       0x9e build/obj/pal.o
                                0x18f (size before relaxing)
 .debug_str     0x0000220b       0x22 build/obj/pwm.o
                                 0xf9 (size before relaxing)
 .debug_str     0x0000222d       0x22 build/obj/sdc.o
                                 0xf9 (size before relaxing)
 .debug_str     0x0000224f      0x176 build/obj/serial.o
                                0x50d (size before relaxing)
 .debug_str     0x000023c5      0x19f build/obj/spi.o
                                0x53b (size before relaxing)
 .debug_str     0x00002564       0x23 build/obj/uart.o
                                 0xfa (size before relaxing)
 .debug_str     0x00002587       0x22 build/obj/usb.o
                                 0xf9 (size before relaxing)
 .debug_str     0x000025a9       0x74 build/obj/tm.o
                                0x1ae (size before relaxing)
 .debug_str     0x0000261d       0x26 build/obj/mmc_spi.o
                                 0xfd (size before relaxing)
 .debug_str     0x00002643       0x29 build/obj/serial_usb.o
                                0x100 (size before relaxing)
 .debug_str     0x0000266c       0x22 build/obj/rtc.o
                                 0xf9 (size before relaxing)
 .debug_str     0x0000268e      0x429 build/obj/stm32_dma.o
                                0x598 (size before relaxing)
 .debug_str     0x00002ab7       0xd7 build/obj/hal_lld.o
                                0x243 (size before relaxing)
 .debug_str     0x00002b8e       0x36 build/obj/adc_lld.o
                                0x10d (size before relaxing)
 .debug_str     0x00002bc4       0x32 build/obj/can_lld.o
                                0x109 (size before relaxing)
 .debug_str     0x00002bf6       0x32 build/obj/ext_lld.o
                                0x109 (size before relaxing)
 .debug_str     0x00002c28       0xbd build/obj/gpt_lld.o
                                0x615 (size before relaxing)
 .debug_str     0x00002ce5      0x1cb build/obj/i2c_lld.o
                                0xa5e (size before relaxing)
 .debug_str     0x00002eb0       0x32 build/obj/icu_lld.o
                                0x109 (size before relaxing)
 .debug_str     0x00002ee2       0x32 build/obj/mac_lld.o
                                0x109 (size before relaxing)
 .debug_str     0x00002f14       0x32 build/obj/pwm_lld.o
                                0x109 (size before relaxing)
 .debug_str     0x00002f46       0x9e build/obj/serial_lld.o
                                0x803 (size before relaxing)
 .debug_str     0x00002fe4       0x32 build/obj/sdc_lld.o
                                0x109 (size before relaxing)
 .debug_str     0x00003016      0x127 build/obj/spi_lld.o
                                0x5ad (size before relaxing)
 .debug_str     0x0000313d       0x33 build/obj/uart_lld.o
                                0x10a (size before relaxing)
 .debug_str     0x00003170       0x64 build/obj/pal_lld.o
                                0x219 (size before relaxing)
 .debug_str     0x000031d4       0x38 build/obj/usb_lld.o
                                0x10f (size before relaxing)
 .debug_str     0x0000320c       0x38 build/obj/rtc_lld.o
                                0x10f (size before relaxing)
 .debug_str     0x00003244       0x1a build/obj/board.o
                                0x15a (size before relaxing)
 .debug_str     0x0000325e       0x5d build/obj/evtimer.o
                                0x2fe (size before relaxing)
 .debug_str     0x000032bb      0x4a9 build/obj/syscalls.o
                                0x5dc (size before relaxing)
 .debug_str     0x00003764      0x11a build/obj/shell.o
                                0x4b1 (size before relaxing)
 .debug_str     0x0000387e       0x9a build/obj/chprintf.o
                                0x1ea (size before relaxing)
 .debug_str     0x00003918       0x8a build/obj/iwdg.o
                                0x190 (size before relaxing)
 .debug_str     0x000039a2       0x48 build/obj/iwdg_lld.o
                                0x1a2 (size before relaxing)
 .debug_str     0x000039ea       0x12 build/obj/main.o
                                 0xe9 (size before relaxing)
 .debug_str     0x000039fc       0xe8 build/obj/cpu_io.o
                                0x525 (size before relaxing)
 .debug_str     0x00003ae4       0x5e build/obj/led_ctrl.o
                                0x310 (size before relaxing)
 .debug_str     0x00003b42       0xe8 build/obj/adc_ctrl.o
                                0x56d (size before relaxing)
 .debug_str     0x00003c2a       0x8f build/obj/dac_ctrl.o
                                0x524 (size before relaxing)
 .debug_str     0x00003cb9       0x24 build/obj/timer_ctrl.o
                                0x257 (size before relaxing)
 .debug_str     0x00003cdd       0xa4 c:/programs/yagarto/bin/../lib/gcc/arm-none-eabi/4.5.0/../../../../arm-none-eabi/lib/thumb/v7m\libc.a(lib_a-memset.o)
                                0x147 (size before relaxing)
 .debug_str     0x00003d81       0x66 c:/programs/yagarto/bin/../lib/gcc/arm-none-eabi/4.5.0/../../../../arm-none-eabi/lib/thumb/v7m\libc.a(lib_a-strcasecmp.o)
                                0x14c (size before relaxing)
 .debug_str     0x00003de7       0x46 c:/programs/yagarto/bin/../lib/gcc/arm-none-eabi/4.5.0/../../../../arm-none-eabi/lib/thumb/v7m\libc.a(lib_a-strchr.o)
                                0x13e (size before relaxing)
 .debug_str     0x00003e2d       0x46 c:/programs/yagarto/bin/../lib/gcc/arm-none-eabi/4.5.0/../../../../arm-none-eabi/lib/thumb/v7m\libc.a(lib_a-strspn.o)
                                0x133 (size before relaxing)
 .debug_str     0x00003e73       0x96 c:/programs/yagarto/bin/../lib/gcc/arm-none-eabi/4.5.0/../../../../arm-none-eabi/lib/thumb/v7m\libc.a(lib_a-ctype_.o)
                                 0xb5 (size before relaxing)

.comment        0x00000000       0x11
 .comment       0x00000000       0x11 build/obj/crt0.o
                                 0x12 (size before relaxing)
 .comment       0x00000000       0x12 build/obj/vectors.o
 .comment       0x00000000       0x12 build/obj/chcore.o
 .comment       0x00000000       0x12 build/obj/chcore_v7m.o
 .comment       0x00000000       0x12 build/obj/nvic.o
 .comment       0x00000000       0x12 build/obj/chsys.o
 .comment       0x00000000       0x12 build/obj/chdebug.o
 .comment       0x00000000       0x12 build/obj/chlists.o
 .comment       0x00000000       0x12 build/obj/chvt.o
 .comment       0x00000000       0x12 build/obj/chschd.o
 .comment       0x00000000       0x12 build/obj/chthreads.o
 .comment       0x00000000       0x12 build/obj/chdynamic.o
 .comment       0x00000000       0x12 build/obj/chregistry.o
 .comment       0x00000000       0x12 build/obj/chsem.o
 .comment       0x00000000       0x12 build/obj/chmtx.o
 .comment       0x00000000       0x12 build/obj/chcond.o
 .comment       0x00000000       0x12 build/obj/chevents.o
 .comment       0x00000000       0x12 build/obj/chmsg.o
 .comment       0x00000000       0x12 build/obj/chmboxes.o
 .comment       0x00000000       0x12 build/obj/chqueues.o
 .comment       0x00000000       0x12 build/obj/chmemcore.o
 .comment       0x00000000       0x12 build/obj/chheap.o
 .comment       0x00000000       0x12 build/obj/chmempools.o
 .comment       0x00000000       0x12 build/obj/test.o
 .comment       0x00000000       0x12 build/obj/testthd.o
 .comment       0x00000000       0x12 build/obj/testsem.o
 .comment       0x00000000       0x12 build/obj/testmtx.o
 .comment       0x00000000       0x12 build/obj/testmsg.o
 .comment       0x00000000       0x12 build/obj/testmbox.o
 .comment       0x00000000       0x12 build/obj/testevt.o
 .comment       0x00000000       0x12 build/obj/testheap.o
 .comment       0x00000000       0x12 build/obj/testpools.o
 .comment       0x00000000       0x12 build/obj/testdyn.o
 .comment       0x00000000       0x12 build/obj/testqueues.o
 .comment       0x00000000       0x12 build/obj/testbmk.o
 .comment       0x00000000       0x12 build/obj/hal.o
 .comment       0x00000000       0x12 build/obj/adc.o
 .comment       0x00000000       0x12 build/obj/can.o
 .comment       0x00000000       0x12 build/obj/ext.o
 .comment       0x00000000       0x12 build/obj/gpt.o
 .comment       0x00000000       0x12 build/obj/i2c.o
 .comment       0x00000000       0x12 build/obj/icu.o
 .comment       0x00000000       0x12 build/obj/mac.o
 .comment       0x00000000       0x12 build/obj/pal.o
 .comment       0x00000000       0x12 build/obj/pwm.o
 .comment       0x00000000       0x12 build/obj/sdc.o
 .comment       0x00000000       0x12 build/obj/serial.o
 .comment       0x00000000       0x12 build/obj/spi.o
 .comment       0x00000000       0x12 build/obj/uart.o
 .comment       0x00000000       0x12 build/obj/usb.o
 .comment       0x00000000       0x12 build/obj/tm.o
 .comment       0x00000000       0x12 build/obj/mmc_spi.o
 .comment       0x00000000       0x12 build/obj/serial_usb.o
 .comment       0x00000000       0x12 build/obj/rtc.o
 .comment       0x00000000       0x12 build/obj/stm32_dma.o
 .comment       0x00000000       0x12 build/obj/hal_lld.o
 .comment       0x00000000       0x12 build/obj/adc_lld.o
 .comment       0x00000000       0x12 build/obj/can_lld.o
 .comment       0x00000000       0x12 build/obj/ext_lld.o
 .comment       0x00000000       0x12 build/obj/gpt_lld.o
 .comment       0x00000000       0x12 build/obj/i2c_lld.o
 .comment       0x00000000       0x12 build/obj/icu_lld.o
 .comment       0x00000000       0x12 build/obj/mac_lld.o
 .comment       0x00000000       0x12 build/obj/pwm_lld.o
 .comment       0x00000000       0x12 build/obj/serial_lld.o
 .comment       0x00000000       0x12 build/obj/sdc_lld.o
 .comment       0x00000000       0x12 build/obj/spi_lld.o
 .comment       0x00000000       0x12 build/obj/uart_lld.o
 .comment       0x00000000       0x12 build/obj/pal_lld.o
 .comment       0x00000000       0x12 build/obj/usb_lld.o
 .comment       0x00000000       0x12 build/obj/rtc_lld.o
 .comment       0x00000000       0x12 build/obj/board.o
 .comment       0x00000000       0x12 build/obj/evtimer.o
 .comment       0x00000000       0x12 build/obj/syscalls.o
 .comment       0x00000000       0x12 build/obj/shell.o
 .comment       0x00000000       0x12 build/obj/chprintf.o
 .comment       0x00000000       0x12 build/obj/iwdg.o
 .comment       0x00000000       0x12 build/obj/iwdg_lld.o
 .comment       0x00000000       0x12 build/obj/main.o
 .comment       0x00000000       0x12 build/obj/cpu_io.o
 .comment       0x00000000       0x12 build/obj/led_ctrl.o
 .comment       0x00000000       0x12 build/obj/adc_ctrl.o
 .comment       0x00000000       0x12 build/obj/dac_ctrl.o
 .comment       0x00000000       0x12 build/obj/timer_ctrl.o
 .comment       0x00000000       0x12 c:/programs/yagarto/bin/../lib/gcc/arm-none-eabi/4.5.0/../../../../arm-none-eabi/lib/thumb/v7m\libc.a(lib_a-memset.o)
 .comment       0x00000000       0x12 c:/programs/yagarto/bin/../lib/gcc/arm-none-eabi/4.5.0/../../../../arm-none-eabi/lib/thumb/v7m\libc.a(lib_a-strcasecmp.o)
 .comment       0x00000000       0x12 c:/programs/yagarto/bin/../lib/gcc/arm-none-eabi/4.5.0/../../../../arm-none-eabi/lib/thumb/v7m\libc.a(lib_a-strchr.o)
 .comment       0x00000000       0x12 c:/programs/yagarto/bin/../lib/gcc/arm-none-eabi/4.5.0/../../../../arm-none-eabi/lib/thumb/v7m\libc.a(lib_a-strspn.o)
 .comment       0x00000000       0x12 c:/programs/yagarto/bin/../lib/gcc/arm-none-eabi/4.5.0/../../../../arm-none-eabi/lib/thumb/v7m\libc.a(lib_a-ctype_.o)

.ARM.attributes
                0x00000000       0x31
 .ARM.attributes
                0x00000000       0x31 build/obj/crt0.o
 .ARM.attributes
                0x00000031       0x31 build/obj/vectors.o
 .ARM.attributes
                0x00000062       0x31 build/obj/chcore.o
 .ARM.attributes
                0x00000093       0x31 build/obj/chcore_v7m.o
 .ARM.attributes
                0x000000c4       0x31 build/obj/nvic.o
 .ARM.attributes
                0x000000f5       0x31 build/obj/chsys.o
 .ARM.attributes
                0x00000126       0x31 build/obj/chdebug.o
 .ARM.attributes
                0x00000157       0x31 build/obj/chlists.o
 .ARM.attributes
                0x00000188       0x31 build/obj/chvt.o
 .ARM.attributes
                0x000001b9       0x31 build/obj/chschd.o
 .ARM.attributes
                0x000001ea       0x31 build/obj/chthreads.o
 .ARM.attributes
                0x0000021b       0x31 build/obj/chdynamic.o
 .ARM.attributes
                0x0000024c       0x31 build/obj/chregistry.o
 .ARM.attributes
                0x0000027d       0x31 build/obj/chsem.o
 .ARM.attributes
                0x000002ae       0x31 build/obj/chmtx.o
 .ARM.attributes
                0x000002df       0x31 build/obj/chcond.o
 .ARM.attributes
                0x00000310       0x31 build/obj/chevents.o
 .ARM.attributes
                0x00000341       0x31 build/obj/chmsg.o
 .ARM.attributes
                0x00000372       0x31 build/obj/chmboxes.o
 .ARM.attributes
                0x000003a3       0x31 build/obj/chqueues.o
 .ARM.attributes
                0x000003d4       0x31 build/obj/chmemcore.o
 .ARM.attributes
                0x00000405       0x31 build/obj/chheap.o
 .ARM.attributes
                0x00000436       0x31 build/obj/chmempools.o
 .ARM.attributes
                0x00000467       0x31 build/obj/test.o
 .ARM.attributes
                0x00000498       0x31 build/obj/testthd.o
 .ARM.attributes
                0x000004c9       0x31 build/obj/testsem.o
 .ARM.attributes
                0x000004fa       0x31 build/obj/testmtx.o
 .ARM.attributes
                0x0000052b       0x31 build/obj/testmsg.o
 .ARM.attributes
                0x0000055c       0x31 build/obj/testmbox.o
 .ARM.attributes
                0x0000058d       0x31 build/obj/testevt.o
 .ARM.attributes
                0x000005be       0x31 build/obj/testheap.o
 .ARM.attributes