
Discarded input sections

 .text          0x00000000        0x0 build/obj/crt0.o
 .data          0x00000000        0x0 build/obj/crt0.o
 .bss           0x00000000        0x0 build/obj/crt0.o
 .text.__early_init
                0x00000000       0x10 build/obj/crt0.o
 .text          0x00000000        0x0 build/obj/vectors.o
 .data          0x00000000        0x0 build/obj/vectors.o
 .bss           0x00000000        0x0 build/obj/vectors.o
 .text          0x00000000        0x0 build/obj/chcore.o
 .data          0x00000000        0x0 build/obj/chcore.o
 .bss           0x00000000        0x0 build/obj/chcore.o
 .text          0x00000000        0x0 build/obj/chcore_v7m.o
 .data          0x00000000        0x0 build/obj/chcore_v7m.o
 .bss           0x00000000        0x0 build/obj/chcore_v7m.o
 .text          0x00000000        0x0 build/obj/nvic.o
 .data          0x00000000        0x0 build/obj/nvic.o
 .bss           0x00000000        0x0 build/obj/nvic.o
 .text.nvicDisableVector
                0x00000000       0x80 build/obj/nvic.o
 .text          0x00000000        0x0 build/obj/chsys.o
 .data          0x00000000        0x0 build/obj/chsys.o
 .bss           0x00000000        0x0 build/obj/chsys.o
 .text          0x00000000        0x0 build/obj/chdebug.o
 .data          0x00000000        0x0 build/obj/chdebug.o
 .bss           0x00000000        0x0 build/obj/chdebug.o
 .text.dbg_check_disable
                0x00000000       0x30 build/obj/chdebug.o
 .text.dbg_check_suspend
                0x00000000       0x30 build/obj/chdebug.o
 .text          0x00000000        0x0 build/obj/chlists.o
 .data          0x00000000        0x0 build/obj/chlists.o
 .bss           0x00000000        0x0 build/obj/chlists.o
 .text          0x00000000        0x0 build/obj/chvt.o
 .data          0x00000000        0x0 build/obj/chvt.o
 .bss           0x00000000        0x0 build/obj/chvt.o
 .text          0x00000000        0x0 build/obj/chschd.o
 .data          0x00000000        0x0 build/obj/chschd.o
 .bss           0x00000000        0x0 build/obj/chschd.o
 .text.chSchRescheduleS
                0x00000000       0x30 build/obj/chschd.o
 .text          0x00000000        0x0 build/obj/chthreads.o
 .data          0x00000000        0x0 build/obj/chthreads.o
 .bss           0x00000000        0x0 build/obj/chthreads.o
 .text.list_insert
                0x00000000       0x20 build/obj/chthreads.o
 .text.chThdSetPriority
                0x00000000       0xa0 build/obj/chthreads.o
 .text.chThdResume
                0x00000000       0x50 build/obj/chthreads.o
 .text.chThdTerminate
                0x00000000       0x40 build/obj/chthreads.o
 .text.chThdSleepUntil
                0x00000000       0x50 build/obj/chthreads.o
 .text.chThdYield
                0x00000000       0x40 build/obj/chthreads.o
 .text.chThdWait
                0x00000000       0xa0 build/obj/chthreads.o
 .text          0x00000000        0x0 build/obj/chdynamic.o
 .data          0x00000000        0x0 build/obj/chdynamic.o
 .bss           0x00000000        0x0 build/obj/chdynamic.o
 .rodata        0x00000000       0x48 build/obj/chdynamic.o
 .text.chThdAddRef
                0x00000000       0x50 build/obj/chdynamic.o
 .text.chThdRelease
                0x00000000       0xc0 build/obj/chdynamic.o
 .text.chThdCreateFromHeap
                0x00000000       0xa0 build/obj/chdynamic.o
 .text.chThdCreateFromMemoryPool
                0x00000000       0xc0 build/obj/chdynamic.o
 .text          0x00000000        0x0 build/obj/chregistry.o
 .data          0x00000000        0x0 build/obj/chregistry.o
 .bss           0x00000000        0x0 build/obj/chregistry.o
 .text.chRegFirstThread
                0x00000000       0x50 build/obj/chregistry.o
 .rodata        0x00000000       0x18 build/obj/chregistry.o
 .text.chRegNextThread
                0x00000000       0x70 build/obj/chregistry.o
 .text          0x00000000        0x0 build/obj/chsem.o
 .data          0x00000000        0x0 build/obj/chsem.o
 .bss           0x00000000        0x0 build/obj/chsem.o
 .text.queue_insert
                0x00000000       0x30 build/obj/chsem.o
 .text.fifo_remove
                0x00000000       0x30 build/obj/chsem.o
 .text.lifo_remove
                0x00000000       0x30 build/obj/chsem.o
 .rodata        0x00000000      0x148 build/obj/chsem.o
 .text.chSemInit
                0x00000000       0x40 build/obj/chsem.o
 .text.chSemReset
                0x00000000       0x30 build/obj/chsem.o
 .text.chSemResetI
                0x00000000       0x90 build/obj/chsem.o
 .text.chSemWait
                0x00000000       0x30 build/obj/chsem.o
 .text.chSemWaitS
                0x00000000       0xb0 build/obj/chsem.o
 .text.chSemWaitTimeout
                0x00000000       0x40 build/obj/chsem.o
 .text.chSemWaitTimeoutS
                0x00000000       0xc0 build/obj/chsem.o
 .text.chSemSignal
[...]
Memory Configuration

Name             Origin             Length             Attributes
flash            0x08000000         0x00020000
ram              0x20000000         0x00005000
*default*        0x00000000         0xffffffff

Linker script and memory map

LOAD build/obj/crt0.o
LOAD build/obj/vectors.o
LOAD build/obj/chcore.o
LOAD build/obj/chcore_v7m.o
LOAD build/obj/nvic.o
LOAD build/obj/chsys.o
LOAD build/obj/chdebug.o
LOAD build/obj/chlists.o
LOAD build/obj/chvt.o
LOAD build/obj/chschd.o
LOAD build/obj/chthreads.o
LOAD build/obj/chdynamic.o
LOAD build/obj/chregistry.o
LOAD build/obj/chsem.o
LOAD build/obj/chmtx.o
LOAD build/obj/chcond.o
LOAD build/obj/chevents.o
LOAD build/obj/chmsg.o
LOAD build/obj/chmboxes.o
LOAD build/obj/chqueues.o
LOAD build/obj/chmemcore.o
LOAD build/obj/chheap.o
LOAD build/obj/chmempools.o
LOAD build/obj/hal.o
LOAD build/obj/adc.o
LOAD build/obj/can.o
LOAD build/obj/ext.o
LOAD build/obj/gpt.o
LOAD build/obj/i2c.o
LOAD build/obj/icu.o
LOAD build/obj/mac.o
LOAD build/obj/mmc_spi.o
LOAD build/obj/mmcsd.o
LOAD build/obj/pal.o
LOAD build/obj/pwm.o
LOAD build/obj/rtc.o
LOAD build/obj/sdc.o
LOAD build/obj/serial.o
LOAD build/obj/serial_usb.o
LOAD build/obj/spi.o
LOAD build/obj/tm.o
LOAD build/obj/uart.o
LOAD build/obj/usb.o
LOAD build/obj/stm32_dma.o
LOAD build/obj/hal_lld.o
LOAD build/obj/adc_lld.o
LOAD build/obj/ext_lld_isr.o
LOAD build/obj/can_lld.o
LOAD build/obj/ext_lld.o
LOAD build/obj/mac_lld.o
LOAD build/obj/sdc_lld.o
LOAD build/obj/pal_lld.o
LOAD build/obj/i2c_lld.o
LOAD build/obj/rtc_lld.o
LOAD build/obj/spi_lld.o
LOAD build/obj/gpt_lld.o
LOAD build/obj/icu_lld.o
LOAD build/obj/pwm_lld.o
LOAD build/obj/serial_lld.o
LOAD build/obj/uart_lld.o
LOAD build/obj/usb_lld.o
LOAD build/obj/board.o
LOAD build/obj/main.o
                0x00000400                __main_stack_size__ = 0x400
                0x00000400                __process_stack_size__ = 0x400
                0x20000000                __ram_start__ = 0x20000000
                0x00005000                __ram_size__ = 0x5000
                0x20005000                __ram_end__ = (__ram_start__ + __ram_size__)
                0x00000000                . = 0x0
                0x00000000                _text = .

startup         0x08000000       0xec
 *(vectors)
 vectors        0x08000000       0xec build/obj/vectors.o
                0x08000000                _vectors

constructors    0x080000ec        0x0
                0x080000ec                PROVIDE (__init_array_start, .)
 *(SORT(.init_array.*))
 *(.init_array)
                0x080000ec                PROVIDE (__init_array_end, .)

destructors     0x080000ec        0x0
                0x080000ec                PROVIDE (__fini_array_start, .)
 *(.fini_array)
 *(SORT(.fini_array.*))
                0x080000ec                PROVIDE (__fini_array_end, .)

.text           0x080000f0     0x2a6c
 *(.text.startup.*)
 *(.text)
 *(.text.*)
 .text.__late_init
                0x080000f0       0x10 build/obj/crt0.o
                0x080000f0                __late_init
 .text._default_exit
                0x08000100       0x10 build/obj/crt0.o
                0x08000100                _default_exit
 .text.ResetHandler
                0x08000110       0xf0 build/obj/crt0.o
                0x08000110                ResetHandler
 .text._unhandled_exception
                0x08000200       0x10 build/obj/vectors.o
                0x08000200                Vector58
                0x08000200                VectorE8
                0x08000200                Vector9C
                0x08000200                VectorAC
                0x08000200                Vector5C
                0x08000200                NMIVector
                0x08000200                Vector8C
                0x08000200                VectorDC
                0x08000200                VectorC8
                0x08000200                Vector94
                0x08000200                VectorA8
                0x08000200                VectorB4
                0x08000200                UsageFaultVector
                0x08000200                DebugMonitorVector
                0x08000200                Vector40
                0x08000200                VectorBC
                0x08000200                PendSVVector
                0x08000200                Vector64
                0x08000200                VectorCC
                0x08000200                Vector54
                0x08000200                Vector98
                0x08000200                VectorD8
                0x08000200                Vector24
                0x08000200                BusFaultVector
                0x08000200                VectorD0
                0x08000200                VectorE4
                0x08000200                VectorC0
                0x08000200                HardFaultVector
                0x08000200                VectorE0
                0x08000200                MemManageVector
                0x08000200                VectorA0
                0x08000200                VectorC4
                0x08000200                VectorB0
                0x08000200                Vector90
                0x08000200                Vector60
                0x08000200                Vector1C
                0x08000200                Vector48
                0x08000200                VectorD4
                0x08000200                Vector4C
                0x08000200                Vector68
                0x08000200                _unhandled_exception
                0x08000200                Vector88
                0x08000200                Vector50
                0x08000200                Vector44
                0x08000200                Vector28
                0x08000200                VectorB8
                0x08000200                Vector34
                0x08000200                VectorA4
                0x08000200                Vector20
 .text.port_halt
                0x08000210       0x10 build/obj/chcore.o
                0x08000210                port_halt
 .text.SysTickVector
                0x08000220       0x30 build/obj/chcore_v7m.o
                0x08000220                SysTickVector
 .text.SVCallVector
                0x08000250       0x30 build/obj/chcore_v7m.o
                0x08000250                SVCallVector
 .text._port_init
                0x08000280       0x50 build/obj/chcore_v7m.o
                0x08000280                _port_init
 .text._port_irq_epilogue
                0x080002d0       0xc0 build/obj/chcore_v7m.o
                0x080002d0                _port_irq_epilogue
 .text._port_switch_from_isr
                0x08000390       0x10 build/obj/chcore_v7m.o
                0x08000390                _port_switch_from_isr
 .text._port_switch
                0x080003a0       0x20 build/obj/chcore_v7m.o
                0x080003a0                _port_switch
 .text._port_thread_start
                0x080003c0       0x20 build/obj/chcore_v7m.o
                0x080003c0                _port_thread_start
 .text.nvicEnableVector
                0x080003e0       0xb0 build/obj/nvic.o
                0x080003e0                nvicEnableVector
 .text.nvicSetSystemHandlerPriority
                0x08000490       0x70 build/obj/nvic.o
                0x08000490                nvicSetSystemHandlerPriority
 .text._idle_thread
                0x08000500       0x20 build/obj/chsys.o
                0x08000500                _idle_thread
 .text.chSysInit
                0x08000520       0xb0 build/obj/chsys.o
                0x08000520                chSysInit
 .text.chSysTimerHandlerI
                0x080005d0       0xf0 build/obj/chsys.o
                0x080005d0                chSysTimerHandlerI
 .text.dbg_check_enable
                0x080006c0       0x30 build/obj/chdebug.o
                0x080006c0                dbg_check_enable
 .text.dbg_check_lock
                0x080006f0       0x40 build/obj/chdebug.o
                0x080006f0                dbg_check_lock
 .text.dbg_check_unlock
                0x08000730       0x40 build/obj/chdebug.o
                0x08000730                dbg_check_unlock
 .text.dbg_check_lock_from_isr
                0x08000770       0x40 build/obj/chdebug.o
                0x08000770                dbg_check_lock_from_isr
 .text.dbg_check_unlock_from_isr
                0x080007b0       0x40 build/obj/chdebug.o
                0x080007b0                dbg_check_unlock_from_isr
 .text.dbg_check_enter_isr
                0x080007f0       0x60 build/obj/chdebug.o
                0x080007f0                dbg_check_enter_isr
 .text.dbg_check_leave_isr
                0x08000850       0x60 build/obj/chdebug.o
                0x08000850                dbg_check_leave_isr
 .text.chDbgCheckClassI
                0x080008b0       0x30 build/obj/chdebug.o
                0x080008b0                chDbgCheckClassI
 .text.chDbgCheckClassS
                0x080008e0       0x30 build/obj/chdebug.o
                0x080008e0                chDbgCheckClassS
 .text._trace_init
                0x08000910       0x20 build/obj/chdebug.o
                0x08000910                _trace_init
 .text.dbg_trace
                0x08000930       0xa0 build/obj/chdebug.o
                0x08000930                dbg_trace
 .text.chDbgPanic
                0x080009d0       0x20 build/obj/chdebug.o
                0x080009d0                chDbgPanic
 .text._vt_init
                0x080009f0       0x50 build/obj/chvt.o
                0x080009f0                _vt_init
 .text.chVTSetI
                0x08000a40       0xb0 build/obj/chvt.o
                0x08000a40                chVTSetI
 .text.chVTResetI
                0x08000af0       0x80 build/obj/chvt.o
                0x08000af0                chVTResetI
 .text.fifo_remove
                0x08000b70       0x30 build/obj/chschd.o
 .text.dequeue  0x08000ba0       0x20 build/obj/chschd.o
 .text._scheduler_init
                0x08000bc0       0x60 build/obj/chschd.o
                0x08000bc0                _scheduler_init
 .text.chSchReadyI
                0x08000c20       0x80 build/obj/chschd.o
                0x08000c20                chSchReadyI
 .text.chSchGoSleepS
                0x08000ca0       0x90 build/obj/chschd.o
                0x08000ca0                chSchGoSleepS
 .text.wakeup   0x08000d30       0xa0 build/obj/chschd.o
 .text.chSchGoSleepTimeoutS
                0x08000dd0       0x70 build/obj/chschd.o
                0x08000dd0                chSchGoSleepTimeoutS
 .text.chSchWakeupS
                0x08000e40       0x90 build/obj/chschd.o
                0x08000e40                chSchWakeupS
 .text.chSchDoRescheduleBehind
                0x08000ed0       0x80 build/obj/chschd.o
                0x08000ed0                chSchDoRescheduleBehind
 .text.chSchDoRescheduleAhead
                0x08000f50       0xc0 build/obj/chschd.o
                0x08000f50                chSchDoRescheduleAhead
 .text.chSchDoReschedule
                0x08001010       0x20 build/obj/chschd.o
                0x08001010                chSchDoReschedule
 .text.list_remove
                0x08001030       0x20 build/obj/chthreads.o
 .text._thread_init
                0x08001050       0xd0 build/obj/chthreads.o
                0x08001050                _thread_init
 .text._thread_memfill
                0x08001120       0x30 build/obj/chthreads.o
                0x08001120                _thread_memfill
 .text.chThdCreateI
                0x08001150       0x80 build/obj/chthreads.o
                0x08001150                chThdCreateI
 .text.chThdCreateStatic
                0x080011d0       0x80 build/obj/chthreads.o
                0x080011d0                chThdCreateStatic
 .text.chThdSleep
                0x08001250       0x40 build/obj/chthreads.o
                0x08001250                chThdSleep
 .text.chThdExit
                0x08001290       0x20 build/obj/chthreads.o
                0x08001290                chThdExit
 .text.chThdExitS
                0x080012b0       0x80 build/obj/chthreads.o
                0x080012b0                chThdExitS
 .text.chMtxInit
                0x08001330       0x40 build/obj/chmtx.o
                0x08001330                chMtxInit
 .text._core_init
                0x08001370       0x40 build/obj/chmemcore.o
                0x08001370                _core_init
 .text.chCoreAlloc
                0x080013b0       0x30 build/obj/chmemcore.o
                0x080013b0                chCoreAlloc
 .text.chCoreAllocI
                0x080013e0       0x70 build/obj/chmemcore.o
                0x080013e0                chCoreAllocI
 .text._heap_init
                0x08001450       0x40 build/obj/chheap.o
                0x08001450                _heap_init
 .text.halInit  0x08001490       0x20 build/obj/hal.o
                0x08001490                halInit
 .text.spiInit  0x080014b0       0x10 build/obj/spi.o
                0x080014b0                spiInit
 .text.spiObjectInit
                0x080014c0       0x30 build/obj/spi.o
                0x080014c0                spiObjectInit
 .text.spiStart
                0x080014f0       0x70 build/obj/spi.o
                0x080014f0                spiStart
 .text.spiSelect
                0x08001560       0x50 build/obj/spi.o
                0x08001560                spiSelect
 .text.spiStartReceive
                0x080015b0       0x70 build/obj/spi.o
                0x080015b0                spiStartReceive
 .text.tm_start
                0x08001620       0x20 build/obj/tm.o
 .text.tm_stop  0x08001640       0x60 build/obj/tm.o
 .text.tmInit   0x080016a0       0x40 build/obj/tm.o
                0x080016a0                tmInit
 .text.tmObjectInit
                0x080016e0       0x40 build/obj/tm.o
                0x080016e0                tmObjectInit
 .text.Vector6C
                0x08001720       0x60 build/obj/stm32_dma.o
                0x08001720                Vector6C
 .text.Vector70
                0x08001780       0x60 build/obj/stm32_dma.o
                0x08001780                Vector70
 .text.Vector74
                0x080017e0       0x60 build/obj/stm32_dma.o
                0x080017e0                Vector74
 .text.Vector78
                0x08001840       0x60 build/obj/stm32_dma.o
                0x08001840                Vector78
 .text.Vector7C
                0x080018a0       0x60 build/obj/stm32_dma.o
                0x080018a0                Vector7C
 .text.Vector80
                0x08001900       0x60 build/obj/stm32_dma.o
                0x08001900                Vector80
 .text.Vector84
                0x08001960       0x60 build/obj/stm32_dma.o
                0x08001960                Vector84
 .text.dmaInit  0x080019c0       0x70 build/obj/stm32_dma.o
                0x080019c0                dmaInit
 .text.dmaStreamAllocate
                0x08001a30      0x110 build/obj/stm32_dma.o
                0x08001a30                dmaStreamAllocate
 .text.hal_lld_backup_domain_init
                0x08001b40       0x20 build/obj/hal_lld.o
 .text.hal_lld_init
                0x08001b60       0xf0 build/obj/hal_lld.o
                0x08001b60                hal_lld_init
 .text.stm32_clock_init
                0x08001c50      0x150 build/obj/hal_lld.o
                0x08001c50                stm32_clock_init
 .text._pal_lld_init
                0x08001da0      0x100 build/obj/pal_lld.o
                0x08001da0                _pal_lld_init
 .text._pal_lld_setgroupmode
                0x08001ea0       0xf0 build/obj/pal_lld.o
                0x08001ea0                _pal_lld_setgroupmode
 .text.spi_lld_serve_rx_interrupt
                0x08001f90       0xe0 build/obj/spi_lld.o
 .text.spi_lld_serve_tx_interrupt
                0x08002070       0x20 build/obj/spi_lld.o
 .text.spi_lld_init
                0x08002090       0xd0 build/obj/spi_lld.o
                0x08002090                spi_lld_init
 .text.spi_lld_start
                0x08002160      0x1e0 build/obj/spi_lld.o
                0x08002160                spi_lld_start
 .text.spi_lld_select
                0x08002340       0x20 build/obj/spi_lld.o
                0x08002340                spi_lld_select
 .text.spi_lld_unselect
                0x08002360       0x20 build/obj/spi_lld.o
                0x08002360                spi_lld_unselect
 .text.spi_lld_receive
                0x08002380       0x80 build/obj/spi_lld.o
                0x08002380                spi_lld_receive
 .text.__early_init
                0x08002400       0x10 build/obj/board.o
                0x08002400                __early_init
 .text.boardInit
                0x08002410       0x10 build/obj/board.o
                0x08002410                boardInit
 .text.main     0x08002420      0x100 build/obj/main.o
                0x08002420                main
 .text.onSpiComplete
                0x08002520       0x40 build/obj/main.o
 *(.rodata)
 .rodata        0x08002560        0x8 build/obj/chsys.o
 *fill*         0x08002568        0x8 00
 .rodata        0x08002570       0x58 build/obj/chdebug.o
 *fill*         0x080025c8        0x8 00
 .rodata        0x080025d0       0x34 build/obj/chvt.o
 *fill*         0x08002604        0xc 00
 .rodata        0x08002610       0x24 build/obj/chschd.o
 *fill*         0x08002634        0xc 00
 .rodata        0x08002640       0x94 build/obj/chthreads.o
 *fill*         0x080026d4        0xc 00
 .rodata        0x080026e0       0xac build/obj/chmtx.o
 *fill*         0x0800278c        0x4 00
 .rodata        0x08002790      0x238 build/obj/spi.o
 *fill*         0x080029c8        0x8 00
 .rodata        0x080029d0       0x48 build/obj/stm32_dma.o
 *fill*         0x08002a18        0x8 00
 .rodata        0x08002a20       0x50 build/obj/spi_lld.o
 *(.rodata.*)
 .rodata.ch_debug
                0x08002a70       0x18 build/obj/chregistry.o
                0x08002a70                ch_debug
 *fill*         0x08002a88        0x8 00
 .rodata._stm32_dma_streams
                0x08002a90       0x54 build/obj/stm32_dma.o
                0x08002a90                _stm32_dma_streams
 *fill*         0x08002ae4        0xc 00
 .rodata.cfgtab.3321
                0x08002af0       0x14 build/obj/pal_lld.o
 *fill*         0x08002b04        0xc 00
 .rodata.pal_default_config
                0x08002b10       0x3c build/obj/board.o
                0x08002b10                pal_default_config
 *fill*         0x08002b4c        0x4 00
 .rodata.hs_spicfg
                0x08002b50        0xc build/obj/main.o
 *(.glue_7t)
 .glue_7t       0x00000000        0x0 linker stubs
 *(.glue_7)
 .glue_7        0x00000000        0x0 linker stubs
 *(.gcc*)

.vfp11_veneer   0x00000000        0x0
 .vfp11_veneer  0x00000000        0x0 linker stubs

.v4_bx          0x00000000        0x0
 .v4_bx         0x00000000        0x0 linker stubs

.ARM.extab
 *(.ARM.extab* .gnu.linkonce.armextab.*)

.ARM.exidx      0x08002b5c        0x0
                0x08002b5c                PROVIDE (__exidx_start, .)
 *(.ARM.exidx* .gnu.linkonce.armexidx.*)
                0x08002b5c                PROVIDE (__exidx_end, .)

.eh_frame_hdr
 *(.eh_frame_hdr)

.eh_frame
 *(.eh_frame)

.textalign      0x08002b5c        0x4
                0x08002b60                . = ALIGN (0x8)
 *fill*         0x08002b5c        0x4 00
                0x08002b60                . = ALIGN (0x4)
                0x08002b60                _etext = .
                0x08002b60                _textdata = _etext

.stacks         0x20000000      0x800
                0x20000000                . = ALIGN (0x8)
                0x20000000                __main_stack_base__ = .
                0x20000400                . = (. + __main_stack_size__)
 *fill*         0x20000000      0x400 00
                0x20000400                . = ALIGN (0x8)
                0x20000400                __main_stack_end__ = .
                0x20000400                __process_stack_base__ = .
                0x20000400                __main_thread_stack_base__ = .
                0x20000800                . = (. + __process_stack_size__)
 *fill*         0x20000400      0x400 00
                0x20000800                . = ALIGN (0x8)
                0x20000800                __process_stack_end__ = .
                0x20000800                __main_thread_stack_end__ = .

.data           0x20000800        0x0 load address 0x08002b60
                0x20000800                . = ALIGN (0x4)
                0x20000800                PROVIDE (_data, .)
 *(.data)
 *(.data.*)
 *(.ramtext)
                0x20000800                . = ALIGN (0x4)
                0x20000800                PROVIDE (_edata, .)

.bss            0x20000800      0x644 load address 0x08002b60
                0x20000800                . = ALIGN (0x4)
                0x20000800                PROVIDE (_bss_start, .)
 *(.bss)
 *(.bss.*)
 .bss._idle_thread_wa
                0x20000800       0xe0 build/obj/chsys.o
                0x20000800                _idle_thread_wa
 .bss.mainthread.2030
                0x200008e0       0x4c build/obj/chsys.o
 .bss.dbg_isr_cnt
                0x2000092c        0x4 build/obj/chdebug.o
                0x2000092c                dbg_isr_cnt
 .bss.dbg_lock_cnt
                0x20000930        0x4 build/obj/chdebug.o
                0x20000930                dbg_lock_cnt
 .bss.dbg_trace_buffer
                0x20000934      0x408 build/obj/chdebug.o
                0x20000934                dbg_trace_buffer
 .bss.dbg_panic_msg
                0x20000d3c        0x4 build/obj/chdebug.o
                0x20000d3c                dbg_panic_msg
 .bss.vtlist    0x20000d40       0x10 build/obj/chvt.o
                0x20000d40                vtlist
 .bss.rlist     0x20000d50       0x1c build/obj/chschd.o
                0x20000d50                rlist
 .bss.nextmem   0x20000d6c        0x4 build/obj/chmemcore.o
 .bss.endmem    0x20000d70        0x4 build/obj/chmemcore.o
 *fill*         0x20000d74        0x4 00
 .bss.default_heap
                0x20000d78       0x20 build/obj/chheap.o
 .bss.measurement_offset
                0x20000d98        0x4 build/obj/tm.o
 .bss.dma_streams_mask
                0x20000d9c        0x4 build/obj/stm32_dma.o
 .bss.dma_isr_redir
                0x20000da0       0x38 build/obj/stm32_dma.o
 .bss.SPID1     0x20000dd8       0x30 build/obj/spi_lld.o
                0x20000dd8                SPID1
 .bss.SPID2     0x20000e08       0x30 build/obj/spi_lld.o
                0x20000e08                SPID2
 .bss.dummytx   0x20000e38        0x2 build/obj/spi_lld.o
 *fill*         0x20000e3a        0x2 00
 .bss.rxbuf     0x20000e3c        0x8 build/obj/main.o
 *(COMMON)
                0x20000e44                . = ALIGN (0x4)
                0x20000e44                PROVIDE (_bss_end, .)
                0x20000e44                PROVIDE (end, .)
                0x20000e44                _end = .
                0x20000e44                __heap_base__ = _end
                0x20005000                __heap_end__ = __ram_end__
START GROUP
LOAD c:/programs/yagarto/bin/../lib/gcc/arm-none-eabi/4.5.0/thumb/v7m\libgcc.a
LOAD c:/programs/yagarto/bin/../lib/gcc/arm-none-eabi/4.5.0/../../../../arm-none-eabi/lib/thumb/v7m\libg.a
LOAD c:/programs/yagarto/bin/../lib/gcc/arm-none-eabi/4.5.0/../../../../arm-none-eabi/lib/thumb/v7m\libc.a
END GROUP
OUTPUT(build/ch.elf elf32-littlearm)

.debug_abbrev   0x00000000     0x3765
 .debug_abbrev  0x00000000       0xbe build/obj/crt0.o
 .debug_abbrev  0x000000be       0xb7 build/obj/vectors.o
 .debug_abbrev  0x00000175       0x4a build/obj/chcore.o
 .debug_abbrev  0x000001bf      0x18e build/obj/chcore_v7m.o
 .debug_abbrev  0x0000034d       0xf5 build/obj/nvic.o
 .debug_abbrev  0x00000442      0x179 build/obj/chsys.o
 .debug_abbrev  0x000005bb      0x1cd build/obj/chdebug.o
 .debug_abbrev  0x00000788       0x33 build/obj/chlists.o
 .debug_abbrev  0x000007bb      0x10f build/obj/chvt.o
 .debug_abbrev  0x000008ca      0x20d build/obj/chschd.o
 .debug_abbrev  0x00000ad7      0x207 build/obj/chthreads.o
 .debug_abbrev  0x00000cde      0x180 build/obj/chdynamic.o
 .debug_abbrev  0x00000e5e      0x151 build/obj/chregistry.o
 .debug_abbrev  0x00000faf      0x1ce build/obj/chsem.o
 .debug_abbrev  0x0000117d      0x1bf build/obj/chmtx.o
 .debug_abbrev  0x0000133c      0x1c6 build/obj/chcond.o
 .debug_abbrev  0x00001502      0x1df build/obj/chevents.o
 .debug_abbrev  0x000016e1      0x171 build/obj/chmsg.o
 .debug_abbrev  0x00001852      0x1be build/obj/chmboxes.o
 .debug_abbrev  0x00001a10      0x1ed build/obj/chqueues.o
 .debug_abbrev  0x00001bfd       0xf9 build/obj/chmemcore.o
 .debug_abbrev  0x00001cf6      0x181 build/obj/chheap.o
 .debug_abbrev  0x00001e77      0x124 build/obj/chmempools.o
 .debug_abbrev  0x00001f9b      0x136 build/obj/hal.o
 .debug_abbrev  0x000020d1       0x58 build/obj/adc.o
 .debug_abbrev  0x00002129       0x58 build/obj/can.o
 .debug_abbrev  0x00002181       0x58 build/obj/ext.o
 .debug_abbrev  0x000021d9       0x58 build/obj/gpt.o
 .debug_abbrev  0x00002231       0x58 build/obj/i2c.o
 .debug_abbrev  0x00002289       0x58 build/obj/icu.o
 .debug_abbrev  0x000022e1       0x58 build/obj/mac.o
 .debug_abbrev  0x00002339       0x58 build/obj/mmc_spi.o
 .debug_abbrev  0x00002391       0x58 build/obj/mmcsd.o
 .debug_abbrev  0x000023e9      0x105 build/obj/pal.o
 .debug_abbrev  0x000024ee       0x58 build/obj/pwm.o
 .debug_abbrev  0x00002546       0x58 build/obj/rtc.o
 .debug_abbrev  0x0000259e       0x58 build/obj/sdc.o
 .debug_abbrev  0x000025f6       0x58 build/obj/serial.o
 .debug_abbrev  0x0000264e       0x58 build/obj/serial_usb.o
 .debug_abbrev  0x000026a6      0x1f9 build/obj/spi.o
 .debug_abbrev  0x0000289f      0x113 build/obj/tm.o
 .debug_abbrev  0x000029b2       0x58 build/obj/uart.o
 .debug_abbrev  0x00002a0a       0x58 build/obj/usb.o
 .debug_abbrev  0x00002a62      0x184 build/obj/stm32_dma.o
 .debug_abbrev  0x00002be6       0xf2 build/obj/hal_lld.o
 .debug_abbrev  0x00002cd8       0x58 build/obj/adc_lld.o
 .debug_abbrev  0x00002d30       0x58 build/obj/ext_lld_isr.o
 .debug_abbrev  0x00002d88       0x58 build/obj/can_lld.o
 .debug_abbrev  0x00002de0       0x58 build/obj/ext_lld.o
 .debug_abbrev  0x00002e38       0x58 build/obj/mac_lld.o
 .debug_abbrev  0x00002e90       0x58 build/obj/sdc_lld.o
 .debug_abbrev  0x00002ee8      0x123 build/obj/pal_lld.o
 .debug_abbrev  0x0000300b       0x58 build/obj/i2c_lld.o
 .debug_abbrev  0x00003063       0x58 build/obj/rtc_lld.o
 .debug_abbrev  0x000030bb      0x222 build/obj/spi_lld.o
 .debug_abbrev  0x000032dd       0x58 build/obj/gpt_lld.o
 .debug_abbrev  0x00003335       0x58 build/obj/icu_lld.o
 .debug_abbrev  0x0000338d       0x58 build/obj/pwm_lld.o
 .debug_abbrev  0x000033e5       0x58 build/obj/serial_lld.o
 .debug_abbrev  0x0000343d       0x58 build/obj/uart_lld.o
 .debug_abbrev  0x00003495       0x58 build/obj/usb_lld.o
 .debug_abbrev  0x000034ed       0xc7 build/obj/board.o
 .debug_abbrev  0x000035b4      0x1b1 build/obj/main.o

.debug_info     0x00000000     0xdf04
 .debug_info    0x00000000      0x349 build/obj/crt0.o
 .debug_info    0x00000349      0x1f7 build/obj/vectors.o
 .debug_info    0x00000540       0x95 build/obj/chcore.o
 .debug_info    0x000005d5      0x816 build/obj/chcore_v7m.o
 .debug_info    0x00000deb      0x43b build/obj/nvic.o
 .debug_info    0x00001226      0x7fd build/obj/chsys.o
 .debug_info    0x00001a23      0x84a build/obj/chdebug.o
 .debug_info    0x0000226d       0x7d build/obj/chlists.o
 .debug_info    0x000022ea      0x224 build/obj/chvt.o
 .debug_info    0x0000250e      0x833 build/obj/chschd.o
 .debug_info    0x00002d41      0xab3 build/obj/chthreads.o
 .debug_info    0x000037f4      0x775 build/obj/chdynamic.o
 .debug_info    0x00003f69      0x694 build/obj/chregistry.o
 .debug_info    0x000045fd      0x900 build/obj/chsem.o
 .debug_info    0x00004efd      0x842 build/obj/chmtx.o
 .debug_info    0x0000573f      0x7e2 build/obj/chcond.o
 .debug_info    0x00005f21      0xcde build/obj/chevents.o
 .debug_info    0x00006bff      0x62e build/obj/chmsg.o
 .debug_info    0x0000722d      0x8a2 build/obj/chmboxes.o
 .debug_info    0x00007acf      0xab9 build/obj/chqueues.o
 .debug_info    0x00008588      0x1de build/obj/chmemcore.o
 .debug_info    0x00008766      0x666 build/obj/chheap.o
 .debug_info    0x00008dcc      0x2f6 build/obj/chmempools.o
 .debug_info    0x000090c2      0x2bb build/obj/hal.o
 .debug_info    0x0000937d       0xa9 build/obj/adc.o
 .debug_info    0x00009426       0xa9 build/obj/can.o
 .debug_info    0x000094cf       0xa9 build/obj/ext.o
 .debug_info    0x00009578       0xa9 build/obj/gpt.o
 .debug_info    0x00009621       0xa9 build/obj/i2c.o
 .debug_info    0x000096ca       0xa9 build/obj/icu.o
 .debug_info    0x00009773       0xa9 build/obj/mac.o
 .debug_info    0x0000981c       0xa9 build/obj/mmc_spi.o
 .debug_info    0x000098c5       0xa9 build/obj/mmcsd.o
 .debug_info    0x0000996e      0x24a build/obj/pal.o
 .debug_info    0x00009bb8       0xa9 build/obj/pwm.o
 .debug_info    0x00009c61       0xa9 build/obj/rtc.o
 .debug_info    0x00009d0a       0xa9 build/obj/sdc.o
 .debug_info    0x00009db3       0xa9 build/obj/serial.o
 .debug_info    0x00009e5c       0xa9 build/obj/serial_usb.o
 .debug_info    0x00009f05      0xe5b build/obj/spi.o
 .debug_info    0x0000ad60      0x288 build/obj/tm.o
 .debug_info    0x0000afe8       0xa9 build/obj/uart.o
 .debug_info    0x0000b091       0xa9 build/obj/usb.o
 .debug_info    0x0000b13a      0x644 build/obj/stm32_dma.o
 .debug_info    0x0000b77e      0x3b2 build/obj/hal_lld.o
 .debug_info    0x0000bb30       0xa9 build/obj/adc_lld.o
 .debug_info    0x0000bbd9       0xa9 build/obj/ext_lld_isr.o
 .debug_info    0x0000bc82       0xa9 build/obj/can_lld.o
 .debug_info    0x0000bd2b       0xa9 build/obj/ext_lld.o
 .debug_info    0x0000bdd4       0xa9 build/obj/mac_lld.o
 .debug_info    0x0000be7d       0xa9 build/obj/sdc_lld.o
 .debug_info    0x0000bf26      0x39e build/obj/pal_lld.o
 .debug_info    0x0000c2c4       0xa9 build/obj/i2c_lld.o
 .debug_info    0x0000c36d       0xa9 build/obj/rtc_lld.o
 .debug_info    0x0000c416      0xc8a build/obj/spi_lld.o
 .debug_info    0x0000d0a0       0xa9 build/obj/gpt_lld.o
 .debug_info    0x0000d149       0xa9 build/obj/icu_lld.o
 .debug_info    0x0000d1f2       0xa9 build/obj/pwm_lld.o
 .debug_info    0x0000d29b       0xa9 build/obj/serial_lld.o
 .debug_info    0x0000d344       0xa9 build/obj/uart_lld.o
 .debug_info    0x0000d3ed       0xa9 build/obj/usb_lld.o
 .debug_info    0x0000d496      0x190 build/obj/board.o
 .debug_info    0x0000d626      0x8de build/obj/main.o

.debug_line     0x00000000     0x5a58
 .debug_line    0x00000000      0x129 build/obj/crt0.o
 .debug_line    0x00000129       0xb6 build/obj/vectors.o
 .debug_line    0x000001df       0x63 build/obj/chcore.o
 .debug_line    0x00000242      0x1f4 build/obj/chcore_v7m.o
 .debug_line    0x00000436       0xe5 build/obj/nvic.o
 .debug_line    0x0000051b      0x1a6 build/obj/chsys.o
 .debug_line    0x000006c1      0x2a8 build/obj/chdebug.o
 .debug_line    0x00000969       0x1d build/obj/chlists.o
 .debug_line    0x00000986      0x15c build/obj/chvt.o
 .debug_line    0x00000ae2      0x2d2 build/obj/chschd.o
 .debug_line    0x00000db4      0x357 build/obj/chthreads.o
 .debug_line    0x0000110b      0x225 build/obj/chdynamic.o
 .debug_line    0x00001330      0x1be build/obj/chregistry.o
 .debug_line    0x000014ee      0x3a3 build/obj/chsem.o
 .debug_line    0x00001891      0x2e5 build/obj/chmtx.o
 .debug_line    0x00001b76      0x296 build/obj/chcond.o
 .debug_line    0x00001e0c      0x33b build/obj/chevents.o
 .debug_line    0x00002147      0x1b9 build/obj/chmsg.o
 .debug_line    0x00002300      0x292 build/obj/chmboxes.o
 .debug_line    0x00002592      0x35e build/obj/chqueues.o
 .debug_line    0x000028f0      0x131 build/obj/chmemcore.o
 .debug_line    0x00002a21      0x264 build/obj/chheap.o
 .debug_line    0x00002c85      0x1d6 build/obj/chmempools.o
 .debug_line    0x00002e5b      0x221 build/obj/hal.o
 .debug_line    0x0000307c       0xa9 build/obj/adc.o
 .debug_line    0x00003125       0xa9 build/obj/can.o
 .debug_line    0x000031ce       0xa9 build/obj/ext.o
 .debug_line    0x00003277       0xa9 build/obj/gpt.o
 .debug_line    0x00003320       0xa9 build/obj/i2c.o
 .debug_line    0x000033c9       0xa9 build/obj/icu.o
 .debug_line    0x00003472       0xa9 build/obj/mac.o
 .debug_line    0x0000351b       0xa9 build/obj/mmc_spi.o
 .debug_line    0x000035c4       0xa9 build/obj/mmcsd.o
 .debug_line    0x0000366d      0x1cc build/obj/pal.o
 .debug_line    0x00003839       0xa9 build/obj/pwm.o
 .debug_line    0x000038e2       0xa9 build/obj/rtc.o
 .debug_line    0x0000398b       0xa9 build/obj/sdc.o
 .debug_line    0x00003a34       0xa9 build/obj/serial.o
 .debug_line    0x00003add       0xa9 build/obj/serial_usb.o
 .debug_line    0x00003b86      0x57d build/obj/spi.o
 .debug_line    0x00004103      0x1b5 build/obj/tm.o
 .debug_line    0x000042b8       0xa9 build/obj/uart.o
 .debug_line    0x00004361       0xa9 build/obj/usb.o
 .debug_line    0x0000440a      0x24e build/obj/stm32_dma.o
 .debug_line    0x00004658      0x19c build/obj/hal_lld.o
 .debug_line    0x000047f4       0xa9 build/obj/adc_lld.o
 .debug_line    0x0000489d       0xa9 build/obj/ext_lld_isr.o
 .debug_line    0x00004946       0xa9 build/obj/can_lld.o
 .debug_line    0x000049ef       0xa9 build/obj/ext_lld.o
 .debug_line    0x00004a98       0xa9 build/obj/mac_lld.o
 .debug_line    0x00004b41       0xa9 build/obj/sdc_lld.o
 .debug_line    0x00004bea      0x183 build/obj/pal_lld.o
 .debug_line    0x00004d6d       0xa9 build/obj/i2c_lld.o
 .debug_line    0x00004e16       0xa9 build/obj/rtc_lld.o
 .debug_line    0x00004ebf      0x3f6 build/obj/spi_lld.o
 .debug_line    0x000052b5       0xa9 build/obj/gpt_lld.o
 .debug_line    0x0000535e       0xa9 build/obj/icu_lld.o
 .debug_line    0x00005407       0xa9 build/obj/pwm_lld.o
 .debug_line    0x000054b0       0xa9 build/obj/serial_lld.o
 .debug_line    0x00005559       0xa9 build/obj/uart_lld.o
 .debug_line    0x00005602       0xa9 build/obj/usb_lld.o
 .debug_line    0x000056ab      0x13b build/obj/board.o
 .debug_line    0x000057e6      0x272 build/obj/main.o

.debug_pubnames
                0x00000000     0x110a
 .debug_pubnames
                0x00000000       0x56 build/obj/crt0.o
 .debug_pubnames
                0x00000056       0x38 build/obj/vectors.o
 .debug_pubnames
                0x0000008e       0x20 build/obj/chcore.o
 .debug_pubnames
                0x000000ae       0x9d build/obj/chcore_v7m.o
 .debug_pubnames
                0x0000014b       0x5e build/obj/nvic.o
 .debug_pubnames
                0x000001a9       0x5c build/obj/chsys.o
 .debug_pubnames
                0x00000205      0x184 build/obj/chdebug.o
 .debug_pubnames
                0x00000389       0x46 build/obj/chvt.o
 .debug_pubnames
                0x000003cf       0xde build/obj/chschd.o
 .debug_pubnames
                0x000004ad       0xf3 build/obj/chthreads.o
 .debug_pubnames
                0x000005a0       0x69 build/obj/chdynamic.o
 .debug_pubnames
                0x00000609       0x48 build/obj/chregistry.o
 .debug_pubnames
                0x00000651       0xd1 build/obj/chsem.o
 .debug_pubnames
                0x00000722       0x94 build/obj/chmtx.o
 .debug_pubnames
                0x000007b6       0xb9 build/obj/chcond.o
 .debug_pubnames
                0x0000086f      0x17e build/obj/chevents.o
 .debug_pubnames
                0x000009ed       0x3f build/obj/chmsg.o
 .debug_pubnames
                0x00000a2c       0xba build/obj/chmboxes.o
 .debug_pubnames
                0x00000ae6       0xb3 build/obj/chqueues.o
 .debug_pubnames
                0x00000b99       0x53 build/obj/chmemcore.o
 .debug_pubnames
                0x00000bec       0x60 build/obj/chheap.o
 .debug_pubnames
                0x00000c4c       0x75 build/obj/chmempools.o
 .debug_pubnames
                0x00000cc1       0x48 build/obj/hal.o
 .debug_pubnames
                0x00000d09       0x43 build/obj/pal.o
 .debug_pubnames
                0x00000d4c      0x111 build/obj/spi.o
 .debug_pubnames
                0x00000e5d       0x2e build/obj/tm.o
 .debug_pubnames
                0x00000e8b       0xbb build/obj/stm32_dma.o
 .debug_pubnames
                0x00000f46       0x38 build/obj/hal_lld.o
 .debug_pubnames
                0x00000f7e       0x3e build/obj/pal_lld.o
 .debug_pubnames
                0x00000fbc       0xeb build/obj/spi_lld.o
 .debug_pubnames
                0x000010a7       0x48 build/obj/board.o
 .debug_pubnames
                0x000010ef       0x1b build/obj/main.o

.debug_pubtypes
                0x00000000     0x250f
 .debug_pubtypes
                0x00000000       0x44 build/obj/crt0.o
 .debug_pubtypes
                0x00000044       0x3e build/obj/vectors.o
 .debug_pubtypes
                0x00000082       0x12 build/obj/chcore.o
 .debug_pubtypes
                0x00000094      0x14e build/obj/chcore_v7m.o
 .debug_pubtypes
                0x000001e2       0x38 build/obj/nvic.o
 .debug_pubtypes
                0x0000021a      0x198 build/obj/chsys.o
 .debug_pubtypes
                0x000003b2      0x1a4 build/obj/chdebug.o
 .debug_pubtypes
                0x00000556       0x12 build/obj/chlists.o
 .debug_pubtypes
                0x00000568       0x67 build/obj/chvt.o
 .debug_pubtypes
                0x000005cf      0x18c build/obj/chschd.o
 .debug_pubtypes
                0x0000075b      0x188 build/obj/chthreads.o
 .debug_pubtypes
                0x000008e3      0x19f build/obj/chdynamic.o
 .debug_pubtypes
                0x00000a82      0x15d build/obj/chregistry.o
 .debug_pubtypes
                0x00000bdf      0x15d build/obj/chsem.o
 .debug_pubtypes
                0x00000d3c      0x142 build/obj/chmtx.o
 .debug_pubtypes
                0x00000e7e      0x14f build/obj/chcond.o
 .debug_pubtypes
                0x00000fcd      0x1a9 build/obj/chevents.o
 .debug_pubtypes
                0x00001176      0x137 build/obj/chmsg.o
 .debug_pubtypes
                0x000012ad      0x15b build/obj/chmboxes.o
 .debug_pubtypes
                0x00001408      0x19c build/obj/chqueues.o
 .debug_pubtypes
                0x000015a4       0x36 build/obj/chmemcore.o
 .debug_pubtypes
                0x000015da      0x174 build/obj/chheap.o
 .debug_pubtypes
                0x0000174e       0x66 build/obj/chmempools.o
 .debug_pubtypes
                0x000017b4       0x76 build/obj/hal.o
 .debug_pubtypes
                0x0000182a       0x1e build/obj/adc.o
 .debug_pubtypes
                0x00001848       0x1e build/obj/can.o
 .debug_pubtypes
                0x00001866       0x1e build/obj/ext.o
 .debug_pubtypes
                0x00001884       0x1e build/obj/gpt.o
 .debug_pubtypes
                0x000018a2       0x1e build/obj/i2c.o
 .debug_pubtypes
                0x000018c0       0x1e build/obj/icu.o
 .debug_pubtypes
                0x000018de       0x1e build/obj/mac.o
 .debug_pubtypes
                0x000018fc       0x1e build/obj/mmc_spi.o
 .debug_pubtypes
                0x0000191a       0x1e build/obj/mmcsd.o
 .debug_pubtypes
                0x00001938       0x84 build/obj/pal.o
 .debug_pubtypes
                0x000019bc       0x1e build/obj/pwm.o
 .debug_pubtypes
                0x000019da       0x1e build/obj/rtc.o
 .debug_pubtypes
                0x000019f8       0x1e build/obj/sdc.o
 .debug_pubtypes
                0x00001a16       0x1e build/obj/serial.o
 .debug_pubtypes
                0x00001a34       0x1e build/obj/serial_usb.o
 .debug_pubtypes
                0x00001a52      0x1f9 build/obj/spi.o
 .debug_pubtypes
                0x00001c4b       0x6e build/obj/tm.o
 .debug_pubtypes
                0x00001cb9       0x1e build/obj/uart.o
 .debug_pubtypes
                0x00001cd7       0x1e build/obj/usb.o
 .debug_pubtypes
                0x00001cf5       0xce build/obj/stm32_dma.o
 .debug_pubtypes
                0x00001dc3       0x93 build/obj/hal_lld.o
 .debug_pubtypes
                0x00001e56       0x1e build/obj/adc_lld.o
 .debug_pubtypes
                0x00001e74       0x1e build/obj/ext_lld_isr.o
 .debug_pubtypes
                0x00001e92       0x1e build/obj/can_lld.o
 .debug_pubtypes
                0x00001eb0       0x1e build/obj/ext_lld.o
 .debug_pubtypes
                0x00001ece       0x1e build/obj/mac_lld.o
 .debug_pubtypes
                0x00001eec       0x1e build/obj/sdc_lld.o
 .debug_pubtypes
                0x00001f0a       0xaa build/obj/pal_lld.o
 .debug_pubtypes
                0x00001fb4       0x1e build/obj/i2c_lld.o
 .debug_pubtypes
                0x00001fd2       0x1e build/obj/rtc_lld.o
 .debug_pubtypes
                0x00001ff0      0x22a build/obj/spi_lld.o
 .debug_pubtypes
                0x0000221a       0x1e build/obj/gpt_lld.o
 .debug_pubtypes
                0x00002238       0x1e build/obj/icu_lld.o
 .debug_pubtypes
                0x00002256       0x1e build/obj/pwm_lld.o
 .debug_pubtypes
                0x00002274       0x1e build/obj/serial_lld.o
 .debug_pubtypes
                0x00002292       0x1e build/obj/uart_lld.o
 .debug_pubtypes
                0x000022b0       0x1e build/obj/usb_lld.o
 .debug_pubtypes
                0x000022ce       0x50 build/obj/board.o
 .debug_pubtypes
                0x0000231e      0x1f1 build/obj/main.o

.debug_aranges  0x00000000      0x9f8
 .debug_aranges
                0x00000000       0x38 build/obj/crt0.o
 .debug_aranges
                0x00000038       0x20 build/obj/vectors.o
 .debug_aranges
                0x00000058       0x20 build/obj/chcore.o
 .debug_aranges
                0x00000078       0x50 build/obj/chcore_v7m.o
 .debug_aranges
                0x000000c8       0x30 build/obj/nvic.o
 .debug_aranges
                0x000000f8       0x30 build/obj/chsys.o
 .debug_aranges
                0x00000128       0x88 build/obj/chdebug.o
 .debug_aranges
                0x000001b0       0x30 build/obj/chvt.o
 .debug_aranges
                0x000001e0       0x78 build/obj/chschd.o
 .debug_aranges
                0x00000258       0x90 build/obj/chthreads.o
 .debug_aranges
                0x000002e8       0x38 build/obj/chdynamic.o
 .debug_aranges
                0x00000320       0x28 build/obj/chregistry.o
 .debug_aranges
                0x00000348       0x88 build/obj/chsem.o
 .debug_aranges
                0x000003d0       0x70 build/obj/chmtx.o
 .debug_aranges
                0x00000440       0x70 build/obj/chcond.o
 .debug_aranges
                0x000004b0       0xa0 build/obj/chevents.o
 .debug_aranges
                0x00000550       0x40 build/obj/chmsg.o
 .debug_aranges
                0x00000590       0x70 build/obj/chmboxes.o
 .debug_aranges
                0x00000600       0x80 build/obj/chqueues.o
 .debug_aranges
                0x00000680       0x38 build/obj/chmemcore.o
 .debug_aranges
                0x000006b8       0x40 build/obj/chheap.o
 .debug_aranges
                0x000006f8       0x48 build/obj/chmempools.o
 .debug_aranges
                0x00000740       0x30 build/obj/hal.o
 .debug_aranges
                0x00000770       0x30 build/obj/pal.o
 .debug_aranges
                0x000007a0       0x98 build/obj/spi.o
 .debug_aranges
                0x00000838       0x38 build/obj/tm.o
 .debug_aranges
                0x00000870       0x68 build/obj/stm32_dma.o
 .debug_aranges
                0x000008d8       0x30 build/obj/hal_lld.o
 .debug_aranges
                0x00000908       0x28 build/obj/pal_lld.o
 .debug_aranges
                0x00000930       0x78 build/obj/spi_lld.o
 .debug_aranges
                0x000009a8       0x28 build/obj/board.o
 .debug_aranges
                0x000009d0       0x28 build/obj/main.o

.debug_ranges   0x00000000      0x810
 .debug_ranges  0x00000000       0x28 build/obj/crt0.o
 .debug_ranges  0x00000028       0x10 build/obj/vectors.o
 .debug_ranges  0x00000038       0x10 build/obj/chcore.o
 .debug_ranges  0x00000048       0x40 build/obj/chcore_v7m.o
 .debug_ranges  0x00000088       0x20 build/obj/nvic.o
 .debug_ranges  0x000000a8       0x20 build/obj/chsys.o
 .debug_ranges  0x000000c8       0x78 build/obj/chdebug.o
 .debug_ranges  0x00000140       0x20 build/obj/chvt.o
 .debug_ranges  0x00000160       0x80 build/obj/chschd.o
 .debug_ranges  0x000001e0       0x80 build/obj/chthreads.o
 .debug_ranges  0x00000260       0x28 build/obj/chdynamic.o
 .debug_ranges  0x00000288       0x18 build/obj/chregistry.o
 .debug_ranges  0x000002a0       0x78 build/obj/chsem.o
 .debug_ranges  0x00000318       0x60 build/obj/chmtx.o
 .debug_ranges  0x00000378       0x60 build/obj/chcond.o
 .debug_ranges  0x000003d8       0x90 build/obj/chevents.o
 .debug_ranges  0x00000468       0x30 build/obj/chmsg.o
 .debug_ranges  0x00000498       0x60 build/obj/chmboxes.o
 .debug_ranges  0x000004f8       0x70 build/obj/chqueues.o
 .debug_ranges  0x00000568       0x28 build/obj/chmemcore.o
 .debug_ranges  0x00000590       0x30 build/obj/chheap.o
 .debug_ranges  0x000005c0       0x38 build/obj/chmempools.o
 .debug_ranges  0x000005f8       0x20 build/obj/hal.o
 .debug_ranges  0x00000618       0x20 build/obj/pal.o
 .debug_ranges  0x00000638       0x88 build/obj/spi.o
 .debug_ranges  0x000006c0       0x28 build/obj/tm.o
 .debug_ranges  0x000006e8       0x58 build/obj/stm32_dma.o
 .debug_ranges  0x00000740       0x20 build/obj/hal_lld.o
 .debug_ranges  0x00000760       0x18 build/obj/pal_lld.o
 .debug_ranges  0x00000778       0x68 build/obj/spi_lld.o
 .debug_ranges  0x000007e0       0x18 build/obj/board.o
 .debug_ranges  0x000007f8       0x18 build/obj/main.o

.debug_str      0x00000000     0x2686
 .debug_str     0x00000000      0x1d1 build/obj/crt0.o
                                0x205 (size before relaxing)
 .debug_str     0x000001d1      0x147 build/obj/vectors.o
                                0x22c (size before relaxing)
 .debug_str     0x00000318       0x38 build/obj/chcore.o
                                 0xff (size before relaxing)
 .debug_str     0x00000350      0x2b4 build/obj/chcore_v7m.o
                                0x3a9 (size before relaxing)
 .debug_str     0x00000604       0xc6 build/obj/nvic.o
                                0x1f6 (size before relaxing)
 .debug_str     0x000006ca      0x1d5 build/obj/chsys.o
                                0x472 (size before relaxing)
 .debug_str     0x0000089f      0x1ae build/obj/chdebug.o
                                0x49f (size before relaxing)
 .debug_str     0x00000a4d       0x29 build/obj/chlists.o
                                 0xf0 (size before relaxing)
 .debug_str     0x00000a76       0x4a build/obj/chvt.o
                                0x17f (size before relaxing)
 .debug_str     0x00000ac0      0x102 build/obj/chschd.o
                                0x3df (size before relaxing)
 .debug_str     0x00000bc2      0x113 build/obj/chthreads.o
                                0x415 (size before relaxing)
 .debug_str     0x00000cd5       0xfd build/obj/chdynamic.o
                                0x386 (size before relaxing)
 .debug_str     0x00000dd2       0x4d build/obj/chregistry.o
                                0x3e1 (size before relaxing)
 .debug_str     0x00000e1f       0xd3 build/obj/chsem.o
                                0x397 (size before relaxing)
 .debug_str     0x00000ef2       0x9c build/obj/chmtx.o
                                0x34d (size before relaxing)
 .debug_str     0x00000f8e       0xbb build/obj/chcond.o
                                0x36d (size before relaxing)
 .debug_str     0x00001049      0x1c4 build/obj/chevents.o
                                0x469 (size before relaxing)
 .debug_str     0x0000120d       0x48 build/obj/chmsg.o
                                0x2f6 (size before relaxing)
 .debug_str     0x00001255       0xed build/obj/chmboxes.o
                                0x366 (size before relaxing)
 .debug_str     0x00001342      0x124 build/obj/chqueues.o
                                0x3ef (size before relaxing)
 .debug_str     0x00001466       0x86 build/obj/chmemcore.o
                                0x16a (size before relaxing)
 .debug_str     0x000014ec       0x75 build/obj/chheap.o
                                0x335 (size before relaxing)
 .debug_str     0x00001561       0x77 build/obj/chmempools.o
                                0x1b8 (size before relaxing)
 .debug_str     0x000015d8      0x104 build/obj/hal.o
                                0x1e9 (size before relaxing)
 .debug_str     0x000016dc       0x22 build/obj/adc.o
                                 0xfe (size before relaxing)
 .debug_str     0x000016fe       0x22 build/obj/can.o
                                 0xfe (size before relaxing)
 .debug_str     0x00001720       0x22 build/obj/ext.o
                                 0xfe (size before relaxing)
 .debug_str     0x00001742       0x22 build/obj/gpt.o
                                 0xfe (size before relaxing)
 .debug_str     0x00001764       0x22 build/obj/i2c.o
                                 0xfe (size before relaxing)
 .debug_str     0x00001786       0x22 build/obj/icu.o
                                 0xfe (size before relaxing)
 .debug_str     0x000017a8       0x22 build/obj/mac.o
                                 0xfe (size before relaxing)
 .debug_str     0x000017ca       0x26 build/obj/mmc_spi.o
                                0x102 (size before relaxing)
 .debug_str     0x000017f0       0x24 build/obj/mmcsd.o
                                0x100 (size before relaxing)
 .debug_str     0x00001814       0x9e build/obj/pal.o
                                0x194 (size before relaxing)
 .debug_str     0x000018b2       0x22 build/obj/pwm.o
                                 0xfe (size before relaxing)
 .debug_str     0x000018d4       0x22 build/obj/rtc.o
                                 0xfe (size before relaxing)
 .debug_str     0x000018f6       0x22 build/obj/sdc.o
                                 0xfe (size before relaxing)
 .debug_str     0x00001918       0x25 build/obj/serial.o
                                0x101 (size before relaxing)
 .debug_str     0x0000193d       0x29 build/obj/serial_usb.o
                                0x105 (size before relaxing)
 .debug_str     0x00001966      0x26c build/obj/spi.o
                                0x55b (size before relaxing)
 .debug_str     0x00001bd2       0x79 build/obj/tm.o
                                0x1b3 (size before relaxing)
 .debug_str     0x00001c4b       0x23 build/obj/uart.o
                                 0xff (size before relaxing)
 .debug_str     0x00001c6e       0x22 build/obj/usb.o
                                 0xfe (size before relaxing)
 .debug_str     0x00001c90      0x429 build/obj/stm32_dma.o
                                0x59d (size before relaxing)
 .debug_str     0x000020b9       0xd7 build/obj/hal_lld.o
                                0x248 (size before relaxing)
 .debug_str     0x00002190       0x36 build/obj/adc_lld.o
                                0x112 (size before relaxing)
 .debug_str     0x000021c6       0x3a build/obj/ext_lld_isr.o
                                0x116 (size before relaxing)
 .debug_str     0x00002200       0x32 build/obj/can_lld.o
                                0x10e (size before relaxing)
 .debug_str     0x00002232       0x32 build/obj/ext_lld.o
                                0x10e (size before relaxing)
 .debug_str     0x00002264       0x32 build/obj/mac_lld.o
                                0x10e (size before relaxing)
 .debug_str     0x00002296       0x32 build/obj/sdc_lld.o
                                0x10e (size before relaxing)
 .debug_str     0x000022c8       0x64 build/obj/pal_lld.o
                                0x21e (size before relaxing)
 .debug_str     0x0000232c       0x38 build/obj/i2c_lld.o
                                0x114 (size before relaxing)
 .debug_str     0x00002364       0x38 build/obj/rtc_lld.o
                                0x114 (size before relaxing)
 .debug_str     0x0000239c      0x12d build/obj/spi_lld.o
                                0x5e3 (size before relaxing)
 .debug_str     0x000024c9       0x38 build/obj/gpt_lld.o
                                0x114 (size before relaxing)
 .debug_str     0x00002501       0x38 build/obj/icu_lld.o
                                0x114 (size before relaxing)
 .debug_str     0x00002539       0x38 build/obj/pwm_lld.o
                                0x114 (size before relaxing)
 .debug_str     0x00002571       0x3d build/obj/serial_lld.o
                                0x119 (size before relaxing)
 .debug_str     0x000025ae       0x3b build/obj/uart_lld.o
                                0x117 (size before relaxing)
 .debug_str     0x000025e9       0x38 build/obj/usb_lld.o
                                0x114 (size before relaxing)
 .debug_str     0x00002621       0x3c build/obj/board.o
                                0x181 (size before relaxing)
 .debug_str     0x0000265d       0x29 build/obj/main.o
                                0x46b (size before relaxing)

.comment        0x00000000       0x11
 .comment       0x00000000       0x11 build/obj/crt0.o
                                 0x12 (size before relaxing)
 .comment       0x00000000       0x12 build/obj/vectors.o
 .comment       0x00000000       0x12 build/obj/chcore.o
 .comment       0x00000000       0x12 build/obj/chcore_v7m.o
 .comment       0x00000000       0x12 build/obj/nvic.o
 .comment       0x00000000       0x12 build/obj/chsys.o
 .comment       0x00000000       0x12 build/obj/chdebug.o
 .comment       0x00000000       0x12 build/obj/chlists.o
 .comment       0x00000000       0x12 build/obj/chvt.o
 .comment       0x00000000       0x12 build/obj/chschd.o
 .comment       0x00000000       0x12 build/obj/chthreads.o
 .comment       0x00000000       0x12 build/obj/chdynamic.o
 .comment       0x00000000       0x12 build/obj/chregistry.o
 .comment       0x00000000       0x12 build/obj/chsem.o
 .comment       0x00000000       0x12 build/obj/chmtx.o
 .comment       0x00000000       0x12 build/obj/chcond.o
 .comment       0x00000000       0x12 build/obj/chevents.o
 .comment       0x00000000       0x12 build/obj/chmsg.o
 .comment       0x00000000       0x12 build/obj/chmboxes.o
 .comment       0x00000000       0x12 build/obj/chqueues.o
 .comment       0x00000000       0x12 build/obj/chmemcore.o
 .comment       0x00000000       0x12 build/obj/chheap.o
 .comment       0x00000000       0x12 build/obj/chmempools.o
 .comment       0x00000000       0x12 build/obj/hal.o
 .comment       0x00000000       0x12 build/obj/adc.o
 .comment       0x00000000       0x12 build/obj/can.o
 .comment       0x00000000       0x12 build/obj/ext.o
 .comment       0x00000000       0x12 build/obj/gpt.o
 .comment       0x00000000       0x12 build/obj/i2c.o
 .comment       0x00000000       0x12 build/obj/icu.o
 .comment       0x00000000       0x12 build/obj/mac.o
 .comment       0x00000000       0x12 build/obj/mmc_spi.o
 .comment       0x00000000       0x12 build/obj/mmcsd.o
 .comment       0x00000000       0x12 build/obj/pal.o
 .comment       0x00000000       0x12 build/obj/pwm.o
 .comment       0x00000000       0x12 build/obj/rtc.o
 .comment       0x00000000       0x12 build/obj/sdc.o
 .comment       0x00000000       0x12 build/obj/serial.o
 .comment       0x00000000       0x12 build/obj/serial_usb.o
 .comment       0x00000000       0x12 build/obj/spi.o
 .comment       0x00000000       0x12 build/obj/tm.o
 .comment       0x00000000       0x12 build/obj/uart.o
 .comment       0x00000000       0x12 build/obj/usb.o
 .comment       0x00000000       0x12 build/obj/stm32_dma.o
 .comment       0x00000000       0x12 build/obj/hal_lld.o
 .comment       0x00000000       0x12 build/obj/adc_lld.o
 .comment       0x00000000       0x12 build/obj/ext_lld_isr.o
 .comment       0x00000000       0x12 build/obj/can_lld.o
 .comment       0x00000000       0x12 build/obj/ext_lld.o
 .comment       0x00000000       0x12 build/obj/mac_lld.o
 .comment       0x00000000       0x12 build/obj/sdc_lld.o
 .comment       0x00000000       0x12 build/obj/pal_lld.o
 .comment       0x00000000       0x12 build/obj/i2c_lld.o
 .comment       0x00000000       0x12 build/obj/rtc_lld.o
 .comment       0x00000000       0x12 build/obj/spi_lld.o
 .comment       0x00000000       0x12 build/obj/gpt_lld.o
 .comment       0x00000000       0x12 build/obj/icu_lld.o
 .comment       0x00000000       0x12 build/obj/pwm_lld.o
 .comment       0x00000000       0x12 build/obj/serial_lld.o
 .comment       0x00000000       0x12 build/obj/uart_lld.o
 .comment       0x00000000       0x12 build/obj/usb_lld.o
 .comment       0x00000000       0x12 build/obj/board.o
 .comment       0x00000000       0x12 build/obj/main.o

.ARM.attributes
                0x00000000       0x31
 .ARM.attributes
                0x00000000       0x31 build/obj/crt0.o
 .ARM.attributes
                0x00000031       0x31 build/obj/vectors.o
 .ARM.attributes
                0x00000062       0x31 build/obj/chcore.o
 .ARM.attributes
                0x00000093       0x31 build/obj/chcore_v7m.o
 .ARM.attributes
                0x000000c4       0x31 build/obj/nvic.o
 .ARM.attributes
                0x000000f5       0x31 build/obj/chsys.o
 .ARM.attributes
                0x00000126       0x31 build/obj/chdebug.o
 .ARM.attributes
                0x00000157       0x31 build/obj/chlists.o
 .ARM.attributes
                0x00000188       0x31 build/obj/chvt.o
 .ARM.attributes
                0x000001b9       0x31 build/obj/chschd.o
 .ARM.attributes
                0x000001ea       0x31 build/obj/chthreads.o
 .ARM.attributes
                0x0000021b       0x31 build/obj/chdynamic.o
 .ARM.attributes
                0x0000024c       0x31 build/obj/chregistry.o
 .ARM.attributes
                0x0000027d       0x31 build/obj/chsem.o
 .ARM.attributes
                0x000002ae       0x31 build/obj/chmtx.o
 .ARM.attributes
                0x000002df       0x31 build/obj/chcond.o
 .ARM.attributes
                0x00000310       0x31 build/obj/chevents.o
 .ARM.attributes
                0x00000341       0x31 build/obj/chmsg.o
 .ARM.attributes
                0x00000372       0x31 build/obj/chmboxes.o
 .ARM.attributes
                0x000003a3       0x31 build/obj/chqueues.o
 .ARM.attributes
                0x000003d4       0x31 build/obj/chmemcore.o
 .ARM.attributes
                0x00000405       0x31 build/obj/chheap.o
 .ARM.attributes
                0x00000436       0x31 build/obj/chmempools.o
 .ARM.attributes
                0x00000467       0x31 build/obj/hal.o
 .ARM.attributes
                0x00000498       0x31 build/obj/adc.o
 .ARM.attributes
                0x000004c9       0x31 build/obj/can.o
 .ARM.attributes
                0x000004fa       0x31 build/obj/ext.o
 .ARM.attributes
                0x0000052b       0x31 build/obj/gpt.o
 .ARM.attributes
                0x0000055c       0x31 build/obj/i2c.o
 .ARM.attributes
                0x0000058d       0x31 build/obj/icu.o
 .ARM.attributes
                0x000005be       0x31 build/obj/mac.o
 .ARM.attributes
                0x000005ef       0x31 build/obj/mmc_spi.o
 .ARM.attributes
                0x00000620       0x31 build/obj/mmcsd.o
 .ARM.attributes
                0x00000651       0x31 build/obj/pal.o
 .ARM.attributes
                0x00000682       0x31 build/obj/pwm.o
 .ARM.attributes
                0x000006b3       0x31 build/obj/rtc.o
 .ARM.attributes
                0x000006e4       0x31 build/obj/sdc.o
 .ARM.attributes
                0x00000715       0x31 build/obj/serial.o
 .ARM.attributes
                0x00000746       0x31 build/obj/serial_usb.o
 .ARM.attributes
                0x00000777       0x31 build/obj/spi.o
 .ARM.attributes
                0x000007a8       0x31 build/obj/tm.o
 .ARM.attributes
                0x000007d9       0x31 build/obj/uart.o
 .ARM.attributes
                0x0000080a       0x31 build/obj/usb.o
 .ARM.attributes
                0x0000083b       0x31 build/obj/stm32_dma.o
 .ARM.attributes
                0x0000086c       0x31 build/obj/hal_lld.o
 .ARM.attributes
                0x0000089d       0x31 build/obj/adc_lld.o
 .ARM.attributes
                0x000008ce       0x31 build/obj/ext_lld_isr.o
 .ARM.attributes
                0x000008ff       0x31 build/obj/can_lld.o
 .ARM.attributes
                0x00000930       0x31 build/obj/ext_lld.o
 .ARM.attributes
                0x00000961       0x31 build/obj/mac_lld.o
 .ARM.attributes
                0x00000992       0x31 build/obj/sdc_lld.o
 .ARM.attributes
                0x000009c3       0x31 build/obj/pal_lld.o
 .ARM.attributes
                0x000009f4       0x31 build/obj/i2c_lld.o
 .ARM.attributes
                0x00000a25       0x31 build/obj/rtc_lld.o
 .ARM.attributes
                0x00000a56       0x31 build/obj/spi_lld.o
 .ARM.attributes
                0x00000a87       0x31 build/obj/gpt_lld.o
 .ARM.attributes
                0x00000ab8       0x31 build/obj/icu_lld.o
 .ARM.attributes
                0x00000ae9       0x31 build/obj/pwm_lld.o
 .ARM.attributes
                0x00000b1a       0x31 build/obj/serial_lld.o
 .ARM.attributes
                0x00000b4b       0x31 build/obj/uart_lld.o
 .ARM.attributes
                0x00000b7c       0x31 build/obj/usb_lld.o
 .ARM.attributes
                0x00000bad       0x31 build/obj/board.o
 .ARM.attributes
                0x00000bde       0x31 build/obj/main.o

.debug_frame    0x00000000     0x1864
 .debug_frame   0x00000000       0x50 build/obj/crt0.o
 .debug_frame   0x00000050       0x20 build/obj/vectors.o
 .debug_frame   0x00000070       0x20 build/obj/chcore.o
 .debug_frame   0x00000090       0xbc build/obj/chcore_v7m.o
 .debug_frame   0x0000014c       0x4c build/obj/nvic.o
 .debug_frame   0x00000198       0x5c build/obj/chsys.o
 .debug_frame   0x000001f4      0x184 build/obj/chdebug.o
 .debug_frame   0x00000378       0x58 build/obj/chvt.o
 .debug_frame   0x000003d0      0x144 build/obj/chschd.o
 .debug_frame   0x00000514      0x194 build/obj/chthreads.o
 .debug_frame   0x000006a8       0x80 build/obj/chdynamic.o
 .debug_frame   0x00000728       0x48 build/obj/chregistry.o
 .debug_frame   0x00000770      0x180 build/obj/chsem.o
 .debug_frame   0x000008f0      0x12c build/obj/chmtx.o
 .debug_frame   0x00000a1c      0x134 build/obj/chcond.o
 .debug_frame   0x00000b50      0x1e4 build/obj/chevents.o
 .debug_frame   0x00000d34       0x8c build/obj/chmsg.o
 .debug_frame   0x00000dc0      0x144 build/obj/chmboxes.o
 .debug_frame   0x00000f04      0x15c build/obj/chqueues.o
 .debug_frame   0x00001060       0x68 build/obj/chmemcore.o
 .debug_frame   0x000010c8       0x9c build/obj/chheap.o
 .debug_frame   0x00001164       0xb8 build/obj/chmempools.o
 .debug_frame   0x0000121c       0x5c build/obj/hal.o
 .debug_frame   0x00001278       0x64 build/obj/pal.o
 .debug_frame   0x000012dc      0x1d0 build/obj/spi.o
 .debug_frame   0x000014ac       0x68 build/obj/tm.o
 .debug_frame   0x00001514      0x120 build/obj/stm32_dma.o
 .debug_frame   0x00001634       0x4c build/obj/hal_lld.o
 .debug_frame   0x00001680       0x38 build/obj/pal_lld.o
 .debug_frame   0x000016b8      0x128 build/obj/spi_lld.o
 .debug_frame   0x000017e0       0x3c build/obj/board.o
 .debug_frame   0x0000181c       0x48 build/obj/main.o

.debug_loc      0x00000000     0x2094
 .debug_loc     0x00000000       0xb8 build/obj/chcore_v7m.o
 .debug_loc     0x000000b8       0x60 build/obj/nvic.o
 .debug_loc     0x00000118       0x78 build/obj/chsys.o
 .debug_loc     0x00000190      0x1ac build/obj/chdebug.o
 .debug_loc     0x0000033c       0x58 build/obj/chvt.o
 .debug_loc     0x00000394      0x1b4 build/obj/chschd.o
 .debug_loc     0x00000548      0x258 build/obj/chthreads.o
 .debug_loc     0x000007a0       0xb0 build/obj/chdynamic.o
 .debug_loc     0x00000850       0x58 build/obj/chregistry.o
 .debug_loc     0x000008a8      0x244 build/obj/chsem.o
 .debug_loc     0x00000aec      0x1c0 build/obj/chmtx.o
 .debug_loc     0x00000cac      0x1cc build/obj/chcond.o
 .debug_loc     0x00000e78      0x2e0 build/obj/chevents.o
 .debug_loc     0x00001158       0xc4 build/obj/chmsg.o
 .debug_loc     0x0000121c      0x1e4 build/obj/chmboxes.o
 .debug_loc     0x00001400      0x20c build/obj/chqueues.o
 .debug_loc     0x0000160c       0x58 build/obj/chmemcore.o
 .debug_loc     0x00001664       0xd0 build/obj/chheap.o
 .debug_loc     0x00001734      0x108 build/obj/chmempools.o
 .debug_loc     0x0000183c       0x6c build/obj/hal.o
 .debug_loc     0x000018a8       0x84 build/obj/pal.o
 .debug_loc     0x0000192c      0x2b4 build/obj/spi.o
 .debug_loc     0x00001be0       0x8c build/obj/tm.o
 .debug_loc     0x00001c6c      0x1ac build/obj/stm32_dma.o
 .debug_loc     0x00001e18       0x20 build/obj/hal_lld.o
 .debug_loc     0x00001e38       0x40 build/obj/pal_lld.o
 .debug_loc     0x00001e78      0x1b0 build/obj/spi_lld.o
 .debug_loc     0x00002028       0x20 build/obj/board.o
 .debug_loc     0x00002048       0x4c build/obj/main.o

Cross Reference Table

Symbol                                            File
BusFaultVector                                    build/obj/vectors.o
DebugMonitorVector                                build/obj/vectors.o
HardFaultVector                                   build/obj/vectors.o
MemManageVector                                   build/obj/vectors.o
NMIVector                                         build/obj/vectors.o
PendSVVector                                      build/obj/vectors.o
ResetHandler                                      build/obj/crt0.o
                                                  build/obj/vectors.o
SPID1                                             build/obj/spi_lld.o
                                                  build/obj/main.o
SPID2                                             build/obj/spi_lld.o
SVCallVector                                      build/obj/chcore_v7m.o
                                                  build/obj/vectors.o
SysTickVector                                     build/obj/chcore_v7m.o
                                                  build/obj/vectors.o
UsageFaultVector                                  build/obj/vectors.o
Vector1C                                          build/obj/vectors.o
Vector20                                          build/obj/vectors.o
Vector24                                          build/obj/vectors.o
Vector28                                          build/obj/vectors.o
Vector34                                          build/obj/vectors.o
Vector40                                          build/obj/vectors.o
Vector44                                          build/obj/vectors.o
Vector48                                          build/obj/vectors.o
Vector4C                                          build/obj/vectors.o
Vector50                                          build/obj/vectors.o
Vector54                                          build/obj/vectors.o
Vector58                                          build/obj/vectors.o
Vector5C                                          build/obj/vectors.o
Vector60                                          build/obj/vectors.o
Vector64                                          build/obj/vectors.o
Vector68                                          build/obj/vectors.o
Vector6C                                          build/obj/stm32_dma.o
                                                  build/obj/vectors.o
Vector70                                          build/obj/stm32_dma.o
                                                  build/obj/vectors.o
Vector74                                          build/obj/stm32_dma.o
                                                  build/obj/vectors.o
Vector78                                          build/obj/stm32_dma.o
                                                  build/obj/vectors.o
Vector7C                                          build/obj/stm32_dma.o
                                                  build/obj/vectors.o
Vector80                                          build/obj/stm32_dma.o
                                                  build/obj/vectors.o
Vector84                                          build/obj/stm32_dma.o
                                                  build/obj/vectors.o
Vector88                                          build/obj/vectors.o
Vector8C                                          build/obj/vectors.o
Vector90                                          build/obj/vectors.o
Vector94                                          build/obj/vectors.o
Vector98                                          build/obj/vectors.o
Vector9C                                          build/obj/vectors.o
VectorA0                                          build/obj/vectors.o
VectorA4                                          build/obj/vectors.o
VectorA8                                          build/obj/vectors.o
VectorAC                                          build/obj/vectors.o
VectorB0                                          build/obj/vectors.o
VectorB4                                          build/obj/vectors.o
VectorB8                                          build/obj/vectors.o
VectorBC                                          build/obj/vectors.o
VectorC0                                          build/obj/vectors.o
VectorC4                                          build/obj/vectors.o
VectorC8                                          build/obj/vectors.o
VectorCC                                          build/obj/vectors.o
VectorD0                                          build/obj/vectors.o
VectorD4                                          build/obj/vectors.o
VectorD8                                          build/obj/vectors.o
VectorDC                                          build/obj/vectors.o
VectorE0                                          build/obj/vectors.o
VectorE4                                          build/obj/vectors.o
VectorE8                                          build/obj/vectors.o
__early_init                                      build/obj/board.o
                                                  build/obj/crt0.o
__fini_array_end                                  build/obj/crt0.o
__fini_array_start                                build/obj/crt0.o
__heap_base__                                     build/obj/chmemcore.o
__heap_end__                                      build/obj/chmemcore.o
__init_array_end                                  build/obj/crt0.o
__init_array_start                                build/obj/crt0.o
__late_init                                       build/obj/crt0.o
__main_stack_base__                               build/obj/crt0.o
__main_stack_end__                                build/obj/vectors.o
                                                  build/obj/crt0.o
__main_thread_stack_base__                        build/obj/chsys.o
__process_stack_base__                            build/obj/crt0.o
__process_stack_end__                             build/obj/crt0.o
_bss_end                                          build/obj/crt0.o
_bss_start                                        build/obj/crt0.o
_core_init                                        build/obj/chmemcore.o
                                                  build/obj/chsys.o
_data                                             build/obj/crt0.o
_default_exit                                     build/obj/crt0.o
_edata                                            build/obj/crt0.o
_heap_init                                        build/obj/chheap.o
                                                  build/obj/chsys.o
_idle_thread                                      build/obj/chsys.o
_idle_thread_wa                                   build/obj/chsys.o
_pal_lld_init                                     build/obj/pal_lld.o
                                                  build/obj/hal.o
_pal_lld_setgroupmode                             build/obj/pal_lld.o
                                                  build/obj/main.o
                                                  build/obj/pal.o
_port_init                                        build/obj/chcore_v7m.o
                                                  build/obj/chsys.o
_port_irq_epilogue                                build/obj/chcore_v7m.o
                                                  build/obj/stm32_dma.o
_port_switch                                      build/obj/chcore_v7m.o
                                                  build/obj/chschd.o
_port_switch_from_isr                             build/obj/chcore_v7m.o
_port_thread_start                                build/obj/chcore_v7m.o
                                                  build/obj/chthreads.o
_scheduler_init                                   build/obj/chschd.o
                                                  build/obj/chsys.o
_stm32_dma_streams                                build/obj/stm32_dma.o
                                                  build/obj/spi_lld.o
_textdata                                         build/obj/crt0.o
_thread_init                                      build/obj/chthreads.o
                                                  build/obj/chsys.o
_thread_memfill                                   build/obj/chthreads.o
                                                  build/obj/chdynamic.o
_trace_init                                       build/obj/chdebug.o
                                                  build/obj/chsys.o
_unhandled_exception                              build/obj/vectors.o
_vectors                                          build/obj/vectors.o
_vt_init                                          build/obj/chvt.o
                                                  build/obj/chsys.o
boardInit                                         build/obj/board.o
                                                  build/obj/hal.o
chCondBroadcast                                   build/obj/chcond.o
chCondBroadcastI                                  build/obj/chcond.o
chCondInit                                        build/obj/chcond.o
chCondSignal                                      build/obj/chcond.o
chCondSignalI                                     build/obj/chcond.o
chCondWait                                        build/obj/chcond.o
chCondWaitS                                       build/obj/chcond.o
chCondWaitTimeout                                 build/obj/chcond.o
chCondWaitTimeoutS                                build/obj/chcond.o
chCoreAlloc                                       build/obj/chmemcore.o
                                                  build/obj/chheap.o
chCoreAllocI                                      build/obj/chmemcore.o
chCoreStatus                                      build/obj/chmemcore.o
chDbgCheckClassI                                  build/obj/chdebug.o
                                                  build/obj/chmempools.o
                                                  build/obj/chmemcore.o
                                                  build/obj/chqueues.o
                                                  build/obj/chmboxes.o
                                                  build/obj/chevents.o
                                                  build/obj/chcond.o
                                                  build/obj/chsem.o
                                                  build/obj/chthreads.o
                                                  build/obj/chschd.o
                                                  build/obj/chvt.o
                                                  build/obj/chsys.o
chDbgCheckClassS                                  build/obj/chdebug.o
                                                  build/obj/chmboxes.o
                                                  build/obj/chcond.o
                                                  build/obj/chmtx.o
                                                  build/obj/chsem.o
                                                  build/obj/chschd.o
chDbgPanic                                        build/obj/chdebug.o
                                                  build/obj/spi_lld.o
                                                  build/obj/stm32_dma.o
                                                  build/obj/spi.o
                                                  build/obj/pal.o
                                                  build/obj/chmempools.o
                                                  build/obj/chheap.o
                                                  build/obj/chqueues.o
                                                  build/obj/chmboxes.o
                                                  build/obj/chmsg.o
                                                  build/obj/chevents.o
                                                  build/obj/chcond.o
                                                  build/obj/chmtx.o
                                                  build/obj/chsem.o
                                                  build/obj/chregistry.o
                                                  build/obj/chdynamic.o
                                                  build/obj/chthreads.o
                                                  build/obj/chschd.o
                                                  build/obj/chvt.o
chEvtAddEvents                                    build/obj/chevents.o
chEvtBroadcastFlags                               build/obj/chevents.o
chEvtBroadcastFlagsI                              build/obj/chevents.o
chEvtDispatch                                     build/obj/chevents.o
chEvtGetAndClearEvents                            build/obj/chevents.o
chEvtGetAndClearFlags                             build/obj/chevents.o
chEvtGetAndClearFlagsI                            build/obj/chevents.o
chEvtRegisterMask                                 build/obj/chevents.o
chEvtSignal                                       build/obj/chevents.o
chEvtSignalI                                      build/obj/chevents.o
chEvtUnregister                                   build/obj/chevents.o
chEvtWaitAll                                      build/obj/chevents.o
chEvtWaitAllTimeout                               build/obj/chevents.o
chEvtWaitAny                                      build/obj/chevents.o
chEvtWaitAnyTimeout                               build/obj/chevents.o
chEvtWaitOne                                      build/obj/chevents.o
chEvtWaitOneTimeout                               build/obj/chevents.o
chHeapAlloc                                       build/obj/chheap.o
                                                  build/obj/chdynamic.o
chHeapFree                                        build/obj/chheap.o
                                                  build/obj/chdynamic.o
chHeapInit                                        build/obj/chheap.o
chHeapStatus                                      build/obj/chheap.o
chIQGetTimeout                                    build/obj/chqueues.o
chIQInit                                          build/obj/chqueues.o
chIQPutI                                          build/obj/chqueues.o
chIQReadTimeout                                   build/obj/chqueues.o
chIQResetI                                        build/obj/chqueues.o
chMBFetch                                         build/obj/chmboxes.o
chMBFetchI                                        build/obj/chmboxes.o
chMBFetchS                                        build/obj/chmboxes.o
chMBInit                                          build/obj/chmboxes.o
chMBPost                                          build/obj/chmboxes.o
chMBPostAhead                                     build/obj/chmboxes.o
chMBPostAheadI                                    build/obj/chmboxes.o
chMBPostAheadS                                    build/obj/chmboxes.o
chMBPostI                                         build/obj/chmboxes.o
chMBPostS                                         build/obj/chmboxes.o
chMBReset                                         build/obj/chmboxes.o
chMsgRelease                                      build/obj/chmsg.o
chMsgSend                                         build/obj/chmsg.o
chMsgWait                                         build/obj/chmsg.o
chMtxInit                                         build/obj/chmtx.o
                                                  build/obj/spi.o
                                                  build/obj/chheap.o
chMtxLock                                         build/obj/chmtx.o
                                                  build/obj/spi.o
                                                  build/obj/chheap.o
chMtxLockS                                        build/obj/chmtx.o
                                                  build/obj/chcond.o
chMtxTryLock                                      build/obj/chmtx.o
chMtxTryLockS                                     build/obj/chmtx.o
chMtxUnlock                                       build/obj/chmtx.o
                                                  build/obj/spi.o
                                                  build/obj/chheap.o
chMtxUnlockAll                                    build/obj/chmtx.o
chMtxUnlockS                                      build/obj/chmtx.o
                                                  build/obj/chcond.o
chOQGetI                                          build/obj/chqueues.o
chOQInit                                          build/obj/chqueues.o
chOQPutTimeout                                    build/obj/chqueues.o
chOQResetI                                        build/obj/chqueues.o
chOQWriteTimeout                                  build/obj/chqueues.o
chPoolAlloc                                       build/obj/chmempools.o
                                                  build/obj/chdynamic.o
chPoolAllocI                                      build/obj/chmempools.o
chPoolFree                                        build/obj/chmempools.o
                                                  build/obj/chdynamic.o
chPoolFreeI                                       build/obj/chmempools.o
chPoolInit                                        build/obj/chmempools.o
chPoolLoadArray                                   build/obj/chmempools.o
chRegFirstThread                                  build/obj/chregistry.o
chRegNextThread                                   build/obj/chregistry.o
chSchDoReschedule                                 build/obj/chschd.o
                                                  build/obj/chcore_v7m.o
chSchDoRescheduleAhead                            build/obj/chschd.o
chSchDoRescheduleBehind                           build/obj/chschd.o
                                                  build/obj/chthreads.o
chSchGoSleepS                                     build/obj/chschd.o
                                                  build/obj/spi.o
                                                  build/obj/chmsg.o
                                                  build/obj/chevents.o
                                                  build/obj/chcond.o
                                                  build/obj/chmtx.o
                                                  build/obj/chsem.o
                                                  build/obj/chthreads.o
chSchGoSleepTimeoutS                              build/obj/chschd.o
                                                  build/obj/chqueues.o
                                                  build/obj/chevents.o
                                                  build/obj/chcond.o
                                                  build/obj/chsem.o
                                                  build/obj/chthreads.o
chSchReadyI                                       build/obj/chschd.o
                                                  build/obj/spi_lld.o
                                                  build/obj/chqueues.o
                                                  build/obj/chmsg.o
                                                  build/obj/chevents.o
                                                  build/obj/chcond.o
                                                  build/obj/chmtx.o
                                                  build/obj/chsem.o
                                                  build/obj/chthreads.o
chSchRescheduleS                                  build/obj/chschd.o
                                                  build/obj/chmboxes.o
                                                  build/obj/chevents.o
                                                  build/obj/chcond.o
                                                  build/obj/chmtx.o
                                                  build/obj/chsem.o
                                                  build/obj/chthreads.o
chSchWakeupS                                      build/obj/chschd.o
                                                  build/obj/chmsg.o
                                                  build/obj/chcond.o
                                                  build/obj/chmtx.o
                                                  build/obj/chsem.o
                                                  build/obj/chdynamic.o
                                                  build/obj/chthreads.o
chSemAddCounterI                                  build/obj/chsem.o
chSemInit                                         build/obj/chsem.o
                                                  build/obj/chmboxes.o
chSemReset                                        build/obj/chsem.o
chSemResetI                                       build/obj/chsem.o
                                                  build/obj/chmboxes.o
chSemSignal                                       build/obj/chsem.o
chSemSignalI                                      build/obj/chsem.o
                                                  build/obj/chmboxes.o
chSemSignalWait                                   build/obj/chsem.o
chSemWait                                         build/obj/chsem.o
chSemWaitS                                        build/obj/chsem.o
chSemWaitTimeout                                  build/obj/chsem.o
chSemWaitTimeoutS                                 build/obj/chsem.o
                                                  build/obj/chmboxes.o
chSysInit                                         build/obj/chsys.o
                                                  build/obj/main.o
chSysTimerHandlerI                                build/obj/chsys.o
                                                  build/obj/chcore_v7m.o
chThdAddRef                                       build/obj/chdynamic.o
chThdCreateFromHeap                               build/obj/chdynamic.o
chThdCreateFromMemoryPool                         build/obj/chdynamic.o
chThdCreateI                                      build/obj/chthreads.o
                                                  build/obj/chdynamic.o
chThdCreateStatic                                 build/obj/chthreads.o
                                                  build/obj/chsys.o
chThdExit                                         build/obj/chthreads.o
                                                  build/obj/chcore_v7m.o
chThdExitS                                        build/obj/chthreads.o
chThdRelease                                      build/obj/chdynamic.o
                                                  build/obj/chregistry.o
                                                  build/obj/chthreads.o
chThdResume                                       build/obj/chthreads.o
chThdSetPriority                                  build/obj/chthreads.o
chThdSleep                                        build/obj/chthreads.o
                                                  build/obj/main.o
chThdSleepUntil                                   build/obj/chthreads.o
chThdTerminate                                    build/obj/chthreads.o
chThdWait                                         build/obj/chthreads.o
chThdYield                                        build/obj/chthreads.o
chVTResetI                                        build/obj/chvt.o
                                                  build/obj/chschd.o
chVTSetI                                          build/obj/chvt.o
                                                  build/obj/chschd.o
ch_debug                                          build/obj/chregistry.o
                                                  build/obj/chsys.o
dbg_check_disable                                 build/obj/chdebug.o
dbg_check_enable                                  build/obj/chdebug.o
                                                  build/obj/chsys.o
dbg_check_enter_isr                               build/obj/chdebug.o
                                                  build/obj/stm32_dma.o
                                                  build/obj/chcore_v7m.o
dbg_check_leave_isr                               build/obj/chdebug.o
                                                  build/obj/stm32_dma.o
                                                  build/obj/chcore_v7m.o
dbg_check_lock                                    build/obj/chdebug.o
                                                  build/obj/spi.o
                                                  build/obj/chmempools.o
                                                  build/obj/chmemcore.o
                                                  build/obj/chqueues.o
                                                  build/obj/chmboxes.o
                                                  build/obj/chmsg.o
                                                  build/obj/chevents.o
                                                  build/obj/chcond.o
                                                  build/obj/chmtx.o
                                                  build/obj/chsem.o
                                                  build/obj/chregistry.o
                                                  build/obj/chdynamic.o
                                                  build/obj/chthreads.o
                                                  build/obj/chcore_v7m.o
dbg_check_lock_from_isr                           build/obj/chdebug.o
                                                  build/obj/main.o
                                                  build/obj/spi_lld.o
                                                  build/obj/chschd.o
                                                  build/obj/chsys.o
                                                  build/obj/chcore_v7m.o
dbg_check_suspend                                 build/obj/chdebug.o
dbg_check_unlock                                  build/obj/chdebug.o
                                                  build/obj/spi.o
                                                  build/obj/chmempools.o
                                                  build/obj/chmemcore.o
                                                  build/obj/chqueues.o
                                                  build/obj/chmboxes.o
                                                  build/obj/chmsg.o
                                                  build/obj/chevents.o
                                                  build/obj/chcond.o
                                                  build/obj/chmtx.o
                                                  build/obj/chsem.o
                                                  build/obj/chregistry.o
                                                  build/obj/chdynamic.o
                                                  build/obj/chthreads.o
                                                  build/obj/chcore_v7m.o
dbg_check_unlock_from_isr                         build/obj/chdebug.o
                                                  build/obj/main.o
                                                  build/obj/spi_lld.o
                                                  build/obj/chschd.o
                                                  build/obj/chsys.o
                                                  build/obj/chcore_v7m.o
dbg_isr_cnt                                       build/obj/chdebug.o
dbg_lock_cnt                                      build/obj/chdebug.o
dbg_panic_msg                                     build/obj/chdebug.o
dbg_trace                                         build/obj/chdebug.o
                                                  build/obj/chschd.o
dbg_trace_buffer                                  build/obj/chdebug.o